Godot Engine v4.7.2.stable.official.ed1daf0bf - https://godotengine.org

ERROR: Condition "res != ((HRESULT)0x00000000)" is true. Returning: String()
   at: get_system_dir (platform/windows/os_windows.cpp:2502)
ERROR: Condition "res != ((HRESULT)0x00000000)" is true. Returning: String()
   at: get_system_dir (platform/windows/os_windows.cpp:2502)
ERROR: Call to GetAdaptersAddresses failed with error 5.
   at: get_local_interfaces (drivers/windows/ip_windows.cpp:117)
ERROR: Method/function failed. Returning: ""
   at: get_filesystem_type (drivers/windows/dir_access_windows.cpp:412)
ERROR: Method/function failed. Returning: ""
   at: get_filesystem_type (drivers/windows/dir_access_windows.cpp:412)
ERROR: Condition "res != ((HRESULT)0x00000000)" is true. Returning: String()
   at: get_system_dir (platform/windows/os_windows.cpp:2502)
ERROR: Condition "res != ((HRESULT)0x00000000)" is true. Returning: String()
   at: get_system_dir (platform/windows/os_windows.cpp:2502)
ERROR: Condition "_sock == (SOCKET)(~0)" is true. Returning: FAILED
   at: open (drivers/windows/net_socket_winsock.cpp:238)
ERROR: Condition "err != OK" is true. Returning: ERR_CANT_CREATE
   at: listen (core/io/tcp_server.cpp:56)
[   0% ] [90m[1mfirst_scan_filesystem[22m | Started 项目初始化 (5 steps)[39m[0m
[   0% ] [90m[1mfirst_scan_filesystem[22m | 正在扫描文件结构……[39m[0m
[  16% ] [90m[1mfirst_scan_filesystem[22m | 正在加载全局类名……[39m[0m
[  33% ] [90m[1mfirst_scan_filesystem[22m | 正在校验 GDExtension……[39m[0m
[  50% ] [90m[1mfirst_scan_filesystem[22m | 正在创建自动加载脚本……[39m[0m
[  66% ] [90m[1mfirst_scan_filesystem[22m | 正在初始化插件……[39m[0m
[  83% ] [90m[1mfirst_scan_filesystem[22m | 正在启动文件扫描……[39m[0m
[92m[ DONE ][39m [1mfirst_scan_filesystem[22m
[0m
[   0% ] [90m[1mupdate_scripts_classes[22m | Started 正在注册全局类…… (13 steps)[39m[0m
[   0% ] [90m[1mupdate_scripts_classes[22m | [39m[0m
[   7% ] [90m[1mupdate_scripts_classes[22m | [39m[0m
[  14% ] [90m[1mupdate_scripts_classes[22m | [39m[0m
[  21% ] [90m[1mupdate_scripts_classes[22m | [39m[0m
[  28% ] [90m[1mupdate_scripts_classes[22m | [39m[0m
[  35% ] [90m[1mupdate_scripts_classes[22m | [39m[0m
[  42% ] [90m[1mupdate_scripts_classes[22m | [39m[0m
[  50% ] [90m[1mupdate_scripts_classes[22m | CameraRig[39m[0m
[  57% ] [90m[1mupdate_scripts_classes[22m | PlayerController[39m[0m
[  64% ] [90m[1mupdate_scripts_classes[22m | [39m[0m
[  71% ] [90m[1mupdate_scripts_classes[22m | [39m[0m
[  78% ] [90m[1mupdate_scripts_classes[22m | [39m[0m
[  85% ] [90m[1mupdate_scripts_classes[22m | [39m[0m
[92m[ DONE ][39m [1mupdate_scripts_classes[22m
[0m
[   0% ] [90m[1m_update_scan_actions[22m | Started 正在扫描动作…… (4 steps)[39m[0m
[   0% ] [90m[1m_update_scan_actions[22m | colormap.png[39m[0m
[  20% ] [90m[1m_update_scan_actions[22m | building-small-a.glb[39m[0m
[  40% ] [90m[1m_update_scan_actions[22m | colormap.png[39m[0m
[  60% ] [90m[1m_update_scan_actions[22m | road-straight.glb[39m[0m
[92m[ DONE ][39m [1m_update_scan_actions[22m
[0m
[   0% ] [90m[1mreimport[22m | Started 正在导入或重新导入资产 (4 steps)[39m[0m
[   0% ] [90m[1mreimport[22m | 正在准备重新导入文件……[39m[0m
[  20% ] [90m[1mreimport[22m | 正在准备重新导入文件……[39m[0m
[  40% ] [90m[1mreimport[22m | 正在准备重新导入文件……[39m[0m
[  60% ] [90m[1mreimport[22m | 正在准备重新导入文件……[39m[0m
[   0% ] [90m[1mreimport[22m | 正在执行重新导入的前置操作……[39m[0m
[   0% ] [90m[1mreimport[22m | colormap.png[39m[0m
[  20% ] [90m[1mreimport[22m | colormap.png[39m[0m
[  40% ] [90m[1mreimport[22m | building-small-a.glb[39m[0m
[   0% ] [90m[1mimport[22m | Started 导入场景 (104 steps)[39m[0m
[   0% ] [90m[1mimport[22m | 导入场景中...[39m[0m
[   1% ] [90m[1mimport[22m | 执行自定义脚本...[39m[0m
[  99% ] [90m[1mimport[22m | 保存中...[39m[0m
[92m[ DONE ][39m [1mimport[22m
[0m
[  60% ] [90m[1mreimport[22m | road-straight.glb[39m[0m
[   0% ] [90m[1mimport[22m | Started 导入场景 (104 steps)[39m[0m
[   0% ] [90m[1mimport[22m | 导入场景中...[39m[0m
[   1% ] [90m[1mimport[22m | 执行自定义脚本...[39m[0m
[  99% ] [90m[1mimport[22m | 保存中...[39m[0m
[92m[ DONE ][39m [1mimport[22m
[0m
[  80% ] [90m[1mreimport[22m | 正在结束资产导入……[39m[0m
[92m[ DONE ][39m [1mreimport[22m
[0m
[   0% ] [90m[1mreimport[22m | Started 正在导入或重新导入资产 (4 steps)[39m[0m
[   0% ] [90m[1mreimport[22m | 正在执行重新导入的后置操作……[39m[0m
[92m[ DONE ][39m [1mreimport[22m
[0m
[   0% ] [90m[1msavepack[22m | Started 打包中 (102 steps)[39m[0m
[   1% ] [90m[1msavepack[22m | 正在保存文件：res://.godot/imported/colormap.png-9d4a3237546053c6fa2af3d05abcf73d.ctex[39m[0m
[   1% ] [90m[1msavepack[22m | 正在保存文件：res://addons/kenney-city-building/models/Textures/colormap.png.import[39m[0m
[   3% ] [90m[1msavepack[22m | 正在保存文件：res://.godot/imported/building-small-a.glb-6c39118065d32347b1fd970a69de466a.scn[39m[0m
[   3% ] [90m[1msavepack[22m | 正在保存文件：res://addons/kenney-city-building/models/building-small-a.glb.import[39m[0m
[   6% ] [90m[1msavepack[22m | 正在保存文件：res://addons/kenney-city-building/attribution.json[39m[0m
[   9% ] [90m[1msavepack[22m | 正在保存文件：res://addons/kenney-city-building/module.gdc[39m[0m
[  12% ] [90m[1msavepack[22m | 正在保存文件：res://.godot/exported/133200997/export-2dfd3dfb6d0bea5299fcba1e1e54f4e1-module.scn[39m[0m
[  15% ] [90m[1msavepack[22m | 正在保存文件：res://addons/kenney-city-building/provenance.json[39m[0m
[  18% ] [90m[1msavepack[22m | 正在保存文件：res://.godot/imported/colormap.png-ce28dcf4b6c9f521bb73d3ef909e09fd.ctex[39m[0m
[  18% ] [90m[1msavepack[22m | 正在保存文件：res://addons/kenney-city-road/models/Textures/colormap.png.import[39m[0m
[  21% ] [90m[1msavepack[22m | 正在保存文件：res://.godot/imported/road-straight.glb-26c2f70496cd2c5898609bb44549477b.scn[39m[0m
[  21% ] [90m[1msavepack[22m | 正在保存文件：res://addons/kenney-city-road/models/road-straight.glb.import[39m[0m
[  24% ] [90m[1msavepack[22m | 正在保存文件：res://addons/kenney-city-road/attribution.json[39m[0m
[  27% ] [90m[1msavepack[22m | 正在保存文件：res://addons/kenney-city-road/module.gdc[39m[0m
[  30% ] [90m[1msavepack[22m | 正在保存文件：res://.godot/exported/133200997/export-af6d8dc0ca4b513daff8e21659b9eee8-module.scn[39m[0m
[  33% ] [90m[1msavepack[22m | 正在保存文件：res://addons/kenney-city-road/provenance.json[39m[0m
[  35% ] [90m[1msavepack[22m | 正在保存文件：res://assets/fonts/cjk-0.json[39m[0m
[  38% ] [90m[1msavepack[22m | 正在保存文件：res://assets/fonts/cjk-1.json[39m[0m
[  41% ] [90m[1msavepack[22m | 正在保存文件：res://assets/fonts/font.json[39m[0m
[  44% ] [90m[1msavepack[22m | 正在保存文件：res://assets/ASSET_MANIFEST.json[39m[0m
[  47% ] [90m[1msavepack[22m | 正在保存文件：res://craftmine_shared/base_adapter.gdc[39m[0m
[  50% ] [90m[1msavepack[22m | 正在保存文件：res://craftmine_shared/headless_play_action.gdc[39m[0m
[  52% ] [90m[1msavepack[22m | 正在保存文件：res://craftmine_shared/runtime_bridge.gdc[39m[0m
[  55% ] [90m[1msavepack[22m | 正在保存文件：res://craftmine_shared/scene_mesh_picker.gdc[39m[0m
[  58% ] [90m[1msavepack[22m | 正在保存文件：res://craftmine_shared/state_guard.gdc[39m[0m
[  61% ] [90m[1msavepack[22m | 正在保存文件：res://.godot/exported/133200997/export-5f2d43664cfaf560b28f169500471759-creation.scn[39m[0m
[  64% ] [90m[1msavepack[22m | 正在保存文件：res://scripts/reused/camera_rig.gdc[39m[0m
[  66% ] [90m[1msavepack[22m | 正在保存文件：res://scripts/reused/player_controller.gdc[39m[0m
[  69% ] [90m[1msavepack[22m | 正在保存文件：res://scripts/creation_font.gdc[39m[0m
[  72% ] [90m[1msavepack[22m | 正在保存文件：res://scripts/creation_world.gdc[39m[0m
[  75% ] [90m[1msavepack[22m | 正在保存文件：res://scripts/scene_contract.gdc[39m[0m
[  78% ] [90m[1msavepack[22m | 正在保存文件：res://world/creation.json[39m[0m
[  81% ] [90m[1msavepack[22m | 正在保存文件：res://craftmine.assets.lock.json[39m[0m
[  84% ] [90m[1msavepack[22m | 正在保存文件：res://craftmine.instances.json[39m[0m
[  87% ] [90m[1msavepack[22m | 正在保存文件：res://craftmine_initial_state.json[39m[0m
[  90% ] [90m[1msavepack[22m | 正在保存文件：res://creation-scene.schema.json[39m[0m
[  93% ] [90m[1msavepack[22m | 正在保存文件：res://manifest.json[39m[0m
[  96% ] [90m[1msavepack[22m | 正在保存文件：res://trial_probe.gdc[39m[0m
[  96% ] [90m[1msavepack[22m | 正在保存文件：res://addons/kenney-city-building/module.gd.remap[39m[0m
[  96% ] [90m[1msavepack[22m | 正在保存文件：res://addons/kenney-city-building/module.tscn.remap[39m[0m
[  96% ] [90m[1msavepack[22m | 正在保存文件：res://addons/kenney-city-road/module.gd.remap[39m[0m
[  96% ] [90m[1msavepack[22m | 正在保存文件：res://addons/kenney-city-road/module.tscn.remap[39m[0m
[  96% ] [90m[1msavepack[22m | 正在保存文件：res://craftmine_shared/base_adapter.gd.remap[39m[0m
[  96% ] [90m[1msavepack[22m | 正在保存文件：res://craftmine_shared/headless_play_action.gd.remap[39m[0m
[  96% ] [90m[1msavepack[22m | 正在保存文件：res://craftmine_shared/runtime_bridge.gd.remap[39m[0m
[  96% ] [90m[1msavepack[22m | 正在保存文件：res://craftmine_shared/scene_mesh_picker.gd.remap[39m[0m
[  96% ] [90m[1msavepack[22m | 正在保存文件：res://craftmine_shared/state_guard.gd.remap[39m[0m
[  96% ] [90m[1msavepack[22m | 正在保存文件：res://scenes/creation.tscn.remap[39m[0m
[  96% ] [90m[1msavepack[22m | 正在保存文件：res://scripts/reused/camera_rig.gd.remap[39m[0m
[  96% ] [90m[1msavepack[22m | 正在保存文件：res://scripts/reused/player_controller.gd.remap[39m[0m
[  96% ] [90m[1msavepack[22m | 正在保存文件：res://scripts/creation_font.gd.remap[39m[0m
[  96% ] [90m[1msavepack[22m | 正在保存文件：res://scripts/creation_world.gd.remap[39m[0m
[  96% ] [90m[1msavepack[22m | 正在保存文件：res://scripts/scene_contract.gd.remap[39m[0m
[  96% ] [90m[1msavepack[22m | 正在保存文件：res://trial_probe.gd.remap[39m[0m
[  96% ] [90m[1msavepack[22m | 正在保存文件：res://.godot/global_script_class_cache.cfg[39m[0m
[  96% ] [90m[1msavepack[22m | 正在保存文件：res://.godot/uid_cache.bin[39m[0m
[  96% ] [90m[1msavepack[22m | 正在保存文件：res://project.binary[39m[0m
[92m[ DONE ][39m [1msavepack[22m
[0m
ERROR: Condition "_sock == (SOCKET)(~0)" is true. Returning: FAILED
   at: open (drivers/windows/net_socket_winsock.cpp:238)
ERROR: Condition "err != OK" is true. Returning: ERR_CANT_CREATE
   at: listen (core/io/tcp_server.cpp:56)
