===== STDOUT =====
PASS  engine.version  (4.7.2.stable.official.ed1daf0bf)
FAIL  project.importClean
PASS  gate.singleJumpBlocked  (margin=53.889)
PASS  gate.doubleJumpPasses  (margin=59.889)
PASS  guard.playerPositionWritesOnlyInPlaceAt  ([{"func":"place_at","line":304,"text":"position = point"}])
PASS  guard.verifierCannotWriteState
PASS  guard.placeAtCallSites  ([{"file":"scripts/player/side_view_player.gd","line":295},{"file":"scripts/world/room_manager.gd","line":135}])
PASS  A.exit0  (exit=0)
PASS  A.traceWritten  (C:\Users\WINDOWS\AppData\Local\Temp\craftmine-side-view-acceptance\2026-09-09T18-46-18-002Z\runs\A_reach_ruins.json)
PASS  A.noTeleportX  (max dx/tick=4.334)
PASS  A.noTeleportY  (max dy/tick=11.739)
PASS  A.roomIsRuins  (ruins)
PASS  A.checkpointActive  (cp_ruins)
PASS  A.cacheRewardCollected  ({"reward_ruins_cache":true})
PASS  A.coinsFromCache  ({"coins":5})
PASS  A.noAbilityYet  ({})
PASS  A.doorUsed  (door_used event)
PASS  B.exit0  (exit=0)
PASS  B.traceWritten  (C:\Users\WINDOWS\AppData\Local\Temp\craftmine-side-view-acceptance\2026-09-09T18-46-18-002Z\runs\B_gate_locked.json)
PASS  B.noTeleportX  (max dx/tick=4.333)
PASS  B.noTeleportY  (max dy/tick=11.667)
PASS  B.neverEnteredVault  (room_entered vault)
PASS  B.noVaultDoor  (door_used vault)
PASS  B.noAbility  ({})
PASS  B.neverAboveLedgeTop  (highest feet y=298.00 (ledge top 250))
PASS  C.exit0  (exit=0)
PASS  C.traceWritten  (C:\Users\WINDOWS\AppData\Local\Temp\craftmine-side-view-acceptance\2026-09-09T18-46-18-002Z\runs\C_get_ability.json)
PASS  C.noTeleportX  (max dx/tick=4.334)
PASS  C.noTeleportY  (max dy/tick=11.668)
PASS  C.abilityGained  (ability_gained event)
PASS  C.abilityFromPickup  ({"abilityId":"double_jump","source":"pickup","x":490,"y":330})
PASS  C.abilityPersisted  ({"double_jump":true})
PASS  C.saveFileHasAbility  ({"double_jump":true})
PASS  C.gainedOnPlatform  (y=329.9)
PASS  D.exit0  (exit=0)
PASS  D.traceWritten  (C:\Users\WINDOWS\AppData\Local\Temp\craftmine-side-view-acceptance\2026-09-09T18-46-18-002Z\runs\D_enter_vault.json)
PASS  D.noTeleportX  (max dx/tick=4.333)
PASS  D.noTeleportY  (max dy/tick=10.667)
PASS  D.bootLoadedSave  ({"loadError":"","loaded":true,"recoveredFromBackup":false,"stateVersion":1,"worldId":"ruins"})
PASS  D.abilitySurvivedRestart  (doubleJumpUnlocked=true)
PASS  D.enteredVault  (room_entered vault)
PASS  D.usedDoubleJump  (double jump event)
PASS  D.roseAboveLedge  (highest feet y=202.26 (ledge top 250))
PASS  D.vaultOnlyAfterUnlock  (ability tick=57 (previous process), vault tick=52 (this process))
PASS  E.exit0  (exit=0)
PASS  E.traceWritten  (C:\Users\WINDOWS\AppData\Local\Temp\craftmine-side-view-acceptance\2026-09-09T18-46-18-002Z\runs\E_revisit.json)
PASS  E.noTeleportX  (max dx/tick=4.333)
PASS  E.noTeleportY  (max dy/tick=13.500)
PASS  E.abilityKept  ({"double_jump":true})
PASS  E.coinsUnchanged  (15 -> 15)
PASS  E.noDuplicateRewards  (0 reward events on the return trip)
PASS  E.revisitedRooms  ({"entrance":{"entries":2,"visited":true},"ruins":{"entries":4,"visited":true},"vault":{"entries":2,"visited":true}})
PASS  E.checkpointKept  (cp_ruins)
PASS  F.exit0  (exit=0)
PASS  F.traceWritten  (C:\Users\WINDOWS\AppData\Local\Temp\craftmine-side-view-acceptance\2026-09-09T18-46-18-002Z\runs\F_hazard_respawn.json)
PASS  F.noTeleportX  (max dx/tick=4.333)
PASS  F.noTeleportY  (max dy/tick=5.000)
PASS  F.diedOnHazard  ({"cause":"hazard:spikes_entrance"})
PASS  F.respawnedAtCheckpoint  ({"checkpointId":"cp_entrance","x":200,"y":320})
PASS  F.checkpointSaved  (cp_entrance)
PASS  F.deathCounted  ({"deaths":4})
PASS  G.exit0  (exit=0)
PASS  G.traceWritten  (C:\Users\WINDOWS\AppData\Local\Temp\craftmine-side-view-acceptance\2026-09-09T18-46-18-002Z\runs\G_blank_basic.json)
PASS  G.noTeleportX  (max dx/tick=4.333)
PASS  G.noTeleportY  (max dy/tick=11.668)
PASS  G.jumped  (ground jump)
PASS  G.attacked  (attack_started)
PASS  G.noRewards  ({})
PASS  G.noCoins  ({})
PASS  G.noCheckpoints  ({"activated":{},"active":""})
PASS  G.noAbilityInBlank  ({})
PASS  I.exit0  (exit=0)
PASS  I.traceWritten  (C:\Users\WINDOWS\AppData\Local\Temp\craftmine-side-view-acceptance\2026-09-09T18-46-18-002Z\runs\I_gate_guard.json)
PASS  I.noTeleportX  (max dx/tick=0.000)
PASS  I.noTeleportY  (max dy/tick=0.000)
PASS  I.gateProbeRan  ({"playerRoom":"entrance","roomAfter":"entrance","targetRoom":"vault"})
PASS  I.gateBlocked  ([{"data":{"fromRoom":"entrance","requiredAbility":"double_jump","targetRoom":"vault"},"name":"gate_blocked","tick":10}])
PASS  I.stayedOutOfVault  ({"playerRoom":"entrance","roomAfter":"entrance","targetRoom":"vault"})
PASS  I.noAbility  ({})
PASS  H.materializeExits0
PASS  H.materializeReceipt  (MATERIALIZED.json)
PASS  H.materializeDefaultPointer  (worlds/default.json)
PASS  H.materializedImportClean
PASS  H.exit0  (exit=0)
PASS  H.traceWritten  (C:\Users\WINDOWS\AppData\Local\Temp\craftmine-side-view-acceptance\2026-09-09T18-46-18-002Z\runs\H_materialized.json)
PASS  H.noTeleportX  (max dx/tick=4.334)
PASS  H.noTeleportY  (max dy/tick=11.739)
PASS  H.materializedReachesRuins  (room_entered ruins)
PASS  H.materializedEntryScene  (side-view)

88/89 checks passed
report: C:\Users\WINDOWS\AppData\Local\Temp\craftmine-side-view-acceptance\2026-09-09T18-46-18-002Z\verify-report.json
run root: C:\Users\WINDOWS\AppData\Local\Temp\craftmine-side-view-acceptance\2026-09-09T18-46-18-002Z

===== STDERR =====
SIDE_VIEW_ACCEPTANCE_FAILED (1)

===== EXIT CODE: 1 =====
