node:internal/modules/cjs/loader:1456
  const err = new Error(message);
              ^

Error: Cannot find module 'esbuild'
Require stack:
- D:\Craftmine World\vendor\pi-desktop\packages\agent-runtime\package.json
    at Module._resolveFilename (node:internal/modules/cjs/loader:1456:15)
    at defaultResolveImpl (node:internal/modules/cjs/loader:1066:19)
    at resolveForCJSWithHooks (node:internal/modules/cjs/loader:1071:22)
    at Module._load (node:internal/modules/cjs/loader:1242:25)
    at wrapModuleLoad (node:internal/modules/cjs/loader:255:19)
    at Module.require (node:internal/modules/cjs/loader:1556:12)
    at require (node:internal/modules/helpers:152:16)
    at file:///D:/Craftmine%20World/test-results/worktrees/godot-cycle03/tests/godot-project-tools.mjs:13:15
    at ModuleJob.run (node:internal/modules/esm/module_job:430:25)
    at async onImport.tracePromise.__proto__ (node:internal/modules/esm/loader:661:26) {
  code: 'MODULE_NOT_FOUND',
  requireStack: [
    'D:\\Craftmine World\\vendor\\pi-desktop\\packages\\agent-runtime\\package.json'
  ]
}

Node.js v24.14.0
✖ tests\godot-project-tools.mjs (90.6032ms)
ℹ tests 1
ℹ suites 0
ℹ pass 0
ℹ fail 1
ℹ cancelled 0
ℹ skipped 0
ℹ todo 0
ℹ duration_ms 95.487

✖ failing tests:

test at tests\godot-project-tools.mjs:1:1
✖ tests\godot-project-tools.mjs (90.6032ms)
  'test failed'
