   Compiling craftmine-core v0.1.0 (D:\cm-fb-p1-20260910\vendor\pi-desktop\crates\craftmine-core)
warning: unused import: `load_manifest`
  --> crates\craftmine-core\src\godot_builds.rs:21:22
   |
21 |     godot_projects::{load_manifest, ordinary, valid_hash, Manifest},
   |                      ^^^^^^^^^^^^^
   |
   = note: `#[warn(unused_imports)]` (part of `#[warn(unused)]`) on by default

warning: variable does not need to be mutable
   --> crates\craftmine-core\src\content_history\migration_tests.rs:142:9
    |
142 |     let mut fixture = fixture(&[(0, "scenes/a.tscn", "[gd_scene]\n"), (1, "scenes/a.tscn", "[gd_scene name=\"a\"]\n")])?;
    |         ----^^^^^^^
    |         |
    |         help: remove this `mut`
    |
    = note: `#[warn(unused_mut)]` (part of `#[warn(unused)]`) on by default

warning: field `claim_owner` is never read
  --> crates\craftmine-core\src\asset_catalog\preview.rs:95:5
   |
88 | struct PreviewState {
   |        ------------ field in this struct
...
95 |     claim_owner: String,
   |     ^^^^^^^^^^^
   |
   = note: `#[warn(dead_code)]` (part of `#[warn(unused)]`) on by default

warning: method `content_files` is never used
   --> crates\craftmine-core\src\content.rs:618:19
    |
236 | impl TaskJournal {
    | ---------------- method in this implementation
...
618 |     pub(crate) fn content_files(
    |                   ^^^^^^^^^^^^^

warning: constant `REPOSITORY_FORMAT` is never used
  --> crates\craftmine-core\src\content_history\migration.rs:30:11
   |
30 | pub const REPOSITORY_FORMAT: &str = "craftmine.content-repository/1";
   |           ^^^^^^^^^^^^^^^^^

warning: method `as_str` is never used
  --> crates\craftmine-core\src\content_history\migration.rs:42:8
   |
41 | impl ContentBackend {
   | ------------------- method in this implementation
42 |     fn as_str(self) -> &'static str {
   |        ^^^^^^

warning: method `root` is never used
   --> crates\craftmine-core\src\content_history\repo.rs:211:12
    |
198 | impl RepositoryStore {
    | -------------------- method in this implementation
...
211 |     pub fn root(&self) -> &Path {
    |            ^^^^

warning: function `blob_read` is never used
   --> crates\craftmine-core\src\godot_projects.rs:363:15
    |
363 | pub(super) fn blob_read(directory: &Path, world: &str, entry: &FileEntry) -> Result<String> {
    |               ^^^^^^^^^

warning: function `reconcile_git_head` is never used
   --> crates\craftmine-core\src\godot_projects.rs:541:4
    |
541 | fn reconcile_git_head(
    |    ^^^^^^^^^^^^^^^^^^

warning: methods `project_manifest` and `project_is_git_backed` are never used
   --> crates\craftmine-core\src\godot_projects.rs:754:19
    |
727 | impl TaskJournal {
    | ---------------- methods in this implementation
...
754 |     pub(super) fn project_manifest(
    |                   ^^^^^^^^^^^^^^^^
...
878 |     pub(super) fn project_is_git_backed(&self, world: &str) -> Result<bool> {
    |                   ^^^^^^^^^^^^^^^^^^^^^

warning: function `VECTORS_JSON` should have a snake case name
   --> crates\craftmine-core\src\content_history\contract_vectors_tests.rs:113:4
    |
113 | fn VECTORS_JSON() -> Result<Value> {
    |    ^^^^^^^^^^^^ help: convert the identifier to snake case: `vectors_json`
    |
    = note: `#[warn(non_snake_case)]` (part of `#[warn(nonstandard_style)]`) on by default

warning: `craftmine-core` (lib test) generated 11 warnings (run `cargo fix --lib -p craftmine-core --tests` to apply 2 suggestions)
    Finished `test` profile [unoptimized] target(s) in 13.89s
     Running unittests src\lib.rs (D:/cm-fb-p1-20260910/test-results/cargo-target\debug\deps\craftmine_core-45a9dad4a224efad.exe)

running 13 tests
test godot_worlds::tests::initialize_creates_a_recoverable_record_and_never_declares_a_playable_world ... ok
test godot_worlds::tests::first_launch_failure_rejects_wrong_identity_unsettled_stale_and_applied_attempts ... ok
test godot_worlds::tests::backup_descriptor_verifies_the_live_store_and_detects_tampering ... ok
test godot_worlds::tests::only_a_real_verified_application_confirms_initialization ... ok
test godot_worlds::tests::initialization_path_failure_is_hash_checked_finite_and_persistent ... ok
test godot_worlds::tests::a_failed_initialization_keeps_a_recoverable_record_and_can_be_retried ... ok
test godot_worlds::tests::first_launch_failure_does_not_attach_to_a_new_checked_candidate ... ok
test godot_worlds::tests::first_launch_failure_survives_restart_and_explicit_retry_tombstones_old_delivery ... ok
test godot_worlds::tests::first_launch_failure_archive_roundtrip_keeps_failure_and_accepts_older_absent_table ... ok
test godot_worlds::tests::copying_a_formal_world_keeps_identity_separate_and_can_start_from_initial_state ... ok
test godot_worlds::tests::a_git_backed_world_can_be_copied_and_described_from_its_commit ... ok
test godot_worlds::tests::portable_restore_rebuilds_applied_source_without_losing_progress_or_drafts ... ok
test godot_worlds::tests::copied_runtime_rebind_is_exact_persistent_and_requires_independent_application ... ok

test result: ok. 13 passed; 0 failed; 0 ignored; 0 measured; 282 filtered out; finished in 10.24s

