Godot Engine v4.7.2.stable.official.ed1daf0bf - https://godotengine.org

[   0% ] [90m[1mfirst_scan_filesystem[22m | Started 项目初始化 (5 steps)[39m[0m
[   0% ] [90m[1mfirst_scan_filesystem[22m | 正在扫描文件结构……[39m[0m
[  16% ] [90m[1mfirst_scan_filesystem[22m | 正在加载全局类名……[39m[0m
[  33% ] [90m[1mfirst_scan_filesystem[22m | 正在校验 GDExtension……[39m[0m
[  50% ] [90m[1mfirst_scan_filesystem[22m | 正在创建自动加载脚本……[39m[0m
[  66% ] [90m[1mfirst_scan_filesystem[22m | 正在初始化插件……[39m[0m
[  83% ] [90m[1mfirst_scan_filesystem[22m | 正在启动文件扫描……[39m[0m
[92m[ DONE ][39m [1mfirst_scan_filesystem[22m
[0m
[   0% ] [90m[1mupdate_scripts_classes[22m | Started 正在注册全局类…… (17 steps)[39m[0m
[   0% ] [90m[1mupdate_scripts_classes[22m | BaseContract[39m[0m
[   5% ] [90m[1mupdate_scripts_classes[22m | DirectionalSprite[39m[0m
[  11% ] [90m[1mupdate_scripts_classes[22m | DoorZone[39m[0m
[  16% ] [90m[1mupdate_scripts_classes[22m | [39m[0m
[  22% ] [90m[1mupdate_scripts_classes[22m | GatherZone[39m[0m
[  27% ] [90m[1mupdate_scripts_classes[22m | Interactable[39m[0m
[  33% ] [90m[1mupdate_scripts_classes[22m | MapRenderer[39m[0m
[  38% ] [90m[1mupdate_scripts_classes[22m | Npc[39m[0m
[  44% ] [90m[1mupdate_scripts_classes[22m | TopDownPlayer[39m[0m
[  50% ] [90m[1mupdate_scripts_classes[22m | Probe[39m[0m
[  55% ] [90m[1mupdate_scripts_classes[22m | QuestManager[39m[0m
[  61% ] [90m[1mupdate_scripts_classes[22m | SaveSystem[39m[0m
[  66% ] [90m[1mupdate_scripts_classes[22m | Shop[39m[0m
[  72% ] [90m[1mupdate_scripts_classes[22m | SpawnMarker[39m[0m
[  77% ] [90m[1mupdate_scripts_classes[22m | WorldRoot[39m[0m
[  83% ] [90m[1mupdate_scripts_classes[22m | WorldState[39m[0m
[  88% ] [90m[1mupdate_scripts_classes[22m | TopDownZone[39m[0m
[92m[ DONE ][39m [1mupdate_scripts_classes[22m
[0m
[   0% ] [90m[1m_update_scan_actions[22m | Started 正在扫描动作…… (5 steps)[39m[0m
[   0% ] [90m[1m_update_scan_actions[22m | npc_sheet.png[39m[0m
[  16% ] [90m[1m_update_scan_actions[22m | player_sheet.png[39m[0m
[  33% ] [90m[1m_update_scan_actions[22m | shopkeeper_sheet.png[39m[0m
[  50% ] [90m[1m_update_scan_actions[22m | town_tiles.png[39m[0m
[  66% ] [90m[1m_update_scan_actions[22m | icon.svg[39m[0m
[92m[ DONE ][39m [1m_update_scan_actions[22m
[0m
[   0% ] [90m[1mreimport[22m | Started 正在导入或重新导入资产 (5 steps)[39m[0m
[   0% ] [90m[1mreimport[22m | 正在准备重新导入文件……[39m[0m
[  16% ] [90m[1mreimport[22m | 正在准备重新导入文件……[39m[0m
[  33% ] [90m[1mreimport[22m | 正在准备重新导入文件……[39m[0m
[  50% ] [90m[1mreimport[22m | 正在准备重新导入文件……[39m[0m
[  66% ] [90m[1mreimport[22m | 正在准备重新导入文件……[39m[0m
[   0% ] [90m[1mreimport[22m | 正在执行重新导入的前置操作……[39m[0m
[   0% ] [90m[1mreimport[22m | npc_sheet.png[39m[0m
[  16% ] [90m[1mreimport[22m | player_sheet.png[39m[0m
[  33% ] [90m[1mreimport[22m | shopkeeper_sheet.png[39m[0m
[  50% ] [90m[1mreimport[22m | town_tiles.png[39m[0m
[  66% ] [90m[1mreimport[22m | icon.svg[39m[0m
[  83% ] [90m[1mreimport[22m | 正在结束资产导入……[39m[0m
[92m[ DONE ][39m [1mreimport[22m
[0m
[   0% ] [90m[1mreimport[22m | Started 正在导入或重新导入资产 (5 steps)[39m[0m
[   0% ] [90m[1mreimport[22m | 正在执行重新导入的后置操作……[39m[0m
[92m[ DONE ][39m [1mreimport[22m
[0m
[   0% ] [90m[1mloading_editor_layout[22m | Started 正在加载编辑器 (5 steps)[39m[0m
[   0% ] [90m[1mloading_editor_layout[22m | 正在加载编辑器布局……[39m[0m
[  16% ] [90m[1mloading_editor_layout[22m | 正在加载停靠面板……[39m[0m
[92m[ DONE ][39m [1mloading_editor_layout[22m
[0m
