
> craftmine-world@0.8.0 test
> node --test tests/core.test.mjs tests/modules.test.mjs tests/behavior.test.mjs tests/creation.test.mjs tests/agent.test.mjs tests/review.test.mjs tests/context.test.mjs tests/assets.test.mjs tests/asset-world.test.mjs tests/asset-packages.test.mjs tests/world-capabilities.test.mjs tests/harness-model.test.mjs tests/harness-workspace.test.mjs tests/harness-capabilities.test.mjs tests/harness-acceptance.test.mjs tests/resource-system.test.mjs tests/state-migration.test.mjs tests/object-rotation.test.mjs tests/harness-loop.test.mjs tests/object-tween.test.mjs tests/static-files.test.mjs tests/feedback.test.mjs tests/judge.test.mjs tests/render-extension.test.mjs tests/kernel.test.mjs tests/extension.test.mjs tests/provider-contract.test.mjs tests/memory-records.test.mjs tests/context-budget.test.mjs tests/checkpoint.test.mjs tests/selfcheck.test.mjs tests/harness-task-tools.test.mjs tests/extension-dispatch.test.mjs tests/harness-resume.test.mjs tests/extension-author.test.mjs tests/desktop-domain.test.mjs

✔ 格式错误进入有限修复，失败原文保留，只有通过的结果形成候选 (88.0435ms)
✔ 修复仍以原始选中范围校验，不能把越界修改当成新基准 (134.1381ms)
✔ 持续无效输出最多三次尝试，保留所有失败记录且不生成候选 (89.4095ms)
✔ 修复中取消会阻止迟到的成功结果成为候选，也不会继续下一次 (90.8975ms)
✔ 全部尝试共用总时限，超时终止当前生成并停止修复 (240.9182ms)
✔ 模型连接失败不消耗自动改写次数，运行中断的记录重启后明确标记 (46.6981ms)
✔ 不兼容状态在后台运行前形成进度诊断，不清空既有开门状态 (391.9723ms)
✔ 完整存档只打包实际使用的固定版本，第二项目候选与应用可恢复同一构建 (316.1389ms)
✔ 对象及完整创作包带原始资源，模块内容与旧版本保持不可变 (90.8346ms)
✔ 缺失、重复、多余素材与篡改包在登记文件或候选前拒绝 (65.7997ms)
✔ 同一素材版本的有效但不同内容无法覆盖已有文件，包内其他新素材也不登记 (56.7357ms)
✔ 导入保存失败不提前提交项目索引，旧场景与进度保持原样 (56.7215ms)
✔ 旧存档及旧模块仍原样导出，缺失原始文件可由完整包恢复 (66.1532ms)
✔ 外观进入确定性构建与模型传输，升级不会把其他对象标为更改 (200.2494ms)
✔ 素材版本固定、缺失和哈希错误拒绝构建，缺失版本能从原包恢复 (39.6088ms)
✔ 外观变换保持比例、旋转中心与声明边界，玩法偏移也检查外观边界 (17.0377ms)
✔ 外观随着对象位移和显隐材质状态更新，碰撞定义与源码版本保留 (39.4642ms)
✔ 对象和完整创作记忆保留固定外观，复用旧版本不随素材新版改变 (111.6555ms)
✔ 世界素材不能缺份、重复携带或超过累计纹理预算 (254.8168ms)
✔ 带外观世界仍能安装旧对象和旧创作，并切回不含素材的历史创作版本 (80.9819ms)
✔ 外观低于或大于碰撞范围时，记忆校验和新实例放置使用完整外观边界 (58.9421ms)
✔ GLB 实际索引网格、节点层级、负缩放和非均匀缩放保留几何与朝向 (4.0974ms)
✔ 交错顶点、内嵌贴图、UV 和颜色从 GLB 原数据读取 (1.8562ms)
✔ 三角带和三角扇转换保持一致的面朝向，归一化顶点颜色正确展开 (1.2047ms)
✔ 稀疏访问器叠加到默认零数据，不接受重复或越界的稀疏索引 (1.0276ms)
✔ 坏头、缓冲区越界、循环、外部文件和未支持的动画与压缩明确拒绝 (1.8975ms)
✔ 巨大计数在分配前拒绝，重复实例计算累计三角面预算 (3.4396ms)
✔ 图片格式与解压尺寸预检，过大文件和伪装图片不能进入导入流程 (0.8477ms)
✔ 素材固定身份和版本，篡改及同版本冲突不能覆盖历史文件 (35.4051ms)
✔ 不同玩法源码保存在产物中，构建可复核且不会执行源码 (322.8361ms)
✔ 源码随场景构建保存，模型传输可往返，来源对象和写权限唯一 (3.1266ms)
✔ 选中对象允许它自己的代码，拒绝另一个对象和全局运动权限 (0.434ms)
✔ 完整命令批次先校验后提交，真实对象几何与碰撞一起变化 (1.7244ms)
✔ 状态和对象偏移跨存档及参数修改保留，不兼容状态版本拒绝载入 (1.6384ms)
✔ 库存不足拒绝整步操作，包括同一步的对象变化和模块状态 (0.4806ms)
✔ 保留旧玩法偏移后若与新增实体重叠，拒绝恢复；已摧毁目标不阻挡 (0.7977ms)
✔ 语法错误、超大源码和未知权限在候选构建前拒绝 (120.7518ms)
✔ 状态必须可保存，限制体积、递归、非 JSON 类型与污染字段 (0.3374ms)
✔ 上下文校验拒绝无效事件和伪造玩家数据 (0.3435ms)
✔ 只有已授权且仍存在的对象能被修改，整批校验后才返回 (0.2386ms)
✔ 受控命令拒绝越权、越界、超大冲量、伪造命令和洪泛 (0.2185ms)
✔ 检查点只装机器事实：缺一项就不许创建 (0.8553ms)
✔ 压缩计划把旧事件转成解释、保留最近完整步骤，并列出必须保留的引用 (0.5875ms)
✔ 压缩事务：摘要缺引用或被打断就拒绝替换，保留旧检查点 (1.0015ms)
✔ 重启后核对：未闭合的压缩不算成功，以磁盘上的 manifest 为准 (0.3919ms)
✔ Token 估算区分中英文，并且明确标注是估算 (0.7107ms)
✔ 预算公式：预留输出、工具和误差之后才是可用输入 (0.323ms)
✔ 分配：必保留内容优先；必保留都装不下时必须分块，不能硬塞 (0.9611ms)
✔ 阈值决定动作：软阈值去重，压缩阈值压缩，并用后端回报校准估算 (0.5473ms)
✔ 只有应用成功的需求进入项目记忆，长对话和任务裁剪后仍能检索来源 (291.4842ms)
✔ 方向可编辑并校验版本、范围和大小，错误编辑不会覆盖草稿基准或世界 (10.874ms)
✔ 约定保留对象范围，历史请求按相关性检索且不把过去的内容当作当前场景 (1.2541ms)
✔ 运行问题只读取当前源码版本的已保存错误，错误文字保持为数据 (185.1622ms)
✔ 自动保留的需求有明确上限，长期方向和约定不随需求记录淘汰 (0.6789ms)
✔ 每轮读取的方向有独立产物，运行中编辑只影响下一次需求 (148.3902ms)
✔ 旧项目升级只添加上下文并留备份，不触碰世界、候选、进度与已有记录 (72.1691ms)
✔ 空白起点没有预置对象，编译结果确定 (1.7924ms)
✔ 选中对象的修改不能覆盖世界环境或其他对象 (0.5805ms)
✔ 通用长方体内容被编译为带对象身份的三维格子 (0.2929ms)
✔ 拒绝脚本、未知字段和不支持的材质 (0.1583ms)
✔ 拒绝重复对象身份、跨对象覆盖和超出地面的内容 (0.3641ms)
✔ 限制生成资源规模和进度格式 (3.824ms)
✔ 候选隔离，应用时保存最新位置，回退也保留当前位置 (49.0516ms)
✔ 过期候选、旧页面保存和重复提交均被拒绝 (30.9249ms)
✔ 加载失败中止事务，旧版本、最新存档和候选均保留 (30.2962ms)
✔ 服务重启恢复未提交事务，未完成任务不会成为已应用版本 (37.1524ms)
✔ 写入失败不会提前改变内存中的已应用版本 (29.0491ms)
✔ 导入完整存档先形成候选，明确恢复文件中的位置 (27.0725ms)
✔ 篡改过的构建被拒绝，原型数据没有混入新项目 (9.2582ms)
✔ 作品记忆保存扩展依赖，安装只接受目标世界已装载的准确版本 (179.9405ms)
✔ 创作模板保存原始源码、参数与显式对象映射，放到新位置不替换字符串 (1.5316ms)
✔ 创建的副本再次捕获时内容相同，不因位置和新实例 ID 产生新版本 (0.5542ms)
✔ 新版新增角色不会占用保留角色的身份，改变排序也保留身份 (9.8011ms)
✔ 实例只转换现场和命令：原始对象 ID 与同名外部对象不会冲突 (1.8123ms)
✔ 本地坐标可表达远处玩家，但转换后的命令仍受真实世界边界限制 (0.709ms)
✔ 声明的系统依赖与实例对象关系都要经过构建校验 (1.2009ms)
✔ 一个相关对象上的多个规则作为同一个创作保存；独立规则分开 (107.5815ms)
✔ 放置完整创作不改变已有对象，新对象和行为都有独立身份 (99.6829ms)
✔ 卸载与恢复不仅保留源码状态，也保留对象生命值和库存 (2.8912ms)
✔ format-1 imports verify original order before upgrading the playable copy (3.3048ms)
✔ 提议扩展的提示词把宿主原子效果、真实目标 ID 和反造假要求都写清楚 (2.7942ms)
✔ 提议解析：只接受通过格式校验的扩展包，坏包显式报错 (1.3546ms)
✔ 提议循环：第一次不合格就把宿主的拒绝理由回灌给模型重写 (1.5756ms)
✔ 提议循环会把沙箱自带测试的失败原因回灌给模型重写 (1.0625ms)
✔ 扩展不能发明新效果：非宿主原子效果被拒绝 (1.1645ms)
✔ 已装载扩展参与草稿编译：声明 ext: 依赖的模块能改，卸载后显式失败 (269.097ms)
✔ 扩展目录带着命令字段一起给模型看，模型才知道怎么调用 (0.4052ms)
✔ 玩法发出的扩展命令会被派发到扩展沙箱，产出的内核效果落到世界 (128.5625ms)
✔ 扩展状态跨步累积，不会每步重置 (1.764ms)
✔ 没有装载扩展时，同一条命令仍然被拒绝，错误不会变模糊 (2.4349ms)
✔ 权限与依赖两道门都必须过：缺依赖或缺权限都不许发出扩展命令 (1.3731ms)
✔ 扩展越权产出的效果被宿主拒绝，模块随即停止并留下可读错误 (0.7342ms)
✔ 扩展格式：合法的吸血扩展通过校验，并能生成目录 (2.9091ms)
✔ 扩展不能越权：格式、命令名、权限、自带测试都要合规 (1.2643ms)
✔ 效果校验复用内核规则：越权或未声明的目标一律拒绝 (1.0785ms)
✔ 自带测试必须真的能跑，并且对空实现变红 (1.853ms)
✔ 自带测试造假的扩展必须被拒：对空实现也通过的测试证明不了任何事 (1.3672ms)
✔ 装载前必须过冻结回归；回归失败一律拒绝 (2.5491ms)
✔ 注册表：启用、依赖、历史回退、卸载语义都必须是显式的 (3.2268ms)
✔ 命令名冲突在装载前就被发现，不会等到运行期 (0.8255ms)
✔ 世界模型落地：原子效果真的改变可观察事实 (0.3063ms)
✔ 没有对抗评审就不允许进入候选状态；评审的阻断意见是建议，不阻止装载 (1.318ms)
✔ 玩法模块可以声明扩展依赖：装载了才通过，卸载后显式失败 (105.3635ms)
✔ 自带测试的轨迹真的算出变化字段，change 断言才有意义 (0.7578ms)
✔ 沙箱代理把载荷原样传给页面函数（page.evaluate 的第一个参数就是值） (3.1236ms)
✔ 沙箱已经关闭时释放失败不会变成未处理拒绝（真实端到端曾因此让服务退出） (0.4845ms)
✔ 飘字支持色调和停留时长，非法值被拒绝 (2.2064ms)
✔ 音效表扩充到十四个内置音，音量限制在 0 到 1 (1.0677ms)
✔ 色调、时长和音量随效果传给运行时 (117.4336ms)
✔ 能力目录从契约派生音效和色调列表，不会和实现漂移 (0.6199ms)
✔ 世界快照把对象排序、补默认值，只保留可观察事实 (7.0166ms)
✔ 可观测变化区分位置、模型、血量、可见、背包、面板和效果 (2.6593ms)
✔ 没有声明按键的模块跳过按键验收 (0.1145ms)
✔ 按键只产生命令但世界没变，验收必须失败并指出真正原因 (0.2644ms)
✔ 按键真的改变世界就通过，按键没有产生命令也要失败 (0.3677ms)
✔ 刷新怪物回归：命令有效但已死目标没有重建模型，验收判失败 (0.279ms)
✔ 命令级验收：位置补丁必须真的把对象移动到目标 (0.6728ms)
✔ 命令级验收：本来就没有变化的补丁不产生断言 (0.2094ms)
✔ 命令级验收：对已死亡目标用可见补丁不会通过，必须真的重建模型 (0.2856ms)
✔ 命令级验收：复活、物品和面板按期望值检查，已经满足的情况不误判 (1.4957ms)
✔ 命令级验收：一条失败就整体失败，并给出是哪条命令没生效 (0.2565ms)
✔ 任务指标从日志派生：首次通过、修复通过、失败分类和耗时 (0.2874ms)
✔ 指标汇总给出成功率与耗时分布，空输入不编造数字 (0.4311ms)
✔ 能力目录的命令集合与运行契约说明严格一致，不能出现目录之外的动词 (1.8245ms)
✔ 目录覆盖全部权限，事件与按键列表来自运行契约 (0.2978ms)
✔ 玩法系统、材质、形状和上限都从实现派生 (0.3108ms)
✔ 目录返回副本，模型读到的内容不会反向污染宿主事实 (0.1781ms)
✔ 给模型看的文本列出真实命令、配额和按键，不解释立场 (0.4576ms)
✔ 分步闭环：查询、读取、局部修改、构建候选后正常结束 (68.7469ms)
✔ 非法动作不崩：坏 JSON 与未知工具回灌后可继续并最终结束 (57.5707ms)
✔ 未成功构建候选前不能结束，草稿在构建后又变化时必须重新构建 (121.6005ms)
✔ 预算耗尽返回 budget，且不生成候选、草稿保持原样 (37.4088ms)
✔ 取消后返回 cancelled，草稿保留且不再执行新动作 (30.3165ms)
✔ 工具执行报错变成可读结果回灌，不抛出且草稿不变 (48.6438ms)
✔ 未先读取就补丁：返回 READ_CONFLICT，草稿未变 (41.5263ms)
✔ decideAction 复用现有 provider 分发，actionPrompt 带齐事实 (1.9129ms)
✔ 构造参数与状态快照受校验，预算字段不合法直接拒绝 (24.4506ms)
✔ agent 新路径默认关闭，只有 CRAFTMINE_HARNESS_LOOP=1 才启用 (9.1606ms)
✔ 开启开关后任务走闭环：写草稿目录、生成候选、状态 ready (161.7696ms)
✔ 讨论意图不会进入执行闭环，只有执行意图才走分步工具 (0.3316ms)
✔ 模型返回空内容只算一次拒绝，不会判死任务 (42.0066ms)
✔ 构建成功之后工具调用预算用尽，仍然允许结束 (40.0505ms)
✔ 构建结果只把引用交给下一步，不会把整份场景塞进提示 (36.4915ms)
✔ 同一个 attempt 内的多次模型调用用量累加，不是只保留最后一次 (13.43ms)
✔ 上下文到压缩阈值就停下来让宿主整理，不硬塞进窗口 (25.3078ms)
✔ 闭环结束时给出机器事实检查点：基准、草稿、验收引用和证据都在 (41.3639ms)
✔ 模型「演」出多步对话时，宿主只取第一个满足 schema 的操作对象 (0.3255ms)
✔ 对象 ID 规则由运行器统一导出，提示词与校验共用同一份 (0.6042ms)
✔ 缺少 export 或使用 CommonJS 导出时，构建阶段就明确拒绝 (540.2065ms)
✔ 语法错误仍然优先报告为语法错误 (102.0525ms)
✔ 提示词包含由运行器生成的 ID 与导出硬约束 (1.0845ms)
✔ 模型后端按显式配置与密钥推断，模型 ID 可配置 (9.2617ms)
✔ 本地密钥文件在数据目录加载，不覆盖已有环境变量，非法内容直接报错 (2.8341ms)
✔ 实心重叠报错给出双方 ID、重叠区域与最小分离方向 (1.3586ms)
✔ 字段不匹配报错指出缺少与多出的键 (0.3241ms)
✔ 局部修改只改动指定对象，其余对象与基准场景保持不变 (0.8534ms)
✔ 局部修改支持增删对象、设置模块与系统，并拒绝无效操作 (1.1912ms)
✔ 输入侧按需读取：索引给概要，焦点只展开相关对象，read 可补读 (0.8934ms)
✔ 提示词带索引与焦点，不再包含整个场景 (0.3101ms)
✔ object.patch 命令允许省略字段（省略等于保留），未知字段仍被拒绝 (0.5852ms)
✔ 音效命令需要 audio.play 权限，且只接受内置音效名 (0.2629ms)
✔ 应用候选时用玩家此刻的位置检查：站在新实心几何里会被拒绝并指出对象 (23.9234ms)
✔ 按键声明：只能声明引擎未占用的键，最多 4 个且不能重复 (0.2816ms)
✔ 提示词说明按键事件与 frame.keys 不存在，避免模型写出空操作 (0.1066ms)
✔ 复活目标命令需要 targets.write 权限，且只能用于声明的目标 (0.1437ms)
✔ 按键事件通过帧校验，未声明的键和未知事件类型被拒绝 (0.2303ms)
✔ 改代码（状态版本兼容）不会重置已领取的一次性奖励与背包 (168.7733ms)
✔ 压缩后恢复：接上机器检查点，步号继续，且可以立刻结束 (105.0574ms)
✔ 恢复会拒绝与当前草稿对不上的检查点，不做「大概是对的」猜测 (100.135ms)
✔ 工具清单包含全部领域工具，未授权的工具调用会被拒绝 (38.9872ms)
✔ 任务计划与步骤状态：结束前每一步都必须 done 或 dropped (60.5361ms)
✔ 候选构建自动成为证据，任务凭证据和候选引用才能提交回执 (53.9114ms)
✔ 玩法验收必须由宿主注入；没有执行器就明确返回不可用，不会假装跑过 (65.5059ms)
✔ 记忆：没有来源或含凭据会被拒绝；同 ID 改写必须声明替代；检索能命中 (35.5404ms)
✔ 新增对象和玩法在同一事务编译，丢失回执后重放不会重复新增 (194.1337ms)
✔ 新增必须声明空哈希，失败批次不残留对象，选中对象任务不能新增其他对象 (55.539ms)
✔ 草稿建立不可变版本，读取记录来源哈希，重启后仍能恢复 (30.8523ms)
✔ 未读取或哈希不匹配的补丁被拒绝，必须先读取当前资源 (29.6005ms)
✔ 补丁原子替换资源并推进草稿版本，重放同一调用返回相同结果 (45.2738ms)
✔ 过期草稿版本和重复修改同一资源被拒绝 (45.4657ms)
✔ 补丁必须保留资源身份，也不能越出选中对象的范围 (91.6767ms)
✔ 任务停止后不能提交迟到操作，冲突时草稿保持原样 (33.7306ms)
✔ 验证结果必须对应当前草稿，未通过检查不能被记录为通过 (58.2145ms)
✔ 领域工具只读取当前草稿，未授权工具和越界参数被网关拒绝 (19.0148ms)
✔ 工具调用协议拒绝非法 JSON、未知工具和越界参数 (0.407ms)
✔ 冻结需求集：10 条需求，每条都有原话、形状和可执行断言 (2.2865ms)
✔ 冻结需求集被改动时哈希会变，实现者偷改断言必须被发现 (0.9697ms)
✔ 正确实现的轨迹：10 条需求全部通过，且没有断言被跳过 (9.2451ms)
✔ 每条需求都有一个「故意写错的实现」能把它打红，否则断言不算数 (14.8297ms)
✔ 历史 bug 回归：命令有效但世界没变（刷新怪物）必须判失败 (1.5354ms)
✔ 注入器本身：每种注入都能真的改坏某条轨迹，未知名报错 (4.1741ms)
✔ 断言 DSL 拒绝未知类型和缺 why/red 的断言 (0.465ms)
✔ 指标与影子运行签名：同一批判定给出同一签名，耗时和 token 不参与 (1.0196ms)
✔ 翻译提示词把需求原话和断言清单一起给模型，模型只能在这套 DSL 里选 (0.2336ms)
✔ 翻译输出必须成组通过校验：至少两条、要有世界变化、id 不重复 (0.491ms)
✔ 断言太松会被红性检查挡住，不能冻结 (1.5333ms)
✔ 评审只能提意见：没有可执行断言的发现会让整份评审被拒绝 (0.6314ms)
✖ 冻结内核：当前仓库的规则文件哈希全部对得上 (3.7532ms)
✖ 冻结内核：注入被改动的文件内容必须点名报错，并说明只有人能改清单 (6.015ms)
✔ 装载内核部件：没有人工审批就一步都不许走 (1.1127ms)
✖ 装载内核部件：审批齐全、自带测试通过且空实现变红，才拿到 ready (1.566ms)
✖ 装载内核部件：自带测试真过不了就拒绝，对空实现也通过同样拒绝 (1.1358ms)
✔ 装载内核部件：冻结内核被改动时连自带测试都不跑 (0.2401ms)
✖ 部件注册表：激活、历史、回退到上一个版本再回退到内置默认 (1.8845ms)
✖ 部件注册表：不合格候选会进拒绝记录，不会悄悄变成当前部件 (1.5661ms)
✔ 浏览器侧部件表：注册、取用、重复、未知类型和回退默认都是显式的 (1.6751ms)
✔ 记忆记录必须带来源、范围和状态，凭据与无来源的猜测进不了库 (1.5055ms)
✔ 新规则替代旧规则：旧的立刻停止参与检索，但记录本身保留 (0.6685ms)
✔ 源码或运行器变了，旧经验标成需要重新验证，而不是继续算通过 (0.8167ms)
✔ 检索按关键词、类型和作用域过滤，并说明命中原因 (0.3993ms)
✔ 薄叶片和小数尺寸保留真实几何，不会量化成整格砖块 (5.6596ms)
✔ 装饰植物可交错，实体碰撞不能跨对象覆盖；越界和非法颜色拒绝 (1.2607ms)
✔ 失败与丢弃候选不写记忆；应用后重启仍可检索真实定义 (54.6271ms)
✔ 模块改作保留旧版本，实例移动不产生新模块，复用不会改其他实例 (85.8175ms)
✔ 对象和玩法模块可导入第二个项目，固定版本且校验篡改与依赖 (145.4852ms)
✔ 旧格式读取哈希不变，首次记忆迁移备份项目；对象修改不能改变玩法 (32.74ms)
✔ 未知玩法、缺少依赖和无效存档被拒绝 (0.4575ms)
✔ 射击扣弹、冷却、换弹，近战受距离限制且能击破目标 (0.7199ms)
✔ 血量、弹药和目标伤害跨加载保留；调小参数裁剪状态，死亡可复活 (0.4895ms)
✔ 射线给出最先遮挡的距离，并拒绝背后/范围外目标 (0.2857ms)
✔ JSON 字段顺序不改变构建、模块身份或选中范围 (46.8474ms)
✔ 朝向只接受 90 度整步，其他角度被拒绝 (2.3707ms)
✔ 旋转把长度换到另一轴，Y 方向不变，结果精确而不是近似 (197.2211ms)
✔ 朝向写进玩法进度，重新载入后仍然保持 (1.0384ms)
✔ 旋转后超出场地会被拒绝，整步不生效 (0.8963ms)
✔ 结果级验收能看见朝向变化，不会把旋转当成没效果 (0.3515ms)
✔ 插值进度在起点为 0、终点为 1，非法时长直接完成 (0.7496ms)
✔ 缓动曲线端点正确、单调递增，且对称 (0.2087ms)
✔ 位移按包围盒中心计算，起点不动、终点到位，尺寸不参与 (0.8089ms)
✔ 移动时长只接受 0 到 5 秒，省略或 0 表示瞬间移动 (1.6271ms)
✔ 带时长的移动发出平滑移动效果，但不把时长写进存档 (219.1821ms)
✔ 瞬间移动和没有实际变化的移动都不会产生平滑移动效果 (1.0318ms)
✔ 平滑移动在结果级验收里算可观测变化 (0.3389ms)
✔ 后端能力声明：实测过的是 measured，没证据的一律 unavailable (13.2256ms)
✔ 未登记的后端不能推定它支持任何能力 (0.2581ms)
✔ 依赖某项能力前必须显式检查，不支持就报明确原因 (0.6053ms)
✔ 渲染扩展格式：合法扩展通过校验，默认预算与失败上限被补齐 (1.2843ms)
✔ 渲染扩展指纹与键顺序无关，因此同一份数据必然同一串 (0.1189ms)
✔ 渲染扩展不能越界：格式、字段、预算、自带测试都要合规 (0.649ms)
✔ drawable 校验：位置、数量、尺寸、颜色、盒子范围都必须落在世界里 (0.6808ms)
✔ 自带测试必须真的能跑，并且对空实现变红 (2.1344ms)
✔ 自带测试造假的渲染扩展必须被拒：对空实现也通过的测试证明不了任何事 (1.1062ms)
✔ 自带测试真过不了就拒绝，冻结回归失败也拒绝 (1.446ms)
✔ 注册表：启用、历史回退、卸载语义都必须是显式的 (1.1984ms)
✔ 空实现常量确实是合法的渲染扩展源码骨架 (0.1987ms)
✔ 自定义资源可以同时启用多个，其他系统类型仍然只能有一个 (0.9741ms)
✔ 资源系统配置范围受限，字段必须齐全 (0.1535ms)
✔ 初始值、恢复速率和增减都夹在 0 到上限之间 (0.4048ms)
✔ 资源进度随存档保留，非法存档被拒绝 (0.2654ms)
✔ 资源不是武器，不会占用装备槽 (0.1257ms)
✔ 玩法命令可以增减资源，越权、越界和多余字段被拒绝 (1.0426ms)
✔ 能力目录与提示词都反映自定义资源，模型不需要宿主改代码 (0.4798ms)
✔ 差异按稳定身份区分对象、参数和源码，保留重命名与世界设置变化 (2.0412ms)
✔ 同名对象仍分清新增和移除，旧格式升级不会凭空制造几何差异 (3.6575ms)
✔ 源码对比保留所有更改行，长单行源码也不会丢失 (0.4618ms)
✔ 读取候选预览重新核对真实构建且不写项目，过期和应用中请求被拒绝 (47.0618ms)
✖ 自检在干净的数据目录上通过，并如实报告密钥与端口状态 (43.1059ms)
✔ 自检发现真实问题时必须判失败，并给出修法 (16.5689ms)
✔ 没有声明迁移时拒绝升级，并明确告诉模型怎么补 migrate (97.2523ms)
✔ 声明迁移后按 rename/keep/add 迁移，并保留世界改动 (1.3285ms)
✔ 缺少的新字段自动用 initialState 补齐，旧的同名值保留 (0.9912ms)
✔ 迁移声明本身受校验：起始版本、重复、字段和数量 (0.3691ms)
✔ 状态版本相同时不会误用迁移 (0.5005ms)
✔ 静态白名单没有重复路由，登记的文件都存在 (4.3441ms)
✔ 浏览器模块的相对导入都在白名单里，否则游戏页会加载失败 (7.3193ms)
✔ 浏览器侧新增的运行时模块确实在提示词与运行时之间共享同一份契约 (0.1071ms)
✔ 新能力显式声明；旧源码不能使用新增命令，未知能力和权限组合拒绝 (1.666ms)
✔ 库存快照只发给声明读取能力的模块，拒绝负数、超容量和污染 ID (0.4995ms)
✔ 物品和任务内容受限，纯文本符号保留，未知字段不能带入宿主 (0.2509ms)
✔ 扣料失败整步回滚物品定义、任务面板、库存和源码状态 (253.396ms)
✔ 相同物品身份保持首次名称；相同面板 key 分属各源码模块，删除只影响自身 (0.7543ms)
✔ 旧进度按需升级，旧世界保持原格式；卸载隐藏面板，兼容恢复保留库存和任务 (159.2663ms)
✔ 含新能力的源码跨 Agent 编解码及实例绑定保留，复制不改共享物品 ID 或原始代码 (2.4713ms)
✔ 新创作导出使用 module/4 与 web/5，声明能力依赖并拒绝伪装旧运行版本 (13.4565ms)
✔ 新能力和固定素材一起打包到第二项目，模块运行版本不会因外观降级 (42.1834ms)
✔ 隐藏物体仍受场地约束，诊断准确指出对象、部件和实际坐标 (0.3481ms)
ℹ tests 276
ℹ suites 0
ℹ pass 269
ℹ fail 7
ℹ cancelled 0
ℹ skipped 0
ℹ todo 0
ℹ duration_ms 2007.7116

✖ failing tests:

test at tests\kernel.test.mjs:32:1
✖ 冻结内核：当前仓库的规则文件哈希全部对得上 (3.7532ms)
  AssertionError [ERR_ASSERTION]: 冻结内核被改动：app/harness/extension-loader.mjs。只有人能更新冻结清单，模型不能改这些文件。
  
  false !== true
  
      at TestContext.<anonymous> (file:///D:/Craftmine%20World-worktrees/parallel-d-20260909/tests/kernel.test.mjs:35:10)
      at Test.runInAsyncScope (node:async_hooks:228:14)
      at Test.run (node:internal/test_runner/test:1118:25)
      at Test.start (node:internal/test_runner/test:1015:17)
      at startSubtestAfterBootstrap (node:internal/test_runner/harness:358:17) {
    generatedMessage: false,
    code: 'ERR_ASSERTION',
    actual: false,
    expected: true,
    operator: 'strictEqual',
    diff: 'simple'
  }

test at tests\kernel.test.mjs:43:1
✖ 冻结内核：注入被改动的文件内容必须点名报错，并说明只有人能改清单 (6.015ms)
  AssertionError [ERR_ASSERTION]: Expected values to be strictly equal:
  
  false !== true
  
      at TestContext.<anonymous> (file:///D:/Craftmine%20World-worktrees/parallel-d-20260909/tests/kernel.test.mjs:56:10)
      at Test.runInAsyncScope (node:async_hooks:228:14)
      at Test.run (node:internal/test_runner/test:1118:25)
      at Test.processPendingSubtests (node:internal/test_runner/test:787:18)
      at Test.postRun (node:internal/test_runner/test:1247:19)
      at Test.run (node:internal/test_runner/test:1175:12)
      at async startSubtestAfterBootstrap (node:internal/test_runner/harness:358:3) {
    generatedMessage: true,
    code: 'ERR_ASSERTION',
    actual: false,
    expected: true,
    operator: 'strictEqual',
    diff: 'simple'
  }

test at tests\kernel.test.mjs:67:1
✖ 装载内核部件：审批齐全、自带测试通过且空实现变红，才拿到 ready (1.566ms)
  Error: 冻结内核被改动：app/harness/extension-loader.mjs。只有人能更新冻结清单，模型不能改这些文件。
      at assertKernelIntact (file:///D:/Craftmine%20World-worktrees/parallel-d-20260909/app/harness/kernel.mjs:73:29)
      at loadPart (file:///D:/Craftmine%20World-worktrees/parallel-d-20260909/app/harness/kernel.mjs:197:84)
      at TestContext.<anonymous> (file:///D:/Craftmine%20World-worktrees/parallel-d-20260909/tests/kernel.test.mjs:68:27)
      at Test.runInAsyncScope (node:async_hooks:228:14)
      at Test.run (node:internal/test_runner/test:1118:25)
      at Test.processPendingSubtests (node:internal/test_runner/test:787:18)
      at Test.postRun (node:internal/test_runner/test:1247:19)
      at Test.run (node:internal/test_runner/test:1175:12)
      at async Test.processPendingSubtests (node:internal/test_runner/test:787:7)

test at tests\kernel.test.mjs:77:1
✖ 装载内核部件：自带测试真过不了就拒绝，对空实现也通过同样拒绝 (1.1358ms)
  Error: 冻结内核被改动：app/harness/extension-loader.mjs。只有人能更新冻结清单，模型不能改这些文件。
      at assertKernelIntact (file:///D:/Craftmine%20World-worktrees/parallel-d-20260909/app/harness/kernel.mjs:73:29)
      at loadPart (file:///D:/Craftmine%20World-worktrees/parallel-d-20260909/app/harness/kernel.mjs:197:84)
      at TestContext.<anonymous> (file:///D:/Craftmine%20World-worktrees/parallel-d-20260909/tests/kernel.test.mjs:84:26)
      at Test.runInAsyncScope (node:async_hooks:228:14)
      at Test.run (node:internal/test_runner/test:1118:25)
      at Test.processPendingSubtests (node:internal/test_runner/test:787:18)
      at Test.postRun (node:internal/test_runner/test:1247:19)
      at Test.run (node:internal/test_runner/test:1175:12)
      at async Test.processPendingSubtests (node:internal/test_runner/test:787:7)

test at tests\kernel.test.mjs:109:1
✖ 部件注册表：激活、历史、回退到上一个版本再回退到内置默认 (1.8845ms)
  Error: 冻结内核被改动：app/harness/extension-loader.mjs。只有人能更新冻结清单，模型不能改这些文件。
      at assertKernelIntact (file:///D:/Craftmine%20World-worktrees/parallel-d-20260909/app/harness/kernel.mjs:73:29)
      at loadPart (file:///D:/Craftmine%20World-worktrees/parallel-d-20260909/app/harness/kernel.mjs:197:84)
      at PartRegistry.load (file:///D:/Craftmine%20World-worktrees/parallel-d-20260909/app/harness/kernel.mjs:227:29)
      at TestContext.<anonymous> (file:///D:/Craftmine%20World-worktrees/parallel-d-20260909/tests/kernel.test.mjs:111:29)
      at Test.runInAsyncScope (node:async_hooks:228:14)
      at Test.run (node:internal/test_runner/test:1118:25)
      at Test.processPendingSubtests (node:internal/test_runner/test:787:18)
      at Test.postRun (node:internal/test_runner/test:1247:19)
      at Test.run (node:internal/test_runner/test:1175:12)
      at async Test.processPendingSubtests (node:internal/test_runner/test:787:7)

test at tests\kernel.test.mjs:141:1
✖ 部件注册表：不合格候选会进拒绝记录，不会悄悄变成当前部件 (1.5661ms)
  Error: 冻结内核被改动：app/harness/extension-loader.mjs。只有人能更新冻结清单，模型不能改这些文件。
      at assertKernelIntact (file:///D:/Craftmine%20World-worktrees/parallel-d-20260909/app/harness/kernel.mjs:73:29)
      at loadPart (file:///D:/Craftmine%20World-worktrees/parallel-d-20260909/app/harness/kernel.mjs:197:84)
      at PartRegistry.load (file:///D:/Craftmine%20World-worktrees/parallel-d-20260909/app/harness/kernel.mjs:227:29)
      at TestContext.<anonymous> (file:///D:/Craftmine%20World-worktrees/parallel-d-20260909/tests/kernel.test.mjs:146:36)
      at Test.runInAsyncScope (node:async_hooks:228:14)
      at Test.run (node:internal/test_runner/test:1118:25)
      at Test.processPendingSubtests (node:internal/test_runner/test:787:18)
      at Test.postRun (node:internal/test_runner/test:1247:19)
      at Test.run (node:internal/test_runner/test:1175:12)
      at async Test.processPendingSubtests (node:internal/test_runner/test:787:7)

test at tests\selfcheck.test.mjs:10:1
✖ 自检在干净的数据目录上通过，并如实报告密钥与端口状态 (43.1059ms)
  AssertionError [ERR_ASSERTION]: 1 项阻断问题：冻结内核完整
  
  false !== true
  
      at TestContext.<anonymous> (file:///D:/Craftmine%20World-worktrees/parallel-d-20260909/tests/selfcheck.test.mjs:15:12)
      at process.processTicksAndRejections (node:internal/process/task_queues:104:5)
      at async Test.run (node:internal/test_runner/test:1125:7)
      at async startSubtestAfterBootstrap (node:internal/test_runner/harness:358:3) {
    generatedMessage: false,
    code: 'ERR_ASSERTION',
    actual: false,
    expected: true,
    operator: 'strictEqual',
    diff: 'simple'
  }
