✔ 不同玩法源码保存在产物中，构建可复核且不会执行源码 (242.3696ms)
✔ 源码随场景构建保存，模型传输可往返，来源对象和写权限唯一 (4.3371ms)
✔ 选中对象允许它自己的代码，拒绝另一个对象和全局运动权限 (0.6179ms)
✔ 完整命令批次先校验后提交，真实对象几何与碰撞一起变化 (1.7756ms)
✔ 状态和对象偏移跨存档及参数修改保留，不兼容状态版本拒绝载入 (1.5626ms)
✔ 库存不足拒绝整步操作，包括同一步的对象变化和模块状态 (0.5025ms)
✔ 保留旧玩法偏移后若与新增实体重叠，拒绝恢复；已摧毁目标不阻挡 (0.7562ms)
✔ 语法错误、超大源码和未知权限在候选构建前拒绝 (92.8438ms)
✔ 状态必须可保存，限制体积、递归、非 JSON 类型与污染字段 (0.2811ms)
✔ 上下文校验拒绝无效事件和伪造玩家数据 (0.2964ms)
✔ 只有已授权且仍存在的对象能被修改，整批校验后才返回 (0.2033ms)
✔ 受控命令拒绝越权、越界、超大冲量、伪造命令和洪泛 (0.1852ms)
✔ 作品记忆保存扩展依赖，安装只接受目标世界已装载的准确版本 (131.6715ms)
✔ 创作模板保存原始源码、参数与显式对象映射，放到新位置不替换字符串 (0.8596ms)
✔ 创建的副本再次捕获时内容相同，不因位置和新实例 ID 产生新版本 (0.2812ms)
✔ 新版新增角色不会占用保留角色的身份，改变排序也保留身份 (5.3515ms)
✔ 实例只转换现场和命令：原始对象 ID 与同名外部对象不会冲突 (1.0344ms)
✔ 本地坐标可表达远处玩家，但转换后的命令仍受真实世界边界限制 (0.3911ms)
✔ 声明的系统依赖与实例对象关系都要经过构建校验 (0.6793ms)
✔ 一个相关对象上的多个规则作为同一个创作保存；独立规则分开 (81.7374ms)
✔ 放置完整创作不改变已有对象，新对象和行为都有独立身份 (91.8907ms)
✔ 卸载与恢复不仅保留源码状态，也保留对象生命值和库存 (1.6281ms)
✔ format-1 imports verify original order before upgrading the playable copy (2.4794ms)
✔ startup rewards and extension state survive restart and compatible migration (159.111ms)
✔ new module installation has independent lifecycle and extension bindings (10.4386ms)
✔ old saves never replay start and reject incompatible extension state (0.6799ms)
✔ combat cooldown, reload, actual damage and death survive persistence (0.5829ms)
✔ review assertions execute against real fixture traces but severity remains advisory (2.4153ms)
✔ failed extension initialization and asynchronous dispose cannot reject unhandled (1.9844ms)
✔ combat request validation is bounded and data-only (0.3356ms)
✔ 玩法发出的扩展命令会被派发到扩展沙箱，产出的内核效果落到世界 (101.4289ms)
✔ 扩展状态跨步累积，不会每步重置 (0.8264ms)
✔ 没有装载扩展时，同一条命令仍然被拒绝，错误不会变模糊 (1.143ms)
✔ 权限与依赖两道门都必须过：缺依赖或缺权限都不许发出扩展命令 (0.8357ms)
✔ 扩展越权产出的效果被宿主拒绝，模块随即停止并留下可读错误 (0.6023ms)
✔ 扩展格式：合法的吸血扩展通过校验，并能生成目录 (1.6581ms)
✔ 扩展不能越权：格式、命令名、权限、自带测试都要合规 (0.9045ms)
✔ 效果校验复用内核规则：越权或未声明的目标一律拒绝 (1.0577ms)
✔ 自带测试必须真的能跑，并且对空实现变红 (2.0401ms)
✔ 自带测试造假的扩展必须被拒：对空实现也通过的测试证明不了任何事 (0.9428ms)
✔ 装载前必须过冻结回归；回归失败一律拒绝 (1.4121ms)
✔ 注册表：启用、依赖、历史回退、卸载语义都必须是显式的 (2.5678ms)
✔ 命令名冲突在装载前就被发现，不会等到运行期 (0.6005ms)
✔ 世界模型落地：原子效果真的改变可观察事实 (0.1619ms)
✔ 没有对抗评审就不允许进入候选状态；评审的阻断意见是建议，不阻止装载 (0.6732ms)
✔ 玩法模块可以声明扩展依赖：装载了才通过，卸载后显式失败 (83.3116ms)
✔ 自带测试的轨迹真的算出变化字段，change 断言才有意义 (0.4378ms)
✔ 沙箱代理把载荷原样传给页面函数（page.evaluate 的第一个参数就是值） (2.7251ms)
✔ 沙箱已经关闭时释放失败不会变成未处理拒绝（真实端到端曾因此让服务退出） (0.5673ms)
✔ 薄叶片和小数尺寸保留真实几何，不会量化成整格砖块 (5.7712ms)
✔ 装饰植物可交错，实体碰撞不能跨对象覆盖；越界和非法颜色拒绝 (2.0801ms)
✔ 失败与丢弃候选不写记忆；应用后重启仍可检索真实定义 (40.9449ms)
✔ 模块改作保留旧版本，实例移动不产生新模块，复用不会改其他实例 (56.1893ms)
✔ 对象和玩法模块可导入第二个项目，固定版本且校验篡改与依赖 (56.9731ms)
✔ 旧格式读取哈希不变，首次记忆迁移备份项目；对象修改不能改变玩法 (16.9461ms)
✔ 未知玩法、缺少依赖和无效存档被拒绝 (0.2991ms)
✔ 射击扣弹、冷却、换弹，近战受距离限制且能击破目标 (0.4046ms)
✔ 血量、弹药和目标伤害跨加载保留；调小参数裁剪状态，死亡可复活 (0.2564ms)
✔ 射线给出最先遮挡的距离，并拒绝背后/范围外目标 (0.1902ms)
✔ JSON 字段顺序不改变构建、模块身份或选中范围 (25.6588ms)
✔ 没有声明迁移时拒绝升级，并明确告诉模型怎么补 migrate (94.276ms)
✔ 声明迁移后按 rename/keep/add 迁移，并保留世界改动 (1.1094ms)
✔ 缺少的新字段自动用 initialState 补齐，旧的同名值保留 (0.5765ms)
✔ 迁移声明本身受校验：起始版本、重复、字段和数量 (0.3441ms)
✔ 状态版本相同时不会误用迁移 (0.4444ms)
ℹ tests 65
ℹ suites 0
ℹ pass 65
ℹ fail 0
ℹ cancelled 0
ℹ skipped 0
ℹ todo 0
ℹ duration_ms 502.192
