warning: unused import: `load_manifest`
  --> crates\craftmine-core\src\godot_builds.rs:21:22
   |
21 |     godot_projects::{load_manifest, ordinary, valid_hash, Manifest},
   |                      ^^^^^^^^^^^^^
   |
   = note: `#[warn(unused_imports)]` (part of `#[warn(unused)]`) on by default

warning: variable does not need to be mutable
   --> crates\craftmine-core\src\content_history\migration_tests.rs:142:9
    |
142 |     let mut fixture = fixture(&[(0, "scenes/a.tscn", "[gd_scene]\n"), (1, "scenes/a.tscn", "[gd_scene name=\"a\"]\n")])?;
    |         ----^^^^^^^
    |         |
    |         help: remove this `mut`
    |
    = note: `#[warn(unused_mut)]` (part of `#[warn(unused)]`) on by default

warning: field `claim_owner` is never read
  --> crates\craftmine-core\src\asset_catalog\preview.rs:95:5
   |
88 | struct PreviewState {
   |        ------------ field in this struct
...
95 |     claim_owner: String,
   |     ^^^^^^^^^^^
   |
   = note: `#[warn(dead_code)]` (part of `#[warn(unused)]`) on by default

warning: method `content_files` is never used
   --> crates\craftmine-core\src\content.rs:618:19
    |
236 | impl TaskJournal {
    | ---------------- method in this implementation
...
618 |     pub(crate) fn content_files(
    |                   ^^^^^^^^^^^^^

warning: constant `REPOSITORY_FORMAT` is never used
  --> crates\craftmine-core\src\content_history\migration.rs:30:11
   |
30 | pub const REPOSITORY_FORMAT: &str = "craftmine.content-repository/1";
   |           ^^^^^^^^^^^^^^^^^

warning: method `as_str` is never used
  --> crates\craftmine-core\src\content_history\migration.rs:42:8
   |
41 | impl ContentBackend {
   | ------------------- method in this implementation
42 |     fn as_str(self) -> &'static str {
   |        ^^^^^^

warning: method `root` is never used
   --> crates\craftmine-core\src\content_history\repo.rs:211:12
    |
198 | impl RepositoryStore {
    | -------------------- method in this implementation
...
211 |     pub fn root(&self) -> &Path {
    |            ^^^^

warning: function `blob_read` is never used
   --> crates\craftmine-core\src\godot_projects.rs:371:15
    |
371 | pub(super) fn blob_read(directory: &Path, world: &str, entry: &FileEntry) -> Result<String> {
    |               ^^^^^^^^^

warning: function `reconcile_git_head` is never used
   --> crates\craftmine-core\src\godot_projects.rs:549:4
    |
549 | fn reconcile_git_head(
    |    ^^^^^^^^^^^^^^^^^^

warning: methods `project_manifest` and `project_is_git_backed` are never used
   --> crates\craftmine-core\src\godot_projects.rs:762:19
    |
735 | impl TaskJournal {
    | ---------------- methods in this implementation
...
762 |     pub(super) fn project_manifest(
    |                   ^^^^^^^^^^^^^^^^
...
886 |     pub(super) fn project_is_git_backed(&self, world: &str) -> Result<bool> {
    |                   ^^^^^^^^^^^^^^^^^^^^^

warning: function `VECTORS_JSON` should have a snake case name
   --> crates\craftmine-core\src\content_history\contract_vectors_tests.rs:113:4
    |
113 | fn VECTORS_JSON() -> Result<Value> {
    |    ^^^^^^^^^^^^ help: convert the identifier to snake case: `vectors_json`
    |
    = note: `#[warn(non_snake_case)]` (part of `#[warn(nonstandard_style)]`) on by default

warning: `craftmine-core` (lib test) generated 11 warnings (run `cargo fix --lib -p craftmine-core --tests` to apply 2 suggestions)
    Finished `test` profile [unoptimized + debuginfo] target(s) in 0.06s
     Running unittests src\lib.rs (D:/cm-fb-p6-20260910/test-results/core-target\debug\deps\craftmine_core-13091a1caf054aaf.exe)

running 1 test
test content_history::git_tests::user_and_system_git_configuration_is_never_read ... ok

test result: ok. 1 passed; 0 failed; 0 ignored; 0 measured; 294 filtered out; finished in 0.07s

