   Compiling craftmine-core v0.1.0 (D:\Craftmine World\test-results\worktrees\godot-cycle03-core\vendor\pi-desktop\crates\craftmine-core)
    Finished `test` profile [unoptimized + debuginfo] target(s) in 2.02s
     Running unittests src\lib.rs (target\debug\deps\craftmine_core-40518bbba217c061.exe)

running 70 tests
test godot_projects::tests::filesystem_directory_links_cannot_redirect_managed_blob_reads ... ignored, Windows junction fixture setup was denied/timed out under the managed test runner; run explicitly only when fixture creation is available
test durable::tests::request_limits_deadline_generation_and_unknown_fields_are_enforced ... ok
test durable::tests::unlimited_budget_keeps_other_boundaries_and_never_clears_usage ... ok
test applications::tests::application_publishes_exact_extensions_from_verified_draft ... ok
test durable::tests::completed_budget_receipt_is_readable_after_head_advances_without_write_authority ... ok
test durable::tests::accounting_is_idempotent_and_unknown_usage_remains_charged ... ok
test applications::tests::explicit_player_acknowledgement_is_bound_and_never_changes_failed_review ... ok
test durable::tests::requirements_keep_original_goal_and_three_latest_corrections ... ok
test applications::tests::missing_review_failed_request_and_forged_load_cannot_publish ... ok
test durable::tests::cancelled_task_accepts_only_reserved_settlement_and_discard_keeps_code ... ok
test durable::tests::player_removes_exhausted_limit_with_durable_bound_receipt_and_model_denial ... ok
test applications::tests::review_requires_exact_model_input_and_persists_machine_failures ... ok
test godot_projects::tests::corrupt_existing_blob_is_rejected_on_read_reuse_and_unrelated_patch ... ok
test applications::tests::preparing_excludes_writes_and_abort_preserves_draft_and_progress ... ok
test applications::tests::acknowledgement_cannot_bypass_machine_status_or_review_binding ... ok
test godot_projects::tests::all_path_aliases_collisions_unknown_fields_and_missing_config_are_rejected ... ok
test durable::tests::requirements_survive_explicit_recovery_but_do_not_enter_ordinary_new_tasks ... ok
test applications::tests::application_is_atomic_replayable_and_advances_only_consumed_drafts ... ok
test godot_projects::tests::manifest_hash_and_stored_revision_mismatch_are_not_reset ... ok
test applications::tests::uncommitted_draft_is_never_reset_by_an_unrelated_application ... ok
test durable::tests::existing_owners_keep_policy_across_atomic_migration_and_reopen ... ok
test durable::tests::three_compactions_retain_ledger_and_requirements_across_explicit_recovery ... ok
test durable::tests::legacy_backup_missing_limits_keeps_policy_and_schema_three_keeps_audit ... ok
test applications::tests::restart_timeout_and_cancel_revoke_pending_publication ... ok
test godot_projects::tests::deleting_a_source_preserves_history_and_file_sets_are_world_scoped ... ok
test godot_projects::tests::case_distinct_world_ids_have_separate_physical_files_on_windows ... ok
test durable::tests::requirement_pages_bound_characters_segments_and_reject_forged_inputs ... ok
test durable::tests::configured_first_request_initializes_deadline_once_without_changing_policy ... ok
test memories::receipt_tests::committed_receipt_survives_end_turn_and_process_reopen ... ok
test memories::receipt_tests::corrupted_original_request_is_rejected_by_lookup_and_backup ... ok
test tests::binding_and_replay_conflicts_cannot_change_the_draft ... ok
test memories::receipt_tests::receipt_checks_full_request_owner_and_unknown_fields ... ok
test durable::tests::malformed_backup_accounting_is_rejected_before_replacing_any_world ... ok
test memories::receipt_tests::legacy_schema_migrates_without_inventing_receipt_ownership ... ok
test godot_projects::tests::panel_selection_foreign_context_and_stale_turn_cannot_redirect_files ... ok
test legacy::tests::corrupt_archives_and_paths_cannot_escape_or_publish ... ok
test tests::cancelled_task_stays_cancelled_and_late_writes_are_rejected ... ok
test tests::lost_response_is_recovered_without_repeating_edit_after_restart ... ok
test tests::independent_connections_observe_revision_conflicts_atomically ... ok
test legacy::tests::captures_every_file_without_mutating_or_restarting_legacy_tasks ... ok
test godot_projects::tests::paginated_index_and_unicode_reads_remain_bound_to_an_immutable_revision ... ok
test godot_projects::tests::optimistic_version_and_file_hash_conflicts_leave_the_head_unchanged ... ok
test recovery::tests::interrupt_revokes_only_its_jobs_and_lease_and_rejects_untrusted_reason_text ... ok
test godot_projects::tests::project_files_are_durable_and_independent_of_legacy_world_and_draft ... ok
test verification::tests::a_lost_worker_receipt_expires_instead_of_running_forever ... ok
test godot_projects::tests::replay_is_exact_and_receipts_survive_turn_completion_and_restart ... ok
test memories::receipt_tests::backup_v2_roundtrip_preserves_receipt_and_v1_migrates_to_unverifiable ... ok
test recovery::tests::failed_resume_launch_can_resume_again_without_resetting_budget_draft_or_goal ... ok
test recovery::tests::real_error_end_preserves_exhausted_task_and_resumes_after_player_removes_limit ... ok
test godot_projects::tests::sqlite_failure_cannot_publish_a_partial_file_set_or_receipt ... ok
test verification::tests::failed_checks_and_tampered_storage_are_distinguished ... ok
test workspaces::tests::cancelled_before_first_tool_cannot_create_a_draft ... ok
test workspaces::tests::a_resumed_revision_zero_draft_is_not_discarded_when_the_world_base_changes ... ok
test verification::tests::finished_draft_retry_keeps_task_and_replays_after_restart ... ok
test verification::tests::stale_and_empty_drafts_cannot_queue_checks ... ok
test verification::tests::finished_draft_retry_rejects_active_stale_foreign_and_extra_fields ... ok
test verification::tests::forged_success_and_foreign_identity_are_rejected ... ok
test workspaces::tests::draft_revision_conflicts_and_foreign_bindings_leave_history_unchanged ... ok
test verification::tests::input_receipt_and_evidence_survive_restart ... ok
test worlds::tests::corruption_and_invalid_progress_are_reported_without_resetting_worlds ... ok
test workspaces::tests::selection_changes_never_redirect_an_existing_session ... ok
test worlds::tests::competing_views_cannot_overwrite_newer_progress_or_builds ... ok
test workspaces::tests::exclusive_world_drafts_survive_connections_and_release_at_turn_end ... ok
test workspaces::tests::committed_reads_and_receipts_survive_restart_and_old_turns_cannot_write ... ok
test worlds::tests::progress_and_independent_worlds_survive_process_reopen ... ok
test recovery::tests::first_end_result_is_idempotent_and_completed_tasks_do_not_revive ... ok
test godot_projects::tests::source_files_over_two_megabytes_do_not_use_the_legacy_json_limit ... ok
test verification::tests::edits_abort_and_recovery_revoke_completion ... ok
test recovery::tests::startup_repairs_only_proven_legacy_failed_current_heads ... ok
test legacy::tests::import_commit_is_atomic_and_replay_does_not_reset_play_progress ... ok

test result: ok. 69 passed; 0 failed; 1 ignored; 0 measured; 0 filtered out; finished in 0.94s

     Running unittests src\main.rs (target\debug\deps\craftmine_core-a424e5e371e4e27d.exe)

running 0 tests

test result: ok. 0 passed; 0 failed; 0 ignored; 0 measured; 0 filtered out; finished in 0.00s

   Doc-tests craftmine_core

running 0 tests

test result: ok. 0 passed; 0 failed; 0 ignored; 0 measured; 0 filtered out; finished in 0.00s

