(node:243444) ExperimentalWarning: SQLite is an experimental feature and might change at any time
(Use `node --trace-warnings ...` to show where the warning was created)
PASS 原生客户端启动真实 Rust 宿主和内置世界插件
PASS 原生窗口全程离屏、不可聚焦且未显示
PASS 客户端使用本次独立配置目录
PASS 真实 React 前端通过沙箱 preload 与 Electron 通信
PASS 桌面、世界面板和游戏初始化时均禁止鼠标锁定与焦点请求
PASS 实际游戏隔离帧无法访问 Node 或插件桥
PASS 左栏真实 preload IPC 读取 Rust 世界列表
PASS 真实左栏在首次创建后自动显示当前世界
PASS 创建目录只列出已接通的体素空白底座
PASS 原生导航 IPC 拒绝原始存档写入和应用令牌
PASS 未交付底座创建失败后选择和世界数量不变
PASS 原生创建和切换通过保留视图保存后完成
PASS 真实左栏收到宿主变更并同步世界及当前标记
PASS 真实存档写锁使左栏创建失败且保留旧世界
PASS 原生表单经 Electron 授权目录桥和 Rust 完成旧世界导入
PASS 退出前的真实游戏变化尚未写入持久存档
PASS 真实 SQLite 写锁使原生退出失败时保留可重试的世界
PASS 导入与保存失败全过程没有真实输入或窗口焦点调用
PASS 解除写锁后原生退出先保存再正常关闭
PASS 退出时未重建已销毁的界面或产生页面未处理异常
PASS 关闭后 Rust 持久存档包含退出前最后的玩家位置
PASS 完整重启同一原生客户端保留当前世界和已保存进度
PASS 重启仍保持离屏和零输入调用
PASS 重启后的客户端也能正常保存退出
PASS 重启退出仍没有输入调用和页面未处理异常
Native acceptance report: D:\Craftmine World-worktrees\godot-integration-20260909\test-results\desktop-native-4gzPfr\report.json
