Godot Engine v4.7.2.stable.official.ed1daf0bf - https://godotengine.org

[   0% ] [90m[1mfirst_scan_filesystem[22m | Started Project initialization (5 steps)[39m[0m
[   0% ] [90m[1mfirst_scan_filesystem[22m | Scanning file structure...[39m[0m
[  16% ] [90m[1mfirst_scan_filesystem[22m | Loading global class names...[39m[0m
[  33% ] [90m[1mfirst_scan_filesystem[22m | Verifying GDExtensions...[39m[0m
[  50% ] [90m[1mfirst_scan_filesystem[22m | Creating autoload scripts...[39m[0m
[  66% ] [90m[1mfirst_scan_filesystem[22m | Initializing plugins...[39m[0m
[  83% ] [90m[1mfirst_scan_filesystem[22m | Starting file scan...[39m[0m
[92m[ DONE ][39m [1mfirst_scan_filesystem[22m
[0m
[   0% ] [90m[1msavepack[22m | Started Packing (102 steps)[39m[0m
[   1% ] [90m[1msavepack[22m | Storing File: res://.godot/exported/133200997/export-44872f5595610e9c3ed9fad8a1f8e321-ammo_crate.res[39m[0m
[   2% ] [90m[1msavepack[22m | Storing File: res://.godot/exported/133200997/export-07758329576bbb6d4a0c985f6e44aa20-crate_wood.res[39m[0m
[   4% ] [90m[1msavepack[22m | Storing File: res://.godot/exported/133200997/export-c665e587bf6bf98068c90466f2bee676-pickup_kit.res[39m[0m
[   5% ] [90m[1msavepack[22m | Storing File: res://.godot/exported/133200997/export-6c9f733fe056ae3a65fb3df42020d5a9-pistol_body.res[39m[0m
[   7% ] [90m[1msavepack[22m | Storing File: res://.godot/exported/133200997/export-067fd50acef4e428b7da66a5b7395922-range_floor.res[39m[0m
[   9% ] [90m[1msavepack[22m | Storing File: res://.godot/exported/133200997/export-826ef09622259d4da29f9fa54224489c-range_wall.res[39m[0m
[  10% ] [90m[1msavepack[22m | Storing File: res://.godot/exported/133200997/export-782463f6582d555a85f47cc7bc45b5dd-sword_blade.res[39m[0m
[  12% ] [90m[1msavepack[22m | Storing File: res://.godot/exported/133200997/export-c26cf7c66e6cbba56af25d2d383f9e08-target_plate.res[39m[0m
[  13% ] [90m[1msavepack[22m | Storing File: res://.godot/imported/ammo_crate.obj-ff23a7d4949f032130a95ec9ef19c77d.mesh[39m[0m
[  13% ] [90m[1msavepack[22m | Storing File: res://assets/meshes/ammo_crate.obj.import[39m[0m
[  15% ] [90m[1msavepack[22m | Storing File: res://.godot/imported/range_crate.obj-8833d4da6730e82df156c8fea8dd0f26.mesh[39m[0m
[  15% ] [90m[1msavepack[22m | Storing File: res://assets/meshes/range_crate.obj.import[39m[0m
[  17% ] [90m[1msavepack[22m | Storing File: res://.godot/imported/target_dummy.obj-fde7059449b6b496ca55d4578d74335b.mesh[39m[0m
[  17% ] [90m[1msavepack[22m | Storing File: res://assets/meshes/target_dummy.obj.import[39m[0m
[  18% ] [90m[1msavepack[22m | Storing File: res://.godot/imported/weapon_pistol.obj-6c39b8214ffd61a616fd330245fa72d5.mesh[39m[0m
[  18% ] [90m[1msavepack[22m | Storing File: res://assets/meshes/weapon_pistol.obj.import[39m[0m
[  20% ] [90m[1msavepack[22m | Storing File: res://.godot/imported/weapon_sword.obj-5e78b01fc70437d029ed7ceb0b28f88c.mesh[39m[0m
[  20% ] [90m[1msavepack[22m | Storing File: res://assets/meshes/weapon_sword.obj.import[39m[0m
[  21% ] [90m[1msavepack[22m | Storing File: res://craftmine_shared/base_adapter.gdc[39m[0m
[  23% ] [90m[1msavepack[22m | Storing File: res://craftmine_shared/runtime_bridge.gdc[39m[0m
[  25% ] [90m[1msavepack[22m | Storing File: res://craftmine_shared/state_guard.gdc[39m[0m
[  26% ] [90m[1msavepack[22m | Storing File: res://.godot/exported/133200997/export-5f0c01ada25b5e995ae41e1ea2aaf590-training_range.res[39m[0m
[  28% ] [90m[1msavepack[22m | Storing File: res://.godot/exported/133200997/export-7ca6783c042266ea4e8d18a5017109de-equipment_catalog.res[39m[0m
[  30% ] [90m[1msavepack[22m | Storing File: res://.godot/exported/133200997/export-e69f90a6109c7ed6b58ade881914489b-inspection_tool.res[39m[0m
[  31% ] [90m[1msavepack[22m | Storing File: res://.godot/exported/133200997/export-99c8c094f2a57c121e4a39173f7a58d8-pistol.res[39m[0m
[  33% ] [90m[1msavepack[22m | Storing File: res://.godot/exported/133200997/export-5b20777831cf5dadb51e4b7cc3df8aac-practice_sword.res[39m[0m
[  33% ] [90m[1msavepack[22m | Storing File: res://.godot/exported/133200997/export-3491a9651af8d442551d03a986410832-range_basic.res[39m[0m
[  35% ] [90m[1msavepack[22m | Storing File: res://.godot/exported/133200997/export-6a00782385ee5d4a1fa7ab3ed4166e6e-crosshair_melee.res[39m[0m
[  37% ] [90m[1msavepack[22m | Storing File: res://.godot/exported/133200997/export-3e8467c458b1350ff435c4a7143aa881-crosshair_precision.res[39m[0m
[  38% ] [90m[1msavepack[22m | Storing File: res://.godot/exported/133200997/export-087d785bf5027725196895bd45adeefe-player.scn[39m[0m
[  40% ] [90m[1msavepack[22m | Storing File: res://.godot/exported/133200997/export-1e4436d7c124ce1533495dfaefcea491-target_dummy.scn[39m[0m
[  41% ] [90m[1msavepack[22m | Storing File: res://.godot/exported/133200997/export-4e84c02a7f420ebd18831231b3f5fd9d-ammo_crate.scn[39m[0m
[  43% ] [90m[1msavepack[22m | Storing File: res://.godot/exported/133200997/export-4eae0c100e128e01dd58848c5a5af2cf-pickup_item.scn[39m[0m
[  45% ] [90m[1msavepack[22m | Storing File: res://.godot/exported/133200997/export-968e3c716aea706d231abe083e8cf560-range_crate.scn[39m[0m
[  46% ] [90m[1msavepack[22m | Storing File: res://.godot/exported/133200997/export-f26fe175837e58804f1c48b99041ac16-hud.scn[39m[0m
[  48% ] [90m[1msavepack[22m | Storing File: res://.godot/exported/133200997/export-7c8ab5ac34e3c47bf3c717a9f913c81d-blank_start.scn[39m[0m
[  50% ] [90m[1msavepack[22m | Storing File: res://.godot/exported/133200997/export-167c8334fe3d4a1fec1ac4db2cd6276b-training_range.scn[39m[0m
[  51% ] [90m[1msavepack[22m | Storing File: res://scripts/adapters/base_ops.gdc[39m[0m
[  53% ] [90m[1msavepack[22m | Storing File: res://scripts/adapters/preview_bridge.gdc[39m[0m
[  54% ] [90m[1msavepack[22m | Storing File: res://scripts/adapters/probe_runner.gdc[39m[0m
[  56% ] [90m[1msavepack[22m | Storing File: res://scripts/core/aim_query.gdc[39m[0m
[  58% ] [90m[1msavepack[22m | Storing File: res://scripts/core/ammo_crate.gdc[39m[0m
[  59% ] [90m[1msavepack[22m | Storing File: res://scripts/core/attack_dispatcher.gdc[39m[0m
[  61% ] [90m[1msavepack[22m | Storing File: res://scripts/core/balance_profile.gdc[39m[0m
[  62% ] [90m[1msavepack[22m | Storing File: res://scripts/core/base_world.gdc[39m[0m
[  64% ] [90m[1msavepack[22m | Storing File: res://scripts/core/camera_rig.gdc[39m[0m
[  66% ] [90m[1msavepack[22m | Storing File: res://scripts/core/equipment_catalog.gdc[39m[0m
[  66% ] [90m[1msavepack[22m | Storing File: res://scripts/core/equipment_definition.gdc[39m[0m
[  68% ] [90m[1msavepack[22m | Storing File: res://scripts/core/equipment_state.gdc[39m[0m
[  69% ] [90m[1msavepack[22m | Storing File: res://scripts/core/equipment_visuals.gdc[39m[0m
[  71% ] [90m[1msavepack[22m | Storing File: res://scripts/core/interactable.gdc[39m[0m
[  73% ] [90m[1msavepack[22m | Storing File: res://scripts/core/inventory.gdc[39m[0m
[  74% ] [90m[1msavepack[22m | Storing File: res://scripts/core/melee_attack.gdc[39m[0m
[  76% ] [90m[1msavepack[22m | Storing File: res://scripts/core/pickup_item.gdc[39m[0m
[  78% ] [90m[1msavepack[22m | Storing File: res://scripts/core/player_controller.gdc[39m[0m
[  79% ] [90m[1msavepack[22m | Storing File: res://scripts/core/quest_definition.gdc[39m[0m
[  81% ] [90m[1msavepack[22m | Storing File: res://scripts/core/quest_tracker.gdc[39m[0m
[  82% ] [90m[1msavepack[22m | Storing File: res://scripts/core/ranged_attack.gdc[39m[0m
[  84% ] [90m[1msavepack[22m | Storing File: res://scripts/core/save_store.gdc[39m[0m
[  86% ] [90m[1msavepack[22m | Storing File: res://scripts/core/target_dummy.gdc[39m[0m
[  87% ] [90m[1msavepack[22m | Storing File: res://scripts/core/world_state.gdc[39m[0m
[  89% ] [90m[1msavepack[22m | Storing File: res://scripts/ui/crosshair.gdc[39m[0m
[  90% ] [90m[1msavepack[22m | Storing File: res://scripts/ui/crosshair_style.gdc[39m[0m
[  92% ] [90m[1msavepack[22m | Storing File: res://scripts/ui/hud.gdc[39m[0m
[  94% ] [90m[1msavepack[22m | Storing File: res://base_manifest.json[39m[0m
[  95% ] [90m[1msavepack[22m | Storing File: res://.godot/imported/icon.svg-218a8f2b3041327d8a5756f3a245f83b.ctex[39m[0m
[  95% ] [90m[1msavepack[22m | Storing File: res://icon.svg.import[39m[0m
[  97% ] [90m[1msavepack[22m | Storing File: res://managed-base.json[39m[0m
[  97% ] [90m[1msavepack[22m | Storing File: res://assets/materials/ammo_crate.tres.remap[39m[0m
[  97% ] [90m[1msavepack[22m | Storing File: res://assets/materials/crate_wood.tres.remap[39m[0m
[  97% ] [90m[1msavepack[22m | Storing File: res://assets/materials/pickup_kit.tres.remap[39m[0m
[  97% ] [90m[1msavepack[22m | Storing File: res://assets/materials/pistol_body.tres.remap[39m[0m
[  97% ] [90m[1msavepack[22m | Storing File: res://assets/materials/range_floor.tres.remap[39m[0m
[  97% ] [90m[1msavepack[22m | Storing File: res://assets/materials/range_wall.tres.remap[39m[0m
[  97% ] [90m[1msavepack[22m | Storing File: res://assets/materials/sword_blade.tres.remap[39m[0m
[  97% ] [90m[1msavepack[22m | Storing File: res://assets/materials/target_plate.tres.remap[39m[0m
[  97% ] [90m[1msavepack[22m | Storing File: res://craftmine_shared/base_adapter.gd.remap[39m[0m
[  97% ] [90m[1msavepack[22m | Storing File: res://craftmine_shared/runtime_bridge.gd.remap[39m[0m
[  97% ] [90m[1msavepack[22m | Storing File: res://craftmine_shared/state_guard.gd.remap[39m[0m
[  97% ] [90m[1msavepack[22m | Storing File: res://data/balance/training_range.tres.remap[39m[0m
[  97% ] [90m[1msavepack[22m | Storing File: res://data/equipment/equipment_catalog.tres.remap[39m[0m
[  97% ] [90m[1msavepack[22m | Storing File: res://data/equipment/inspection_tool.tres.remap[39m[0m
[  97% ] [90m[1msavepack[22m | Storing File: res://data/equipment/pistol.tres.remap[39m[0m
[  97% ] [90m[1msavepack[22m | Storing File: res://data/equipment/practice_sword.tres.remap[39m[0m
[  97% ] [90m[1msavepack[22m | Storing File: res://data/quests/range_basic.tres.remap[39m[0m
[  97% ] [90m[1msavepack[22m | Storing File: res://data/ui/crosshair_melee.tres.remap[39m[0m
[  97% ] [90m[1msavepack[22m | Storing File: res://data/ui/crosshair_precision.tres.remap[39m[0m
[  97% ] [90m[1msavepack[22m | Storing File: res://scenes/actors/player.tscn.remap[39m[0m
[  97% ] [90m[1msavepack[22m | Storing File: res://scenes/actors/target_dummy.tscn.remap[39m[0m
[  97% ] [90m[1msavepack[22m | Storing File: res://scenes/props/ammo_crate.tscn.remap[39m[0m
[  97% ] [90m[1msavepack[22m | Storing File: res://scenes/props/pickup_item.tscn.remap[39m[0m
[  97% ] [90m[1msavepack[22m | Storing File: res://scenes/props/range_crate.tscn.remap[39m[0m
[  97% ] [90m[1msavepack[22m | Storing File: res://scenes/ui/hud.tscn.remap[39m[0m
[  97% ] [90m[1msavepack[22m | Storing File: res://scenes/blank_start.tscn.remap[39m[0m
[  97% ] [90m[1msavepack[22m | Storing File: res://scenes/training_range.tscn.remap[39m[0m
[  97% ] [90m[1msavepack[22m | Storing File: res://scripts/adapters/base_ops.gd.remap[39m[0m
[  97% ] [90m[1msavepack[22m | Storing File: res://scripts/adapters/preview_bridge.gd.remap[39m[0m
[  97% ] [90m[1msavepack[22m | Storing File: res://scripts/adapters/probe_runner.gd.remap[39m[0m
[  97% ] [90m[1msavepack[22m | Storing File: res://scripts/core/aim_query.gd.remap[39m[0m
[  97% ] [90m[1msavepack[22m | Storing File: res://scripts/core/ammo_crate.gd.remap[39m[0m
[  97% ] [90m[1msavepack[22m | Storing File: res://scripts/core/attack_dispatcher.gd.remap[39m[0m
[  97% ] [90m[1msavepack[22m | Storing File: res://scripts/core/balance_profile.gd.remap[39m[0m
[  97% ] [90m[1msavepack[22m | Storing File: res://scripts/core/base_world.gd.remap[39m[0m
[  97% ] [90m[1msavepack[22m | Storing File: res://scripts/core/camera_rig.gd.remap[39m[0m
[  97% ] [90m[1msavepack[22m | Storing File: res://scripts/core/equipment_catalog.gd.remap[39m[0m
[  97% ] [90m[1msavepack[22m | Storing File: res://scripts/core/equipment_definition.gd.remap[39m[0m
[  97% ] [90m[1msavepack[22m | Storing File: res://scripts/core/equipment_state.gd.remap[39m[0m
[  97% ] [90m[1msavepack[22m | Storing File: res://scripts/core/equipment_visuals.gd.remap[39m[0m
[  97% ] [90m[1msavepack[22m | Storing File: res://scripts/core/interactable.gd.remap[39m[0m
[  97% ] [90m[1msavepack[22m | Storing File: res://scripts/core/inventory.gd.remap[39m[0m
[  97% ] [90m[1msavepack[22m | Storing File: res://scripts/core/melee_attack.gd.remap[39m[0m
[  97% ] [90m[1msavepack[22m | Storing File: res://scripts/core/pickup_item.gd.remap[39m[0m
[  97% ] [90m[1msavepack[22m | Storing File: res://scripts/core/player_controller.gd.remap[39m[0m
[  97% ] [90m[1msavepack[22m | Storing File: res://scripts/core/quest_definition.gd.remap[39m[0m
[  97% ] [90m[1msavepack[22m | Storing File: res://scripts/core/quest_tracker.gd.remap[39m[0m
[  97% ] [90m[1msavepack[22m | Storing File: res://scripts/core/ranged_attack.gd.remap[39m[0m
[  97% ] [90m[1msavepack[22m | Storing File: res://scripts/core/save_store.gd.remap[39m[0m
[  97% ] [90m[1msavepack[22m | Storing File: res://scripts/core/target_dummy.gd.remap[39m[0m
[  97% ] [90m[1msavepack[22m | Storing File: res://scripts/core/world_state.gd.remap[39m[0m
[  97% ] [90m[1msavepack[22m | Storing File: res://scripts/ui/crosshair.gd.remap[39m[0m
[  97% ] [90m[1msavepack[22m | Storing File: res://scripts/ui/crosshair_style.gd.remap[39m[0m
[  97% ] [90m[1msavepack[22m | Storing File: res://scripts/ui/hud.gd.remap[39m[0m
[  97% ] [90m[1msavepack[22m | Storing File: res://.godot/global_script_class_cache.cfg[39m[0m
[  97% ] [90m[1msavepack[22m | Storing File: res://icon.svg[39m[0m
[  97% ] [90m[1msavepack[22m | Storing File: res://.godot/uid_cache.bin[39m[0m
[  97% ] [90m[1msavepack[22m | Storing File: res://project.binary[39m[0m
[92m[ DONE ][39m [1msavepack[22m
[0m
