✔ recognition appends to the current draft without dropping attachments or whitespace (0.7422ms)
✔ empty recognition never erases or changes the draft (0.0737ms)
✔ native exclusion reserves compact/full and restores exact requested geometry (1.1425ms)
✔ invalid states and hostile numeric geometry fail before native mutation (0.3789ms)
✔ finite native shortcuts reject IME repeats modifiers and key releases (0.1561ms)
✔ game guard blocks pointer/key press but restores iframe policy on release (0.4027ms)
✔ plugin guard blocks opaque game frames while preserving workbench controls (0.1706ms)
✔ existing layout preferences migrate without opening an overlay (0.8705ms)
✔ presentation transitions preserve widths and open no session or task (0.1206ms)
✔ application shortcuts toggle levels and Escape closes only an open layer (0.083ms)
✔ IME, repeat, modifiers and higher layers retain their input (0.101ms)
✔ checked completion rereads host facts and coalesces duplicate callbacks (2.4689ms)
✔ missing consent never invokes application (0.1542ms)
✔ failed completion never applies (0.3163ms)
✔ cancelled completion never applies (0.1833ms)
✔ buildOnly completion never applies (0.2004ms)
✔ foreignTask completion never applies (0.2765ms)
✔ staleSource completion never applies (0.2405ms)
✔ forgedProof completion never applies (0.2214ms)
✔ unready completion never applies (0.1931ms)
✔ inactive completion never applies (0.1711ms)
✔ revoked during launch prevents commit (0.3181ms)
✔ cancelled during launch prevents commit (0.1647ms)
✔ sourceChanged during launch prevents commit (0.2475ms)
✔ model-supplied proof and unbounded arguments are rejected (0.4764ms)
✔ unknown wishes stay manual and cannot silently auto-apply startup proof (0.1054ms)
✔ downgraded or omitted wish check cannot auto-apply (0.2691ms)
✔ freezes exact placement and validates actual new identity/count/location (1.4431ms)
✔ exact scale targets original object; compound wishes remain unverified (0.3667ms)
✔ direct changes and delete have frozen values; mutated requirements cannot pass job binding (0.6119ms)
✔ creation core descriptor parses only exact canonical hash and scoped engine observation (1.2632ms)
✔ original first-person requirement digest contract remains unchanged (0.1209ms)
✔ undo freezes formal inverse and refuses replay or changed actual entities (0.3458ms)
✔ canonical requirement digest agrees with Rust numeric encoding (0.0863ms)
✔ harvest accepts only the complete exact wish and preserves explicit expectations (0.3455ms)
✔ frozen evaluation variants are exact bounded phrases, not keyword matching (0.42ms)
✔ placement and direct modification cannot pass with hidden or nonblocking objects (0.2037ms)
✔ undo also freezes untouched objects instead of checking only their count (0.2076ms)
✔ existing declared behavior may regrow while an unrelated wish is being checked (0.1484ms)
✔ ordinary door opening may advance but does not authorize hiding the door (0.1204ms)
✔ undo reads immutable formal contentOid and returns last actually reversible operation (1.3493ms)
✔ changed journal bytes metadata or formal build rejects undo history (0.4312ms)
✔ changed live objects cannot make an older inverse look applicable (0.1344ms)
✔ a formal build without a journal has no invented undo entry (0.1073ms)
✔ direct adoption rejects unfrozen requirements before reading a candidate (0.3436ms)
✔ direct edit derives identity from host, checks current revision and applies only after passed job (3.0722ms)
✔ replay does not start a second task and another owner cannot inspect status (0.7338ms)
✔ failed check keeps candidate unadopted and closes the editing turn (0.4456ms)
✔ unavailable execution never applies unchecked edits (0.363ms)
✔ renderer cannot inject identity, arbitrary operations or invalid dimensions (0.1735ms)
✔ completed durable operation survives service restart and owner rebind without new writes (5.2536ms)
✔ restart marks unfinished operation interrupted and never automatically repeats a patch (2.0148ms)
✔ state persistence failure before a turn refuses work; after application it reports uncertainty (5.117ms)
✔ side-view projects creation entities on x/y plane (1.1212ms)
✔ mining-sandbox uses same durable projection and preserves identity (0.1408ms)
✔ unsupported base is rejected before rendering (0.6179ms)
✔ real-request fence survives process restart and same request replay (2.0805ms)
✔ a real ground hit beside an existing object is not necessarily a valid placement (0.5042ms)
✔ evaluator refuses unknown geometry, player overlap and boundary overflow without inventing a point (0.0928ms)
✔ automatic title changes cannot break resumption of the same actual evaluation configuration (1.3465ms)
✔ private evaluation identity persists across reopen and detects configuration substitution (3.1726ms)
✔ startup-only candidate remains explicitly unsupported for requirement completion (0.4702ms)
✔ only the actual formal build is presented as adopted across restart (0.0928ms)
✔ cancelled and interrupted jobs retain their actual outcome and wrong worlds are rejected (0.2619ms)
✔ preview.10 LF and CRLF stock upgrades all changed core files in one CAS and preserves every user file (323.0628ms)
✔ current stock creates no patch or migration advance (146.9648ms)
✔ current protected observer permits authored mutable world code without replacing it (148.0133ms)
✔ unknown customized core and unrelated unapplied draft changes are preserved and explicitly refused (304.1291ms)
✔ lost committed patch response recovers original receipt without repeating the patch (151.7519ms)
✔ new host turn recovers a committed migration after lost capture-bind record without accepting extra changes (152.8049ms)
✔ fixed selector and autoload must be exact and unique; unrelated settings remain allowed (0.1281ms)
✔ host freezes sample and binds it to the exact project/session/turn (5.6357ms)
✔ forged renderer snapshots, another owner, and cross-session handles are rejected (1.362ms)
✔ a new-chat capture can be claimed once by the first session in its host project (1.8478ms)
✔ world, instance, build, source and expiry changes fail before binding (1.2057ms)
✔ only one concurrent turn can consume an opaque capture (1.8609ms)
✔ world consent defaults off, survives restart, and revocation applies to an active turn (5.2491ms)
✔ invalid runtime samples and mid-sample transitions never create a handle (0.8442ms)
✔ no hit preserves world context and owner revocation removes pending handles (1.5023ms)
✔ editable target uses the same sampled entity values and rejects mismatched or duplicate entities (1.4797ms)
✔ only finite host entity/ground hits become visible targets (1.5045ms)
✔ no ray hit retains world context without inventing a placement point (0.113ms)
✔ submitted context is an isolated opaque snapshot, not a mutable aiming vector (0.0918ms)
✔ creation-world starters come from their own delivered catalog (0.2264ms)
✔ older hosts retain their legacy starter choices without inventing creation-world support (0.079ms)
✔ actual adoption and requirement verification remain separate claims (0.5345ms)
✔ unknown phase, wrong session and malformed host status are rejected (0.1801ms)
✔ terminal host state stays visible until changed and a reopened observer rereads it (0.1617ms)
✔ world-change refresh and disposal reject old asynchronous results (0.3957ms)
✔ read failure never converts the last known task to success (0.1277ms)
✔ interruption cancellation and successful recovery have distinct visible outcomes (0.0629ms)
✔ new instances are paused and the overlay cannot undo manual pause (1.0242ms)
✔ overlay close resumes only manually running instances (0.179ms)
✔ rapid toggles serialize commands and reconcile latest intent before resolving callers (2.1817ms)
✔ a changed overlay while pause acknowledgement waits is reconciled (0.2851ms)
✔ detached acknowledgements reject without touching a new runtime (0.4915ms)
✔ failure rejects all waiters, latches manual pause and never auto-resumes (0.31ms)
✔ overlay observes every runtime even when one fails to pause (0.1708ms)
✔ manual intent remains distinct from overlay hold and attached status (0.1333ms)
✔ fake provider transcript is returned only after release for draft correction (1.6042ms)
✔ release while microphone permission is pending stops the late fake stream (0.214ms)
✔ permission denied and absent microphone have distinct states (0.2188ms)
✔ cancel, blur, world/session replacement and late fake provider results never append (0.3012ms)
✔ mismatched context response fails without entering the draft (0.289ms)
✔ wall-clock timeout releases a fake recording (26.0685ms)
✔ worklet emits at most 480000 synthetic samples and flushes partial chunks on release (8.4784ms)
✔ sample limit produces bounded PCM WAV and rejects empty/oversize allocation (13.0032ms)
✔ main cancellation is owner/request scoped and rejects late results (0.4526ms)
✔ unsupported platform and missing recognizer report capability without capture (0.2025ms)
✔ capability lookup shares one owned process, caches success, and disposal stops future work (0.235ms)
✔ window cancellation and disposal kill capability jobs and reject late enumeration results (0.1167ms)
✔ malformed capability success data becomes disabled UI with a safe locale array (0.1088ms)
✔ Windows local engine can enumerate and process synthetic silence without microphone capture (914.2792ms)
✔ cancel terminates a real hidden capability process without opening microphone (30.1203ms)
✔ Chinese aliases select the declared script region and never a different installed language (0.1352ms)
✔ recheck enumerates newly installed languages instead of returning cached success (0.1152ms)
✔ recording freezes its language before a UI locale change and reports the actual result locale (0.1507ms)
✔ wrong-language provider results never enter the draft and main rejects them too (0.1989ms)
✔ real Windows provider rejects a missing language without using a fallback or a microphone (257.6953ms)
✔ one valid arm permits only one actual audio request, never a standing permission (0.5556ms)
✔ arm validates owner, exact document, main frame, and bounded identity (0.2137ms)
✔ world/plugin frames, video, display capture, missing or mixed media types cannot consume arm (0.1198ms)
✔ expiry, navigation, cancellation, blur/destroy disposal revoke unused microphone grant (0.174ms)
ℹ tests 123
ℹ suites 0
ℹ pass 123
ℹ fail 0
ℹ cancelled 0
ℹ skipped 0
ℹ todo 0
ℹ duration_ms 1956.487
