✔ 空白底座、完整源哈希和真实引擎初始快照可实例化 (31.5095ms)
✔ 五种实体和源码生成机关均使用同一合同 (1.0325ms)
✔ creation entities retain stable identity and x/z render coordinates across reopen (1.2282ms)
✔ missing creation scene is an empty world (0.2931ms)
✔ 视图投影拒绝无效完整合同及错误参数 (0.7059ms)
✔ shipped guidance and every reference hash match real versioned source (1.2067ms)
✔ actual broker catalog then paged skill/reference read uses bound source and loads text (10.1749ms)
✔ unknown IDs, traversal, version, hash, forged identity and page errors fail before host reads (1.3585ms)
✔ unsupported base/engine/build gives an empty catalog and rejects pinned skill reads (4.8212ms)
✔ missing, customized and foreign interface source is rejected (0.3278ms)
✔ manifest, capabilities, initial prompt and product discovery expose the new route (1.1725ms)
✔ 造物指导按真实底座和三个接口哈希匹配，普通脚本示例可以分页读取 (13.0251ms)
✔ production plugin build includes exact guidance resources and serves a pinned body (231.0699ms)
✔ only closed original artifact with its exact shared 25 reservation baseline is accepted (0.6275ms)
✔ prior attempted cases cannot be submitted and previously untouched continuation has one attempt (0.1405ms)
✔ continuation never resets or changes inherited reservation identity and caps the combined ledger at 40 (0.1555ms)
✔ paused restore tolerates only verified countdown progression and rejects reset rewards or unrelated changes (0.4956ms)
✔ only the explicit stale target rejection with zero dispatch evidence can recover (0.9144ms)
✔ a submitted attempt, any actual call, accounting uncertainty or changed budget cannot replay (0.6995ms)
✔ a different or unfinished turn cannot satisfy the failed attempt evidence (0.1735ms)
✔ fixed next-batch suite has bounded distinct original inputs (0.879ms)
✔ model completion text and empty evidence cannot pass a real-model evaluation (0.2266ms)
✔ first attempt repair human intervention and environment failures are separate classes (0.0815ms)
✔ aggregate keeps environment failures in denominators and leaves unreported cost unknown (0.1877ms)
✔ polling is not a repair and duplicate transcript rows are not counted twice (0.2429ms)
✔ CA01 needs actual candidate identity collision matching target and complete fresh-process state (1.048ms)
✔ CA02 checks same object and actual double collision height, not prose or declared scale alone (0.2695ms)
✔ observation-only state can never substitute for complete progress (0.2076ms)
✔ all five creation kinds produce bounded durable source patches without altering input (3.2417ms)
✔ first operation materializes the blank creation scene when a new base has no scene file (0.1969ms)
✔ modification preserves stable chest identity and immutable one-time reward declaration (0.5624ms)
✔ duplicates mint deterministic separate stable identities and reject count/occupancy limits (0.6547ms)
✔ explicit positions are bounded; here needs authoritative hit; player and obstacle overlap reject (0.4184ms)
✔ world/build/instance/source/manifest/snapshot mismatches and removed targets fail closed (0.3029ms)
✔ same operation replay returns original receipt after source moves; changed payload conflicts (0.2556ms)
✔ environment edits only declared defaults and no caller-defined source or parameter escapes (0.2238ms)
✔ new sequence door emits actual deterministic source and hashed runtime declaration (0.5795ms)
✔ operation ledger is bounded and schema advertises precisely supported action branches (0.2194ms)
✔ full ledger rejects new operations without pruning replay identity (11.4093ms)
✔ reserved historical entity IDs cannot be reused after source removal (0.5809ms)
✔ players near the walking boundary can create at a valid interior target (0.1746ms)
✔ large append-only ledgers pass the former 64-entry and 120k limits and report remaining capacity (32.8528ms)
✔ delete and undo retain stable chest identity without touching player reward ledgers (0.5625ms)
✔ undo modify rejects later changes and restore into occupied player space (0.4902ms)
✔ deletion and undo creation fail closed around arbitrary authored rule dependencies (0.3533ms)
✔ legacy journal without inverse remains replayable but cannot claim reversible history (0.2135ms)
✔ entity behavior declarations accept bounded existing ownership and retain deletion guard (0.2802ms)
✔ PCK independently binds actual packed scripts and compiled selectors to claimed source bytes (1.6788ms)
✔ exported script changes fail even with a freshly valid MD5 and unchanged source pin list (0.4891ms)
✔ compiled selector changes fail even when all three protected scripts match source (0.6485ms)
✔ resource remaps, duplicate paths, traversal, encrypted entries and format changes fail closed (2.307ms)
✔ binary project reader skips only length-bounded unrelated variants and rejects selector aliases (0.3195ms)
✔ truncation, out-of-range file offsets and raw data corruption are refused (0.204ms)
✔ creation migration preserves latest progress and historical reward ledgers and adds only fresh doors/rules (1.5385ms)
✔ explicit authored time edit takes effect while an unchanged default preserves play time (0.2162ms)
✔ foreign identity and malformed progress fail before migration (0.9245ms)
✔ 静态投影保留场景版本与身份，但不能生成主机快照或玩法状态 (1.7531ms)
✔ 包围盒按实体底部与缩放后的半高计算中心，旋转交换水平边界 (0.2404ms)
✔ 平面选中仅从已验证文档推导，不声称是引擎射线 (0.3628ms)
✔ 非法场景、非数坐标与投影参数在合同边界拒绝 (0.4774ms)
﹣ generated GDScript executes ordered signals, wrong-order reset, one-shot latch and restore in headless Godot (0.3407ms) # SKIP
✔ host-bound target uses formal build, pages real Rust limits, and advances own multi-operation source (6.2491ms)
✔ a committed lost reply is read exactly once and does not duplicate a placement (3.9999ms)
✔ forged snapshot binding, switched runtime and current player collision cannot write (3.9765ms)
✔ a wrong operation replay payload cannot silently replace the prior receipt (4.4098ms)
✔ a new task may reindex identical formal bytes but unrelated source is never rebased (3.9306ms)
✔ one model read waits for actual terminal result without writes or enqueues (1.3915ms)
✔ passed returns immediately (0.191ms)
✔ failed returns immediately (0.1127ms)
✔ cancelled returns immediately (0.0881ms)
✔ interrupted returns immediately (0.1034ms)
✔ blocked returns immediately (0.0953ms)
✔ deadline returns last real state and sample age without inventing completion (0.7019ms)
✔ zero wait performs one bounded immediate read (0.149ms)
✔ cancellation during pause prevents further reads (0.3764ms)
✔ world switch during wait rejects the result (0.2093ms)
✔ different identity or unknown status cannot finish the original read: {"worldId":"foreign"} (0.1459ms)
✔ different identity or unknown status cannot finish the original read: {"jobId":"foreign"} (0.0819ms)
✔ different identity or unknown status cannot finish the original read: {"buildId":"changed"} (0.0631ms)
✔ different identity or unknown status cannot finish the original read: {"taskId":"changed"} (0.0546ms)
✔ different identity or unknown status cannot finish the original read: {"status":"invented"} (0.0654ms)
✔ caller or transport mutation cannot change later request binding (0.1261ms)
✔ hung core read is bounded even when a fixture ignores the RPC timeout (34.1712ms)
✔ cancelled turn interrupts a pending real timer read before its deadline (109.0304ms)
✔ a slow subsequent read returns truthful stale age and timeout reason (30.5524ms)
✔ invalid wait configuration and extra request identity fail before core (0.5729ms)
✔ the actual old domain reproduces both Godot wrong-format failures (2.0974ms)
✔ default project_inspect routes five real Godot scene shapes to host source identity (2.1096ms)
✔ generic capability sections return actual Godot tools and never voxel/JavaScript schemas (1.6955ms)
✔ capability text pagination preserves exact complete Unicode data (3.7801ms)
✔ missing Godot project is explicit and never manufactures an empty valid world (0.3667ms)
✔ permissions and crossed world/source identity still reject (0.3562ms)
✔ read-only discussion can inspect Godot while legacy contracts retain their actual old shape (0.5794ms)
ℹ tests 93
ℹ suites 0
ℹ pass 92
ℹ fail 0
ℹ cancelled 0
ℹ skipped 1
ℹ todo 0
ℹ duration_ms 725.5805
