✔ recognition appends to the current draft without dropping attachments or whitespace (0.4867ms)
✔ empty recognition never erases or changes the draft (0.0711ms)
✔ native exclusion reserves compact/full and restores exact requested geometry (0.8428ms)
✔ invalid states and hostile numeric geometry fail before native mutation (0.3132ms)
✔ finite native shortcuts reject IME repeats modifiers and key releases (0.1026ms)
✔ game guard blocks pointer/key press but restores iframe policy on release (0.309ms)
✔ plugin guard blocks opaque game frames while preserving workbench controls (0.0921ms)
✔ existing layout preferences migrate without opening an overlay (0.8478ms)
✔ presentation transitions preserve widths and open no session or task (0.1213ms)
✔ application shortcuts toggle levels and Escape closes only an open layer (0.0962ms)
✔ IME, repeat, modifiers and higher layers retain their input (0.0927ms)
✔ checked completion rereads host facts and coalesces duplicate callbacks (2.4413ms)
✔ missing consent never invokes application (0.1555ms)
✔ failed completion never applies (0.3123ms)
✔ cancelled completion never applies (0.1816ms)
✔ buildOnly completion never applies (0.1808ms)
✔ foreignTask completion never applies (0.3233ms)
✔ staleSource completion never applies (0.282ms)
✔ forgedProof completion never applies (0.2183ms)
✔ unready completion never applies (0.2065ms)
✔ inactive completion never applies (0.176ms)
✔ revoked during launch prevents commit (0.3151ms)
✔ cancelled during launch prevents commit (0.1886ms)
✔ sourceChanged during launch prevents commit (0.2603ms)
✔ model-supplied proof and unbounded arguments are rejected (0.5232ms)
✔ unknown wishes stay manual and cannot silently auto-apply startup proof (0.1186ms)
✔ downgraded or omitted wish check cannot auto-apply (0.2759ms)
✔ freezes exact placement and validates actual new identity/count/location (1.431ms)
✔ exact scale targets original object; compound wishes remain unverified (0.3442ms)
✔ direct changes and delete have frozen values; mutated requirements cannot pass job binding (0.5832ms)
✔ creation core descriptor parses only exact canonical hash and scoped engine observation (1.1902ms)
✔ original first-person requirement digest contract remains unchanged (0.1131ms)
✔ undo freezes formal inverse and refuses replay or changed actual entities (0.3364ms)
✔ canonical requirement digest agrees with Rust numeric encoding (0.0903ms)
✔ harvest accepts only the complete exact wish and preserves explicit expectations (0.3336ms)
✔ frozen evaluation variants are exact bounded phrases, not keyword matching (0.4604ms)
✔ placement and direct modification cannot pass with hidden or nonblocking objects (0.2074ms)
✔ undo also freezes untouched objects instead of checking only their count (0.2267ms)
✔ existing declared behavior may regrow while an unrelated wish is being checked (0.1379ms)
✔ ordinary door opening may advance but does not authorize hiding the door (0.1171ms)
✔ undo reads immutable formal contentOid and returns last actually reversible operation (1.3013ms)
✔ changed journal bytes metadata or formal build rejects undo history (0.4284ms)
✔ changed live objects cannot make an older inverse look applicable (0.1284ms)
✔ a formal build without a journal has no invented undo entry (0.1165ms)
✔ direct adoption rejects unfrozen requirements before reading a candidate (0.3538ms)
✔ direct edit derives identity from host, checks current revision and applies only after passed job (2.7493ms)
✔ replay does not start a second task and another owner cannot inspect status (0.7074ms)
✔ failed check keeps candidate unadopted and closes the editing turn (0.4838ms)
✔ unavailable execution never applies unchecked edits (0.3306ms)
✔ renderer cannot inject identity, arbitrary operations or invalid dimensions (0.17ms)
✔ completed durable operation survives service restart and owner rebind without new writes (5.1621ms)
✔ restart marks unfinished operation interrupted and never automatically repeats a patch (2.2677ms)
✔ state persistence failure before a turn refuses work; after application it reports uncertainty (5.7217ms)
✔ side-view projects creation entities on x/y plane (1.1534ms)
✔ mining-sandbox uses same durable projection and preserves identity (0.1466ms)
✔ unsupported base is rejected before rendering (0.6553ms)
✔ real-request fence survives process restart and same request replay (2.108ms)
✔ a real ground hit beside an existing object is not necessarily a valid placement (0.5056ms)
✔ evaluator refuses unknown geometry, player overlap and boundary overflow without inventing a point (0.1023ms)
✔ startup-only candidate remains explicitly unsupported for requirement completion (0.4305ms)
✔ only the actual formal build is presented as adopted across restart (0.0859ms)
✔ cancelled and interrupted jobs retain their actual outcome and wrong worlds are rejected (0.2462ms)
✔ preview.10 LF and CRLF stock upgrades all changed core files in one CAS and preserves every user file (365.2154ms)
✔ current stock creates no patch or migration advance (164.5874ms)
✔ current protected observer permits authored mutable world code without replacing it (165.9334ms)
✔ unknown customized core and unrelated unapplied draft changes are preserved and explicitly refused (321.9435ms)
✔ lost committed patch response recovers original receipt without repeating the patch (167.8507ms)
✔ new host turn recovers a committed migration after lost capture-bind record without accepting extra changes (167.8594ms)
✔ fixed selector and autoload must be exact and unique; unrelated settings remain allowed (0.1253ms)
✔ host freezes sample and binds it to the exact project/session/turn (6.394ms)
✔ forged renderer snapshots, another owner, and cross-session handles are rejected (1.052ms)
✔ a new-chat capture can be claimed once by the first session in its host project (2.342ms)
✔ world, instance, build, source and expiry changes fail before binding (1.5446ms)
✔ only one concurrent turn can consume an opaque capture (2.9861ms)
✔ world consent defaults off, survives restart, and revocation applies to an active turn (9.8939ms)
✔ invalid runtime samples and mid-sample transitions never create a handle (0.8643ms)
✔ no hit preserves world context and owner revocation removes pending handles (0.6479ms)
✔ editable target uses the same sampled entity values and rejects mismatched or duplicate entities (1.7087ms)
✔ only finite host entity/ground hits become visible targets (1.4925ms)
✔ no ray hit retains world context without inventing a placement point (0.1062ms)
✔ submitted context is an isolated opaque snapshot, not a mutable aiming vector (0.0975ms)
✔ creation-world starters come from their own delivered catalog (0.2418ms)
✔ older hosts retain their legacy starter choices without inventing creation-world support (0.082ms)
✔ actual adoption and requirement verification remain separate claims (0.5603ms)
✔ unknown phase, wrong session and malformed host status are rejected (0.1841ms)
✔ terminal host state stays visible until changed and a reopened observer rereads it (0.1769ms)
✔ world-change refresh and disposal reject old asynchronous results (0.4381ms)
✔ read failure never converts the last known task to success (0.1359ms)
✔ interruption cancellation and successful recovery have distinct visible outcomes (0.0662ms)
✔ new instances are paused and the overlay cannot undo manual pause (1.1402ms)
✔ overlay close resumes only manually running instances (0.8777ms)
✔ rapid toggles serialize commands and reconcile latest intent before resolving callers (3.7301ms)
✔ a changed overlay while pause acknowledgement waits is reconciled (0.6727ms)
✔ detached acknowledgements reject without touching a new runtime (0.9339ms)
✔ failure rejects all waiters, latches manual pause and never auto-resumes (0.5957ms)
✔ overlay observes every runtime even when one fails to pause (0.2076ms)
✔ manual intent remains distinct from overlay hold and attached status (0.1389ms)
✔ fake provider transcript is returned only after release for draft correction (1.7835ms)
✔ release while microphone permission is pending stops the late fake stream (0.2413ms)
✔ permission denied and absent microphone have distinct states (0.2306ms)
✔ cancel, blur, world/session replacement and late fake provider results never append (0.3444ms)
✔ mismatched context response fails without entering the draft (0.3128ms)
✔ wall-clock timeout releases a fake recording (35.0776ms)
✔ worklet emits at most 480000 synthetic samples and flushes partial chunks on release (8.8033ms)
✔ sample limit produces bounded PCM WAV and rejects empty/oversize allocation (13.2135ms)
✔ main cancellation is owner/request scoped and rejects late results (0.5048ms)
✔ unsupported platform and missing recognizer report capability without capture (0.2091ms)
✔ capability lookup shares one owned process, caches success, and disposal stops future work (0.2364ms)
✔ window cancellation and disposal kill capability jobs and reject late enumeration results (0.103ms)
✔ malformed capability success data becomes disabled UI with a safe locale array (0.1188ms)
✔ Windows local engine can enumerate and process synthetic silence without microphone capture (923.2268ms)
✔ cancel terminates a real hidden capability process without opening microphone (33.8765ms)
✔ Chinese aliases select the declared script region and never a different installed language (0.1326ms)
✔ recheck enumerates newly installed languages instead of returning cached success (0.1248ms)
✔ recording freezes its language before a UI locale change and reports the actual result locale (0.1635ms)
✔ wrong-language provider results never enter the draft and main rejects them too (0.2052ms)
✔ real Windows provider rejects a missing language without using a fallback or a microphone (268.8536ms)
✔ one valid arm permits only one actual audio request, never a standing permission (0.5257ms)
✔ arm validates owner, exact document, main frame, and bounded identity (0.1234ms)
✔ world/plugin frames, video, display capture, missing or mixed media types cannot consume arm (0.1169ms)
✔ expiry, navigation, cancellation, blur/destroy disposal revoke unused microphone grant (0.1611ms)
ℹ tests 121
ℹ suites 0
ℹ pass 121
ℹ fail 0
ℹ cancelled 0
ℹ skipped 0
ℹ todo 0
ℹ duration_ms 2007.4636
