✔ 空白底座、完整源哈希和真实引擎初始快照可实例化 (39.9555ms)
✔ 五种实体和源码生成机关均使用同一合同 (1.6046ms)
✔ creation entities retain stable identity and x/z render coordinates across reopen (1.2964ms)
✔ missing creation scene is an empty world (0.2585ms)
✔ 视图投影拒绝无效完整合同及错误参数 (0.743ms)
✔ shipped guidance and every reference hash match real versioned source (1.6892ms)
✔ actual broker catalog then paged skill/reference read uses bound source and loads text (10.3555ms)
✔ unknown IDs, traversal, version, hash, forged identity and page errors fail before host reads (1.4838ms)
✔ unsupported base/engine/build gives an empty catalog and rejects pinned skill reads (5.8362ms)
✔ missing, customized and foreign interface source is rejected (0.4403ms)
✔ manifest, capabilities, initial prompt and product discovery expose the new route (1.4128ms)
✔ 造物指导按真实底座和三个接口哈希匹配，普通脚本示例可以分页读取 (14.6779ms)
✔ production plugin build includes exact guidance resources and serves a pinned body (299.1024ms)
✔ fixed next-batch suite has bounded distinct original inputs (1.3567ms)
✔ model completion text and empty evidence cannot pass a real-model evaluation (0.2631ms)
✔ first attempt repair human intervention and environment failures are separate classes (0.0932ms)
✔ aggregate keeps environment failures in denominators and leaves unreported cost unknown (0.2204ms)
✔ polling is not a repair and duplicate transcript rows are not counted twice (0.2792ms)
✔ CA01 needs actual candidate identity collision matching target and complete fresh-process state (1.1935ms)
✔ CA02 checks same object and actual double collision height, not prose or declared scale alone (0.2966ms)
✔ observation-only state can never substitute for complete progress (0.252ms)
✔ all five creation kinds produce bounded durable source patches without altering input (3.8668ms)
✔ first operation materializes the blank creation scene when a new base has no scene file (0.4358ms)
✔ modification preserves stable chest identity and immutable one-time reward declaration (1.0222ms)
✔ duplicates mint deterministic separate stable identities and reject count/occupancy limits (1.3126ms)
✔ explicit positions are bounded; here needs authoritative hit; player and obstacle overlap reject (0.8564ms)
✔ world/build/instance/source/manifest/snapshot mismatches and removed targets fail closed (0.6255ms)
✔ same operation replay returns original receipt after source moves; changed payload conflicts (0.4568ms)
✔ environment edits only declared defaults and no caller-defined source or parameter escapes (0.4383ms)
✔ new sequence door emits actual deterministic source and hashed runtime declaration (1.1144ms)
✔ operation ledger is bounded and schema advertises precisely supported action branches (0.3811ms)
✔ full ledger rejects new operations without pruning replay identity (13.3925ms)
✔ reserved historical entity IDs cannot be reused after source removal (0.37ms)
✔ players near the walking boundary can create at a valid interior target (0.1859ms)
✔ large append-only ledgers pass the former 64-entry and 120k limits and report remaining capacity (39.707ms)
✔ delete and undo retain stable chest identity without touching player reward ledgers (0.6152ms)
✔ undo modify rejects later changes and restore into occupied player space (0.5139ms)
✔ deletion and undo creation fail closed around arbitrary authored rule dependencies (0.3674ms)
✔ legacy journal without inverse remains replayable but cannot claim reversible history (0.2263ms)
✔ entity behavior declarations accept bounded existing ownership and retain deletion guard (0.3109ms)
✔ PCK independently binds actual packed scripts and compiled selectors to claimed source bytes (3.0222ms)
✔ exported script changes fail even with a freshly valid MD5 and unchanged source pin list (0.4722ms)
✔ compiled selector changes fail even when all three protected scripts match source (0.2983ms)
✔ resource remaps, duplicate paths, traversal, encrypted entries and format changes fail closed (1.8116ms)
✔ binary project reader skips only length-bounded unrelated variants and rejects selector aliases (0.573ms)
✔ truncation, out-of-range file offsets and raw data corruption are refused (0.3624ms)
✔ creation migration preserves latest progress and historical reward ledgers and adds only fresh doors/rules (1.7056ms)
✔ explicit authored time edit takes effect while an unchanged default preserves play time (0.2326ms)
✔ foreign identity and malformed progress fail before migration (0.9287ms)
✔ 静态投影保留场景版本与身份，但不能生成主机快照或玩法状态 (1.7735ms)
✔ 包围盒按实体底部与缩放后的半高计算中心，旋转交换水平边界 (0.256ms)
✔ 平面选中仅从已验证文档推导，不声称是引擎射线 (0.3622ms)
✔ 非法场景、非数坐标与投影参数在合同边界拒绝 (0.4866ms)
﹣ generated GDScript executes ordered signals, wrong-order reset, one-shot latch and restore in headless Godot (0.3553ms) # SKIP
✔ host-bound target uses formal build, pages real Rust limits, and advances own multi-operation source (10.8484ms)
✔ a committed lost reply is read exactly once and does not duplicate a placement (6.8954ms)
✔ forged snapshot binding, switched runtime and current player collision cannot write (5.0883ms)
✔ a wrong operation replay payload cannot silently replace the prior receipt (6.5885ms)
✔ a new task may reindex identical formal bytes but unrelated source is never rebased (4.3252ms)
✔ one model read waits for actual terminal result without writes or enqueues (1.4591ms)
✔ passed returns immediately (0.2056ms)
✔ failed returns immediately (0.116ms)
✔ cancelled returns immediately (0.0947ms)
✔ interrupted returns immediately (0.1196ms)
✔ blocked returns immediately (0.0874ms)
✔ deadline returns last real state and sample age without inventing completion (0.9492ms)
✔ zero wait performs one bounded immediate read (0.1815ms)
✔ cancellation during pause prevents further reads (0.4675ms)
✔ world switch during wait rejects the result (0.2526ms)
✔ different identity or unknown status cannot finish the original read: {"worldId":"foreign"} (0.1549ms)
✔ different identity or unknown status cannot finish the original read: {"jobId":"foreign"} (0.0822ms)
✔ different identity or unknown status cannot finish the original read: {"buildId":"changed"} (0.0634ms)
✔ different identity or unknown status cannot finish the original read: {"taskId":"changed"} (0.0611ms)
✔ different identity or unknown status cannot finish the original read: {"status":"invented"} (0.0693ms)
✔ caller or transport mutation cannot change later request binding (0.129ms)
✔ hung core read is bounded even when a fixture ignores the RPC timeout (31.38ms)
✔ cancelled turn interrupts a pending real timer read before its deadline (107.9793ms)
✔ a slow subsequent read returns truthful stale age and timeout reason (30.5158ms)
✔ invalid wait configuration and extra request identity fail before core (0.4547ms)
✔ the actual old domain reproduces both Godot wrong-format failures (2.2594ms)
✔ default project_inspect routes five real Godot scene shapes to host source identity (2.2056ms)
✔ generic capability sections return actual Godot tools and never voxel/JavaScript schemas (1.6752ms)
✔ capability text pagination preserves exact complete Unicode data (3.9133ms)
✔ missing Godot project is explicit and never manufactures an empty valid world (0.3997ms)
✔ permissions and crossed world/source identity still reject (0.3946ms)
✔ read-only discussion can inspect Godot while legacy contracts retain their actual old shape (0.6597ms)
ℹ tests 86
ℹ suites 0
ℹ pass 85
ℹ fail 0
ℹ cancelled 0
ℹ skipped 1
ℹ todo 0
ℹ duration_ms 775.3491
