✔ 空白底座、完整源哈希和真实引擎初始快照可实例化 (35.6862ms)
✔ 五种实体和源码生成机关均使用同一合同 (0.9832ms)
✔ creation entities retain stable identity and x/z render coordinates across reopen (1.3946ms)
✔ missing creation scene is an empty world (0.4854ms)
✔ 视图投影拒绝无效完整合同及错误参数 (0.5647ms)
✔ shipped guidance and every reference hash match real versioned source (1.2717ms)
✔ actual broker catalog then paged skill/reference read uses bound source and loads text (10.3225ms)
✔ unknown IDs, traversal, version, hash, forged identity and page errors fail before host reads (1.401ms)
✔ unsupported base/engine/build gives an empty catalog and rejects pinned skill reads (4.704ms)
✔ missing, customized and foreign interface source is rejected (0.5442ms)
✔ manifest, capabilities, initial prompt and product discovery expose the new route (2.2454ms)
✔ 造物指导按真实底座和三个接口哈希匹配，普通脚本示例可以分页读取 (13.8219ms)
✔ production plugin build includes exact guidance resources and serves a pinned body (270.2866ms)
✔ fixed next-batch suite has bounded distinct original inputs (1.0213ms)
✔ model completion text and empty evidence cannot pass a real-model evaluation (0.2436ms)
✔ first attempt repair human intervention and environment failures are separate classes (0.0809ms)
✔ aggregate keeps environment failures in denominators and leaves unreported cost unknown (0.1919ms)
✔ polling is not a repair and duplicate transcript rows are not counted twice (0.2847ms)
✔ CA01 needs actual candidate identity collision matching target and complete fresh-process state (1.0932ms)
✔ CA02 checks same object and actual double collision height, not prose or declared scale alone (0.2848ms)
✔ observation-only state can never substitute for complete progress (0.232ms)
✔ all five creation kinds produce bounded durable source patches without altering input (3.3014ms)
✔ first operation materializes the blank creation scene when a new base has no scene file (0.1944ms)
✔ modification preserves stable chest identity and immutable one-time reward declaration (0.5569ms)
✔ duplicates mint deterministic separate stable identities and reject count/occupancy limits (0.659ms)
✔ explicit positions are bounded; here needs authoritative hit; player and obstacle overlap reject (0.4371ms)
✔ world/build/instance/source/manifest/snapshot mismatches and removed targets fail closed (0.3025ms)
✔ same operation replay returns original receipt after source moves; changed payload conflicts (0.2624ms)
✔ environment edits only declared defaults and no caller-defined source or parameter escapes (0.2248ms)
✔ new sequence door emits actual deterministic source and hashed runtime declaration (0.6286ms)
✔ operation ledger is bounded and schema advertises precisely supported action branches (0.2285ms)
✔ full ledger rejects new operations without pruning replay identity (12.3497ms)
✔ reserved historical entity IDs cannot be reused after source removal (0.3498ms)
✔ players near the walking boundary can create at a valid interior target (0.1675ms)
✔ large append-only ledgers pass the former 64-entry and 120k limits and report remaining capacity (35.802ms)
✔ delete and undo retain stable chest identity without touching player reward ledgers (0.6118ms)
✔ undo modify rejects later changes and restore into occupied player space (0.498ms)
✔ deletion and undo creation fail closed around arbitrary authored rule dependencies (0.3527ms)
✔ legacy journal without inverse remains replayable but cannot claim reversible history (0.2179ms)
✔ entity behavior declarations accept bounded existing ownership and retain deletion guard (0.2779ms)
✔ PCK independently binds actual packed scripts and compiled selectors to claimed source bytes (2.6418ms)
✔ exported script changes fail even with a freshly valid MD5 and unchanged source pin list (0.4629ms)
✔ compiled selector changes fail even when all three protected scripts match source (0.2923ms)
✔ resource remaps, duplicate paths, traversal, encrypted entries and format changes fail closed (1.6713ms)
✔ binary project reader skips only length-bounded unrelated variants and rejects selector aliases (0.344ms)
✔ truncation, out-of-range file offsets and raw data corruption are refused (0.2995ms)
✔ creation migration preserves latest progress and historical reward ledgers and adds only fresh doors/rules (1.7144ms)
✔ explicit authored time edit takes effect while an unchanged default preserves play time (0.3225ms)
✔ foreign identity and malformed progress fail before migration (1.2029ms)
✔ 静态投影保留场景版本与身份，但不能生成主机快照或玩法状态 (2.6607ms)
✔ 包围盒按实体底部与缩放后的半高计算中心，旋转交换水平边界 (0.3659ms)
✔ 平面选中仅从已验证文档推导，不声称是引擎射线 (0.5985ms)
✔ 非法场景、非数坐标与投影参数在合同边界拒绝 (0.8016ms)
﹣ generated GDScript executes ordered signals, wrong-order reset, one-shot latch and restore in headless Godot (0.3604ms) # SKIP
✔ host-bound target uses formal build, pages real Rust limits, and advances own multi-operation source (6.1901ms)
✔ a committed lost reply is read exactly once and does not duplicate a placement (4.0465ms)
✔ forged snapshot binding, switched runtime and current player collision cannot write (3.5957ms)
✔ a wrong operation replay payload cannot silently replace the prior receipt (4.447ms)
✔ a new task may reindex identical formal bytes but unrelated source is never rebased (4.2775ms)
✔ one model read waits for actual terminal result without writes or enqueues (1.4384ms)
✔ passed returns immediately (0.1896ms)
✔ failed returns immediately (0.1255ms)
✔ cancelled returns immediately (0.0896ms)
✔ interrupted returns immediately (0.0963ms)
✔ blocked returns immediately (0.0981ms)
✔ deadline returns last real state and sample age without inventing completion (0.8605ms)
✔ zero wait performs one bounded immediate read (0.1613ms)
✔ cancellation during pause prevents further reads (0.4233ms)
✔ world switch during wait rejects the result (0.2245ms)
✔ different identity or unknown status cannot finish the original read: {"worldId":"foreign"} (0.1704ms)
✔ different identity or unknown status cannot finish the original read: {"jobId":"foreign"} (0.0822ms)
✔ different identity or unknown status cannot finish the original read: {"buildId":"changed"} (0.0671ms)
✔ different identity or unknown status cannot finish the original read: {"taskId":"changed"} (0.0576ms)
✔ different identity or unknown status cannot finish the original read: {"status":"invented"} (0.0765ms)
✔ caller or transport mutation cannot change later request binding (0.1339ms)
✔ hung core read is bounded even when a fixture ignores the RPC timeout (45.0623ms)
✔ cancelled turn interrupts a pending real timer read before its deadline (107.5974ms)
✔ a slow subsequent read returns truthful stale age and timeout reason (29.6618ms)
✔ invalid wait configuration and extra request identity fail before core (0.329ms)
ℹ tests 79
ℹ suites 0
ℹ pass 78
ℹ fail 0
ℹ cancelled 0
ℹ skipped 1
ℹ todo 0
ℹ duration_ms 692.7101
