✔ recognition appends to the current draft without dropping attachments or whitespace (0.4974ms)
✔ empty recognition never erases or changes the draft (0.0667ms)
✔ native exclusion reserves compact/full and restores exact requested geometry (0.8916ms)
✔ invalid states and hostile numeric geometry fail before native mutation (0.2894ms)
✔ finite native shortcuts reject IME repeats modifiers and key releases (0.0993ms)
✔ game guard blocks pointer/key press but restores iframe policy on release (0.2945ms)
✔ plugin guard blocks opaque game frames while preserving workbench controls (0.0856ms)
✔ existing layout preferences migrate without opening an overlay (0.857ms)
✔ presentation transitions preserve widths and open no session or task (0.1151ms)
✔ application shortcuts toggle levels and Escape closes only an open layer (0.0892ms)
✔ IME, repeat, modifiers and higher layers retain their input (0.0895ms)
✔ checked completion rereads host facts and coalesces duplicate callbacks (2.3899ms)
✔ missing consent never invokes application (0.1671ms)
✔ failed completion never applies (0.329ms)
✔ cancelled completion never applies (0.1812ms)
✔ buildOnly completion never applies (0.2055ms)
✔ foreignTask completion never applies (0.3062ms)
✔ staleSource completion never applies (0.2912ms)
✔ forgedProof completion never applies (0.2183ms)
✔ unready completion never applies (0.19ms)
✔ inactive completion never applies (0.1663ms)
✔ revoked during launch prevents commit (0.315ms)
✔ cancelled during launch prevents commit (0.1884ms)
✔ sourceChanged during launch prevents commit (0.2481ms)
✔ model-supplied proof and unbounded arguments are rejected (0.4827ms)
✔ unknown wishes stay manual and cannot silently auto-apply startup proof (0.0882ms)
✔ downgraded or omitted wish check cannot auto-apply (0.2848ms)
✔ freezes exact placement and validates actual new identity/count/location (1.602ms)
✔ exact scale targets original object; compound wishes remain unverified (0.3666ms)
✔ direct changes and delete have frozen values; mutated requirements cannot pass job binding (0.6856ms)
✔ creation core descriptor parses only exact canonical hash and scoped engine observation (2.379ms)
✔ original first-person requirement digest contract remains unchanged (0.267ms)
✔ undo freezes formal inverse and refuses replay or changed actual entities (0.8033ms)
✔ canonical requirement digest agrees with Rust numeric encoding (0.1943ms)
✔ harvest accepts only the complete exact wish and preserves explicit expectations (0.7249ms)
✔ frozen evaluation variants are exact bounded phrases, not keyword matching (0.8282ms)
✔ placement and direct modification cannot pass with hidden or nonblocking objects (0.2143ms)
✔ undo also freezes untouched objects instead of checking only their count (0.2155ms)
✔ existing declared behavior may regrow while an unrelated wish is being checked (0.1433ms)
✔ ordinary door opening may advance but does not authorize hiding the door (0.1261ms)
✔ undo reads immutable formal contentOid and returns last actually reversible operation (1.3022ms)
✔ changed journal bytes metadata or formal build rejects undo history (0.445ms)
✔ changed live objects cannot make an older inverse look applicable (0.1387ms)
✔ a formal build without a journal has no invented undo entry (0.1201ms)
✔ direct adoption rejects unfrozen requirements before reading a candidate (0.3789ms)
✔ direct edit derives identity from host, checks current revision and applies only after passed job (2.7971ms)
✔ replay does not start a second task and another owner cannot inspect status (0.6993ms)
✔ failed check keeps candidate unadopted and closes the editing turn (0.4606ms)
✔ unavailable execution never applies unchecked edits (0.3505ms)
✔ renderer cannot inject identity, arbitrary operations or invalid dimensions (0.1678ms)
✔ completed durable operation survives service restart and owner rebind without new writes (4.7162ms)
✔ restart marks unfinished operation interrupted and never automatically repeats a patch (2.7491ms)
✔ state persistence failure before a turn refuses work; after application it reports uncertainty (5.0427ms)
✔ side-view projects creation entities on x/y plane (1.1087ms)
✔ mining-sandbox uses same durable projection and preserves identity (0.1411ms)
✔ unsupported base is rejected before rendering (0.687ms)
✔ real-request fence survives process restart and same request replay (1.9279ms)
✔ startup-only candidate remains explicitly unsupported for requirement completion (0.4441ms)
✔ only the actual formal build is presented as adopted across restart (0.0879ms)
✔ cancelled and interrupted jobs retain their actual outcome and wrong worlds are rejected (0.2452ms)
✔ preview.10 LF and CRLF stock upgrades all changed core files in one CAS and preserves every user file (395.1521ms)
✔ current stock creates no patch or migration advance (172.0503ms)
✔ current protected observer permits authored mutable world code without replacing it (180.0686ms)
✔ unknown customized core and unrelated unapplied draft changes are preserved and explicitly refused (319.1515ms)
✔ lost committed patch response recovers original receipt without repeating the patch (181.8883ms)
✔ new host turn recovers a committed migration after lost capture-bind record without accepting extra changes (179.4576ms)
✔ fixed selector and autoload must be exact and unique; unrelated settings remain allowed (0.1441ms)
✔ host freezes sample and binds it to the exact project/session/turn (4.6686ms)
✔ forged renderer snapshots, another owner, and cross-session handles are rejected (0.8199ms)
✔ a new-chat capture can be claimed once by the first session in its host project (1.6863ms)
✔ world, instance, build, source and expiry changes fail before binding (1.0767ms)
✔ only one concurrent turn can consume an opaque capture (1.6372ms)
✔ world consent defaults off, survives restart, and revocation applies to an active turn (3.4261ms)
✔ invalid runtime samples and mid-sample transitions never create a handle (0.7617ms)
✔ no hit preserves world context and owner revocation removes pending handles (0.563ms)
✔ editable target uses the same sampled entity values and rejects mismatched or duplicate entities (1.4554ms)
✔ only finite host entity/ground hits become visible targets (1.5734ms)
✔ no ray hit retains world context without inventing a placement point (0.1224ms)
✔ submitted context is an isolated opaque snapshot, not a mutable aiming vector (0.0996ms)
✔ creation-world starters come from their own delivered catalog (0.256ms)
✔ older hosts retain their legacy starter choices without inventing creation-world support (0.0923ms)
✔ actual adoption and requirement verification remain separate claims (0.6061ms)
✔ unknown phase, wrong session and malformed host status are rejected (0.2048ms)
✔ terminal host state stays visible until changed and a reopened observer rereads it (0.1777ms)
✔ world-change refresh and disposal reject old asynchronous results (0.4834ms)
✔ read failure never converts the last known task to success (1.2265ms)
✔ interruption cancellation and successful recovery have distinct visible outcomes (0.0803ms)
✔ new instances are paused and the overlay cannot undo manual pause (1.1047ms)
✔ overlay close resumes only manually running instances (0.1995ms)
✔ rapid toggles serialize commands and reconcile latest intent before resolving callers (4.4383ms)
✔ a changed overlay while pause acknowledgement waits is reconciled (0.3649ms)
✔ detached acknowledgements reject without touching a new runtime (0.5608ms)
✔ failure rejects all waiters, latches manual pause and never auto-resumes (0.3715ms)
✔ overlay observes every runtime even when one fails to pause (0.1914ms)
✔ manual intent remains distinct from overlay hold and attached status (0.1412ms)
✔ fake provider transcript is returned only after release for draft correction (1.9001ms)
✔ release while microphone permission is pending stops the late fake stream (0.2531ms)
✔ permission denied and absent microphone have distinct states (0.2446ms)
✔ cancel, blur, world/session replacement and late fake provider results never append (0.3482ms)
✔ mismatched context response fails without entering the draft (0.3283ms)
✔ wall-clock timeout releases a fake recording (27.1506ms)
✔ worklet emits at most 480000 synthetic samples and flushes partial chunks on release (9.1999ms)
✔ sample limit produces bounded PCM WAV and rejects empty/oversize allocation (13.953ms)
✔ main cancellation is owner/request scoped and rejects late results (0.7312ms)
✔ unsupported platform and missing recognizer report capability without capture (0.3598ms)
✔ capability lookup shares one owned process, caches success, and disposal stops future work (0.4197ms)
✔ window cancellation and disposal kill capability jobs and reject late enumeration results (0.1977ms)
✔ malformed capability success data becomes disabled UI with a safe locale array (0.2151ms)
✔ Windows local engine can enumerate and process synthetic silence without microphone capture (951.2391ms)
✔ cancel terminates a real hidden capability process without opening microphone (38.4861ms)
✔ Chinese aliases select the declared script region and never a different installed language (0.1381ms)
✔ recheck enumerates newly installed languages instead of returning cached success (0.1303ms)
✔ recording freezes its language before a UI locale change and reports the actual result locale (0.1572ms)
✔ wrong-language provider results never enter the draft and main rejects them too (0.2061ms)
✔ real Windows provider rejects a missing language without using a fallback or a microphone (429.741ms)
✔ one valid arm permits only one actual audio request, never a standing permission (0.5793ms)
✔ arm validates owner, exact document, main frame, and bounded identity (0.1264ms)
✔ world/plugin frames, video, display capture, missing or mixed media types cannot consume arm (0.1179ms)
✔ expiry, navigation, cancellation, blur/destroy disposal revoke unused microphone grant (0.1601ms)
ℹ tests 119
ℹ suites 0
ℹ pass 119
ℹ fail 0
ℹ cancelled 0
ℹ skipped 0
ℹ todo 0
ℹ duration_ms 2166.1516
