✔ buildSearchRequest fills host defaults and clamps the page size (10.4599ms)
✔ mergePage de-duplicates by assetId+version and keeps order (0.3063ms)
✔ controller.search sends the built request and loadMore uses nextOffset (1.0092ms)
✔ scope and category switching send the new filter to the host (0.338ms)
✔ the four state flags produce four independent badges (0.3697ms)
✔ describePreview covers all six statuses with honest copy (0.5324ms)
✔ OGG is never playable and never gets a player (0.1163ms)
✔ preview runs the real service and cancel terminates the attempt (1.3693ms)
✔ a late preview result for a superseded selection is discarded (0.4609ms)
✔ scanSummary and importRequestFor produce the import payload (1.0846ms)
✔ snapshot data keys stay disjoint from controller action names (0.1414ms)
✔ the panel import path reads the scan result, never the scan action (0.1399ms)
✔ AssetLibraryPanel reads scan data from scanResult with a guarded items read (0.262ms)
✔ versionOptions lists newest first (0.1294ms)
✔ host failures reach the caller and stay in the error state (0.4715ms)
✔ asset UI sources contain no pointer-lock, click or focus emulation (0.6291ms)
✔ a late search response for a previous scope never overwrites the list (0.2105ms)
✔ thumbnailSrc only accepts a bounded, well-formed base64 payload (0.113ms)
✔ read-only channels are forwarded unchanged to the core (1.3621ms)
✔ preview decodes the exact body and records evidence against the claim (0.5526ms)
✔ a cached ok preview does not re-run the decoder and has no claim (0.1235ms)
✔ a failed preview is retried as a new attempt with a new claim (0.1751ms)
✔ a worker failure is recorded as failed, never as ok (0.7398ms)
✔ cancel terminates the live worker and a late result is discarded (0.3218ms)
✔ cancel never rewrites a cached ok preview (0.0787ms)
✔ the asset service contains no window, input or playback calls (0.0935ms)
✔ each new edit has a fresh operation, updates only browsing metadata and can clear tags (4.418ms)
✔ lost reply retries the frozen original ID and payload and prevents overtaking (0.9856ms)
✔ late annotation failure stays on the original asset and can be retried after returning (0.5232ms)
✔ late annotation success does not switch the selected asset (0.3614ms)
✔ a late read for the previous selection cannot restore its detail or metadata (0.206ms)
✔ removing a favorite can remove its card without losing the selected metadata (0.2075ms)
✔ late previous-selection errors cannot replace the active detail error state (0.2379ms)
✔ duplicate retry joins the same active operation and a bad receipt remains retryable (0.2738ms)
✔ a logical asset named constructor is not mistaken for a pending edit (0.2686ms)
✔ a confirmed edit releases its write slot while a slow list refresh is outstanding (0.4109ms)
✔ a pending selection uses refreshed metadata after annotation acknowledgement is retired (0.2389ms)
✔ a refreshed old asset cannot return after a newer asset selection (0.2309ms)
node:path:513
      validateString(arg, 'path');
      ^

TypeError [ERR_INVALID_ARG_TYPE]: The "path" argument must be of type string. Received undefined
    at Object.join (node:path:513:7)
    at file:///C:/cm-git-closeout-20260910/tests/plan-loop/asset-main-route.test.mjs:13:31 {
  code: 'ERR_INVALID_ARG_TYPE'
}

Node.js v24.14.0
✖ tests\plan-loop\asset-main-route.test.mjs (155.8642ms)
ℹ tests 39
ℹ suites 0
ℹ pass 38
ℹ fail 1
ℹ cancelled 0
ℹ skipped 0
ℹ todo 0
ℹ duration_ms 259.6572

✖ failing tests:

test at tests\plan-loop\asset-main-route.test.mjs:1:1
✖ tests\plan-loop\asset-main-route.test.mjs (155.8642ms)
  'test failed'
