✔ buildSearchRequest fills host defaults and clamps the page size (7.2742ms)
✔ mergePage de-duplicates by assetId+version and keeps order (0.1804ms)
✔ controller.search sends the built request and loadMore uses nextOffset (0.8355ms)
✔ scope and category switching send the new filter to the host (0.239ms)
✔ the four state flags produce four independent badges (0.2676ms)
✔ describePreview covers all six statuses with honest copy (0.3751ms)
✔ OGG is never playable and never gets a player (0.0983ms)
✔ preview runs the real service and cancel terminates the attempt (0.8607ms)
✔ a late preview result for a superseded selection is discarded (0.3081ms)
✔ scanSummary and importRequestFor produce the import payload (0.6314ms)
✔ snapshot data keys stay disjoint from controller action names (0.1397ms)
✔ the panel import path reads the scan result, never the scan action (0.1283ms)
✔ AssetLibraryPanel reads scan data from scanResult with a guarded items read (0.5775ms)
✔ versionOptions lists newest first (0.1435ms)
✔ host failures reach the caller and stay in the error state (0.4141ms)
✔ asset UI sources contain no pointer-lock, click or focus emulation (0.8433ms)
✔ a late search response for a previous scope never overwrites the list (0.2196ms)
✔ thumbnailSrc only accepts a bounded, well-formed base64 payload (0.1076ms)
✔ read-only channels are forwarded unchanged to the core (1.3146ms)
✔ preview decodes the exact body and records evidence against the claim (0.5191ms)
✔ a cached ok preview does not re-run the decoder and has no claim (0.1235ms)
✔ a failed preview is retried as a new attempt with a new claim (0.1666ms)
✔ a worker failure is recorded as failed, never as ok (0.1378ms)
✔ cancel terminates the live worker and a late result is discarded (1.0819ms)
✔ cancel never rewrites a cached ok preview (0.1707ms)
✔ the asset service contains no window, input or playback calls (0.176ms)
✔ each new edit has a fresh operation, updates only browsing metadata and can clear tags (4.2206ms)
✔ lost reply retries the frozen original ID and payload and prevents overtaking (0.7512ms)
✔ late annotation failure stays on the original asset and can be retried after returning (0.5092ms)
✔ late annotation success does not switch the selected asset (0.364ms)
✔ a late read for the previous selection cannot restore its detail or metadata (0.2141ms)
✔ removing a favorite can remove its card without losing the selected metadata (0.1955ms)
✔ late previous-selection errors cannot replace the active detail error state (0.2421ms)
✔ duplicate retry joins the same active operation and a bad receipt remains retryable (0.2791ms)
✔ a logical asset named constructor is not mistaken for a pending edit (0.2143ms)
✔ a confirmed edit releases its write slot while a slow list refresh is outstanding (0.4072ms)
✔ a pending selection uses refreshed metadata after annotation acknowledgement is retired (0.2581ms)
✔ a refreshed old asset cannot return after a newer asset selection (0.2391ms)
✔ exact Main function chain rejects unsupported methods, unsafe fields and bounded edits before core (1.8757ms)
✔ old selected-world owner and changed trusted session never receive a confirmed receipt (0.7311ms)
✔ headless finite asset probe rejects arbitrary selectors/scripts/RPC and unbounded fields (0.9088ms)
✖ navigation → panel gateway → actual private asset service → existing Core persists only metadata (0.4525ms)
✔ native runner requires explicit mode and sealed package identity without fallback (1.205ms)
ℹ tests 43
ℹ suites 0
ℹ pass 42
ℹ fail 1
ℹ cancelled 0
ℹ skipped 0
ℹ todo 0
ℹ duration_ms 314.2349

✖ failing tests:

test at tests\plan-loop\asset-main-route.test.mjs:45:1
✖ navigation → panel gateway → actual private asset service → existing Core persists only metadata (0.4525ms)
  AssertionError [ERR_ASSERTION]: ASSET_TEST_CORE must name the existing compatible core; no build fallback
      at TestContext.<anonymous> (file:///C:/cm-git-closeout-20260910/tests/plan-loop/asset-main-route.test.mjs:46:47)
      at Test.runInAsyncScope (node:async_hooks:228:14)
      at Test.run (node:internal/test_runner/test:1118:25)
      at Test.processPendingSubtests (node:internal/test_runner/test:787:18)
      at Test.postRun (node:internal/test_runner/test:1247:19)
      at Test.run (node:internal/test_runner/test:1175:12)
      at process.processTicksAndRejections (node:internal/process/task_queues:104:5)
      at async Test.processPendingSubtests (node:internal/test_runner/test:787:7) {
    generatedMessage: false,
    code: 'ERR_ASSERTION',
    actual: undefined,
    expected: true,
    operator: '==',
    diff: 'simple'
  }
