✔ stop drains a real pending broker preflight and prevents obsolete registration (380.427ms)
✔ stop drains an in-flight registration, revokes it, then admits one fresh restart (195.2617ms)
✔ new bin retirement waits for core acknowledgment; preflight/import/export preserve diagnostics (353.286ms)
✔ new bin retirement preserves copies after lost-finish (338.754ms)
✔ new bin retirement preserves copies after failed-check (339.1312ms)
✔ new bin retirement preserves copies after refused-registration (101.3884ms)
✔ happy check job: real import/export receipts, staged web artifacts, passed candidate (342.257ms)
✔ task path preparation rejection retains its reason and never reaches export/check (215.0195ms)
✔ the verifier receives the staged descriptor, never a caller-supplied path (323.5395ms)
✔ check job without a verifier records a failure instead of a false pass (292.4486ms)
✔ a failing runtime check fails the job and its assertions (325.8876ms)
✔ forged preflight evidence never registers an executor (554.5163ms)
✔ measured source files must equal the claimed manifest (858.6374ms)
✔ unlisted, tampered and escaping artifacts are refused (984.2884ms)
✔ compile failures are fatal, known native isolation diagnostics are not (538.7026ms)
✔ a broker that never answers or dies is recorded as a failure, never a pass (430.0253ms)
✔ a job that exceeds its budget is failed, not left running (1696.559ms)
✔ cancel kills the broker, records no result and cancels the core job (553.6851ms)
✔ executor stop revokes registration and rejects new jobs (130.8928ms)
✔ sourceSnapshotDigest matches the documented broker digest shape (0.2669ms)
✔ missing or tampered host files report their own reason (33.8453ms)
✔ a changed broker binary is refused when a pin is configured (5.8114ms)
✔ one verified native import crash gets a fresh task, preserving its failure and full check (618.6587ms)
✔ script errors, changed inputs, unknown cleanup and repeated crashes never become successful retries (2667.1584ms)
✔ finite runtime expectation: matched (400.6336ms)
✔ finite runtime expectation: descriptor-missing (382.6795ms)
✔ finite runtime expectation: descriptor-dropped (402.0399ms)
✔ finite runtime expectation: descriptor-mixed (399.7421ms)
✔ finite runtime expectation: assertion-missing (399.518ms)
✔ finite runtime expectation: assertion-false (397.9507ms)
✔ finite runtime expectation: assertion-duplicate (385.8676ms)
✔ exit before close grants no capability; a clean full close grants it afterward (4.9847ms)
✔ late-invalid-stdout preserves the exit result but cannot authorize retirement (0.9236ms)
✔ late-stderr preserves the exit result but cannot authorize retirement (0.4245ms)
✔ stdout-error preserves the exit result but cannot authorize retirement (0.3619ms)
✔ stderr-error preserves the exit result but cannot authorize retirement (0.588ms)
✔ close-timeout preserves the exit result but cannot authorize retirement (0.3996ms)
✔ existing early stderr remains observable and is not blanket reclassified as build failure (0.4232ms)
✔ import: confirmed receipt retires only fixed copies, keeps complete evidence, idempotent (16.7628ms)
✔ exportWeb: confirmed receipt retires only fixed copies, keeps complete evidence, idempotent (10.5974ms)
✔ version: confirmed receipt retires only fixed copies, keeps complete evidence, idempotent (9.5237ms)
✔ legacy broker is not enrolled; no disk writes or history scan (1.9675ms)
✔ transport, process, cleanup, recovery, pin and schema ambiguity are refused before mutation (3.078ms)
✔ core failed/refused/lost confirmation, unflushed ledger, or stop preserves all files (2.8534ms)
✔ a stop after durable acknowledgment but before deletion preserves both copies (11.2184ms)
✔ nonce: refuse with bin and diagnostics intact (3.4108ms)
✔ registration: refuse with bin and diagnostics intact (4.1884ms)
✔ corrupt-marker: refuse with bin and diagnostics intact (3.2795ms)
✔ extra-file: refuse with bin and diagnostics intact (3.6304ms)
✔ wrong-hash: refuse with bin and diagnostics intact (4.165ms)
✔ work: refuse with bin and diagnostics intact (4.3646ms)
✔ journal: refuse with bin and diagnostics intact (4.976ms)
{"format":"authored-bin-retirement-fixtures/1","directories":["C:\\Users\\WINDOWS\\AppData\\Local\\Temp\\cm-bin-retirement-L0uZTU","C:\\Users\\WINDOWS\\AppData\\Local\\Temp\\cm-bin-retirement-M50l9k","C:\\Users\\WINDOWS\\AppData\\Local\\Temp\\cm-bin-retirement-nSbXj0","C:\\Users\\WINDOWS\\AppData\\Local\\Temp\\cm-bin-retirement-L4JHWD","C:\\Users\\WINDOWS\\AppData\\Local\\Temp\\cm-bin-retirement-twktVw","C:\\Users\\WINDOWS\\AppData\\Local\\Temp\\cm-bin-retirement-dNba3K","C:\\Users\\WINDOWS\\AppData\\Local\\Temp\\cm-bin-retirement-os5qJB","C:\\Users\\WINDOWS\\AppData\\Local\\Temp\\cm-bin-retirement-F3Wlsy","C:\\Users\\WINDOWS\\AppData\\Local\\Temp\\cm-bin-retirement-IG5aCz","C:\\Users\\WINDOWS\\AppData\\Local\\Temp\\cm-bin-retirement-zm8xsa","C:\\Users\\WINDOWS\\AppData\\Local\\Temp\\cm-bin-retirement-QEaog6","C:\\Users\\WINDOWS\\AppData\\Local\\Temp\\cm-bin-retirement-sRUVuH","C:\\Users\\WINDOWS\\AppData\\Local\\Temp\\cm-bin-retirement-kH2KTz","C:\\Users\\WINDOWS\\AppData\\Local\\Temp\\cm-bin-retirement-LhQIpZ","C:\\Users\\WINDOWS\\AppData\\Local\\Temp\\cm-bin-retirement-552m0w"],"actualEngine":false,"actualSandbox":false,"historicalProfilesTouched":false}
✔ ack-exists: refuse with bin and diagnostics intact (5.1796ms)
ℹ tests 53
ℹ suites 0
ℹ pass 53
ℹ fail 0
ℹ cancelled 0
ℹ skipped 0
ℹ todo 0
ℹ duration_ms 15148.2272
