   Compiling proc-macro2 v1.0.107
   Compiling unicode-ident v1.0.24
   Compiling typenum v1.20.1
   Compiling quote v1.0.47
   Compiling hybrid-array v0.4.14
   Compiling serde_core v1.0.229
   Compiling zmij v1.0.23
   Compiling syn v3.0.4
   Compiling block-buffer v0.12.1
   Compiling crypto-common v0.2.2
   Compiling const-oid v0.10.2
   Compiling serde_json v1.0.151
   Compiling serde v1.0.229
   Compiling digest v0.11.3
   Compiling serde_derive v1.0.229
   Compiling itoa v1.0.18
   Compiling windows-link v0.2.1
   Compiling memchr v2.8.3
   Compiling cfg-if v1.0.4
   Compiling cpufeatures v0.3.0
   Compiling sha2 v0.11.0
   Compiling windows-sys v0.61.2
   Compiling craftmine-godot-sandbox-probe v0.1.0 (D:\cm-fb-p7-20260910\desktop\godot\sandbox)
    Finished `release` profile [optimized] target(s) in 20.59s
