   Compiling proc-macro2 v1.0.107
   Compiling shlex v2.0.1
   Compiling find-msvc-tools v0.1.11
   Compiling quote v1.0.47
   Compiling unicode-ident v1.0.24
   Compiling typenum v1.20.1
   Compiling hybrid-array v0.4.14
   Compiling cc v1.4.3
   Compiling pkg-config v0.3.34
   Compiling serde_core v1.0.229
   Compiling vcpkg v0.2.15
   Compiling libsqlite3-sys v0.38.2
   Compiling zmij v1.0.23
   Compiling foldhash v0.2.0
   Compiling hashbrown v0.17.1
   Compiling syn v3.0.3
   Compiling crypto-common v0.2.2
   Compiling block-buffer v0.12.1
   Compiling serde_json v1.0.151
   Compiling anyhow v1.0.104
   Compiling const-oid v0.10.2
   Compiling serde v1.0.229
   Compiling digest v0.11.3
   Compiling serde_derive v1.0.229
   Compiling hashlink v0.12.1
   Compiling fallible-iterator v0.3.0
   Compiling bitflags v2.13.1
   Compiling fallible-streaming-iterator v0.1.9
   Compiling cpufeatures v0.3.0
   Compiling memchr v2.8.3
   Compiling cfg-if v1.0.4
   Compiling itoa v1.0.18
   Compiling smallvec v1.15.2
   Compiling rusqlite v0.40.2
   Compiling sha2 v0.11.0
   Compiling base64 v0.23.1
   Compiling craftmine-core v0.1.0 (D:\cm-fb-p7-20260910\vendor\pi-desktop\crates\craftmine-core)
warning: unused import: `load_manifest`
  --> crates\craftmine-core\src\godot_builds.rs:21:22
   |
21 |     godot_projects::{load_manifest, ordinary, valid_hash, Manifest},
   |                      ^^^^^^^^^^^^^
   |
   = note: `#[warn(unused_imports)]` (part of `#[warn(unused)]`) on by default

warning: function `entry` is never used
  --> crates\craftmine-core\src\asset_catalog\lock.rs:11:15
   |
11 | pub(super) fn entry(
   |               ^^^^^
   |
   = note: `#[warn(dead_code)]` (part of `#[warn(unused)]`) on by default

warning: function `build` is never used
  --> crates\craftmine-core\src\asset_catalog\lock.rs:32:15
   |
32 | pub(super) fn build(entries: Vec<AssetLockEntry>) -> Result<AssetLock> {
   |               ^^^^^

warning: function `resolve_closure` is never used
  --> crates\craftmine-core\src\asset_catalog\lock.rs:37:15
   |
37 | pub(super) fn resolve_closure(lock: &AssetLock, roots: &[AssetRef]) -> Result<Vec<AssetRef>> {
   |               ^^^^^^^^^^^^^^^

warning: function `collect` is never used
  --> crates\craftmine-core\src\asset_catalog\lock.rs:52:4
   |
52 | fn collect(entry: &AssetLockEntry, lock: &AssetLock, out: &mut Vec<AssetRef>) {
   |    ^^^^^^^

warning: field `claim_owner` is never read
  --> crates\craftmine-core\src\asset_catalog\preview.rs:95:5
   |
88 | struct PreviewState {
   |        ------------ field in this struct
...
95 |     claim_owner: String,
   |     ^^^^^^^^^^^

warning: method `content_files` is never used
   --> crates\craftmine-core\src\content.rs:618:19
    |
236 | impl TaskJournal {
    | ---------------- method in this implementation
...
618 |     pub(crate) fn content_files(
    |                   ^^^^^^^^^^^^^

warning: function `abort` is never used
   --> crates\craftmine-core\src\content_history\apply.rs:467:8
    |
467 | pub fn abort(db: &mut Connection, operation_id: &str, reason: &str) -> Result<ReferenceIntent> {    let intent = load(db, operation...
    |        ^^^^^

warning: function `receipt` is never used
   --> crates\craftmine-core\src\content_history\apply.rs:588:8
    |
588 | pub fn receipt(
    |        ^^^^^^^

warning: function `store_receipt` is never used
   --> crates\craftmine-core\src\content_history\apply.rs:614:8
    |
614 | pub fn store_receipt(
    |        ^^^^^^^^^^^^^

warning: struct `ContentRef` is never constructed
   --> crates\craftmine-core\src\content_history\contract.rs:219:12
    |
219 | pub struct ContentRef {
    |            ^^^^^^^^^^

warning: method `validate` is never used
   --> crates\craftmine-core\src\content_history\contract.rs:226:12
    |
225 | impl ContentRef {
    | --------------- method in this implementation
226 |     pub fn validate(&self) -> Result<()> {
    |            ^^^^^^^^

warning: struct `BuildRef` is never constructed
   --> crates\craftmine-core\src\content_history\contract.rs:236:12
    |
236 | pub struct BuildRef {
    |            ^^^^^^^^

warning: method `validate` is never used
   --> crates\craftmine-core\src\content_history\contract.rs:246:12
    |
245 | impl BuildRef {
    | ------------- method in this implementation
246 |     pub fn validate(&self) -> Result<()> {
    |            ^^^^^^^^

warning: struct `ProgressRef` is never constructed
   --> crates\craftmine-core\src\content_history\contract.rs:260:12
    |
260 | pub struct ProgressRef {
    |            ^^^^^^^^^^^

warning: method `validate` is never used
   --> crates\craftmine-core\src\content_history\contract.rs:270:12
    |
269 | impl ProgressRef {
    | ---------------- method in this implementation
270 |     pub fn validate(&self) -> Result<()> {
    |            ^^^^^^^^

warning: methods `config_dir`, `with_timeout`, `object_type`, and `cat_object` are never used
   --> crates\craftmine-core\src\content_history\git.rs:493:12
    |
368 | impl GitAdapter {
    | --------------- methods in this implementation
...
493 |     pub fn config_dir(&self) -> &Path {
    |            ^^^^^^^^^^
...
497 |     pub fn with_timeout(mut self, timeout: Duration) -> Self {
    |            ^^^^^^^^^^^^
...
816 |     pub fn object_type(&self, git_dir: &Path, oid: &str) -> Result<String> {
    |            ^^^^^^^^^^^
...
824 |     pub fn cat_object(&self, git_dir: &Path, oid: &str) -> Result<Vec<u8>> {
    |            ^^^^^^^^^^

warning: constant `REPOSITORY_FORMAT` is never used
  --> crates\craftmine-core\src\content_history\migration.rs:30:11
   |
30 | pub const REPOSITORY_FORMAT: &str = "craftmine.content-repository/1";
   |           ^^^^^^^^^^^^^^^^^

warning: method `as_str` is never used
  --> crates\craftmine-core\src\content_history\migration.rs:42:8
   |
41 | impl ContentBackend {
   | ------------------- method in this implementation
42 |     fn as_str(self) -> &'static str {
   |        ^^^^^^

warning: associated function `text` is never used
   --> crates\craftmine-core\src\content_history\repo.rs:108:12
    |
107 | impl ContentFile {
    | ---------------- associated function in this implementation
108 |     pub fn text(path: &str, text: &str) -> Self {
    |            ^^^^

warning: struct `MaterializedCopy` is never constructed
   --> crates\craftmine-core\src\content_history\repo.rs:171:12
    |
171 | pub struct MaterializedCopy {
    |            ^^^^^^^^^^^^^^^^

warning: methods `root`, `content_ref`, `materialize`, `set_draft`, `draft`, and `set_applied` are never used
   --> crates\craftmine-core\src\content_history\repo.rs:211:12
    |
198 | impl RepositoryStore {
    | -------------------- methods in this implementation
...
211 |     pub fn root(&self) -> &Path {
    |            ^^^^
...
477 |     pub fn content_ref(&self, layout: &RepoLayout, oid: &str) -> Result<ContentRef> {
    |            ^^^^^^^^^^^
...
536 |     pub fn materialize(
    |            ^^^^^^^^^^^
...
821 |     pub fn set_draft(
    |            ^^^^^^^^^
...
836 |     pub fn draft(&self, layout: &RepoLayout, branch_id: &str) -> Result<Option<String>> {
    |            ^^^^^
...
894 |     pub fn set_applied(
    |            ^^^^^^^^^^^

warning: function `group_by_request` is never used
    --> crates\craftmine-core\src\content_history\repo.rs:1106:8
     |
1106 | pub fn group_by_request(records: &[CommitRecord]) -> BTreeMap<String, Vec<&CommitRecord>> {
     |        ^^^^^^^^^^^^^^^^

warning: function `blob_read` is never used
   --> crates\craftmine-core\src\godot_projects.rs:363:15
    |
363 | pub(super) fn blob_read(directory: &Path, world: &str, entry: &FileEntry) -> Result<String> {
    |               ^^^^^^^^^

warning: function `reconcile_git_head` is never used
   --> crates\craftmine-core\src\godot_projects.rs:541:4
    |
541 | fn reconcile_git_head(
    |    ^^^^^^^^^^^^^^^^^^

warning: methods `project_manifest` and `project_is_git_backed` are never used
   --> crates\craftmine-core\src\godot_projects.rs:754:19
    |
727 | impl TaskJournal {
    | ---------------- methods in this implementation
...
754 |     pub(super) fn project_manifest(
    |                   ^^^^^^^^^^^^^^^^
...
878 |     pub(super) fn project_is_git_backed(&self, world: &str) -> Result<bool> {
    |                   ^^^^^^^^^^^^^^^^^^^^^

warning: `craftmine-core` (lib) generated 26 warnings (run `cargo fix --lib -p craftmine-core` to apply 1 suggestion)
    Finished `dev` profile [unoptimized] target(s) in 23.93s
