✔ stop drains a real pending broker preflight and prevents obsolete registration (367.6476ms)
✔ stop drains an in-flight registration, revokes it, then admits one fresh restart (186.934ms)
✔ new bin retirement waits for core acknowledgment; preflight/import/export preserve diagnostics (331.4184ms)
✔ new bin retirement preserves copies after lost-finish (327.2608ms)
✔ new bin retirement preserves copies after failed-check (326.2755ms)
✔ new bin retirement preserves copies after refused-registration (93.7704ms)
✔ happy check job: real import/export receipts, staged web artifacts, passed candidate (311.0819ms)
✔ task path preparation rejection retains its reason and never reaches export/check (217.8382ms)
✔ the verifier receives the staged descriptor, never a caller-supplied path (326.3612ms)
✔ check job without a verifier records a failure instead of a false pass (326.5935ms)
✔ a failing runtime check fails the job and its assertions (325.0736ms)
✔ forged preflight evidence never registers an executor (596.2813ms)
✔ measured source files must equal the claimed manifest (882.0544ms)
✔ unlisted, tampered and escaping artifacts are refused (988.772ms)
✔ compile failures are fatal, known native isolation diagnostics are not (542.4752ms)
✔ a broker that never answers or dies is recorded as a failure, never a pass (432.8114ms)
✔ a job that exceeds its budget is failed, not left running (1698.8093ms)
✔ cancel kills the broker, records no result and cancels the core job (506.5992ms)
✔ executor stop revokes registration and rejects new jobs (95.8783ms)
✔ sourceSnapshotDigest matches the documented broker digest shape (0.1794ms)
✔ missing or tampered host files report their own reason (15.8862ms)
✔ a changed broker binary is refused when a pin is configured (3.1286ms)
✔ one verified native import crash gets a fresh task, preserving its failure and full check (470.3283ms)
✔ script errors, changed inputs, unknown cleanup and repeated crashes never become successful retries (1999.8124ms)
✔ finite runtime expectation: matched (327.3494ms)
✔ finite runtime expectation: descriptor-missing (339.3538ms)
✔ finite runtime expectation: descriptor-dropped (323.7044ms)
✔ finite runtime expectation: descriptor-mixed (309.8053ms)
✔ finite runtime expectation: assertion-missing (309.6359ms)
✔ finite runtime expectation: assertion-false (324.8396ms)
✔ finite runtime expectation: assertion-duplicate (323.2253ms)
✔ exit before close grants no capability; a clean full close grants it afterward (2.1473ms)
✔ late-invalid-stdout preserves the exit result but cannot authorize retirement (1.1956ms)
✔ late-stderr preserves the exit result but cannot authorize retirement (0.3889ms)
✔ stdout-error preserves the exit result but cannot authorize retirement (0.3677ms)
✔ stderr-error preserves the exit result but cannot authorize retirement (0.3648ms)
✔ close-timeout preserves the exit result but cannot authorize retirement (0.3842ms)
✔ existing early stderr remains observable and is not blanket reclassified as build failure (0.4294ms)
✔ import: confirmed receipt retires only fixed copies, keeps complete evidence, idempotent (16.763ms)
✔ exportWeb: confirmed receipt retires only fixed copies, keeps complete evidence, idempotent (11.5819ms)
✔ version: confirmed receipt retires only fixed copies, keeps complete evidence, idempotent (9.4294ms)
✔ legacy broker is not enrolled; no disk writes or history scan (3.126ms)
✔ transport, process, cleanup, recovery, pin and schema ambiguity are refused before mutation (3.7711ms)
✔ core failed/refused/lost confirmation, unflushed ledger, or stop preserves all files (3.1574ms)
✔ a stop after durable acknowledgment but before deletion preserves both copies (8.6967ms)
✔ nonce: refuse with bin and diagnostics intact (3.3524ms)
✔ registration: refuse with bin and diagnostics intact (3.6743ms)
✔ corrupt-marker: refuse with bin and diagnostics intact (2.695ms)
✔ extra-file: refuse with bin and diagnostics intact (3.8398ms)
✔ wrong-hash: refuse with bin and diagnostics intact (4.141ms)
✔ work: refuse with bin and diagnostics intact (3.3716ms)
✔ journal: refuse with bin and diagnostics intact (3.5565ms)
{"format":"authored-bin-retirement-fixtures/1","directories":["D:\\cm-fb-p7-20260910\\test-results\\temp\\cm-bin-retirement-8bVxtq","D:\\cm-fb-p7-20260910\\test-results\\temp\\cm-bin-retirement-t7QhET","D:\\cm-fb-p7-20260910\\test-results\\temp\\cm-bin-retirement-SmgkEG","D:\\cm-fb-p7-20260910\\test-results\\temp\\cm-bin-retirement-3uOc7D","D:\\cm-fb-p7-20260910\\test-results\\temp\\cm-bin-retirement-rf82n1","D:\\cm-fb-p7-20260910\\test-results\\temp\\cm-bin-retirement-XwSW7Y","D:\\cm-fb-p7-20260910\\test-results\\temp\\cm-bin-retirement-4OtyEh","D:\\cm-fb-p7-20260910\\test-results\\temp\\cm-bin-retirement-9FfWNx","D:\\cm-fb-p7-20260910\\test-results\\temp\\cm-bin-retirement-GEAB0w","D:\\cm-fb-p7-20260910\\test-results\\temp\\cm-bin-retirement-onA13v","D:\\cm-fb-p7-20260910\\test-results\\temp\\cm-bin-retirement-Nf86RD","D:\\cm-fb-p7-20260910\\test-results\\temp\\cm-bin-retirement-7b77By","D:\\cm-fb-p7-20260910\\test-results\\temp\\cm-bin-retirement-uebJwD","D:\\cm-fb-p7-20260910\\test-results\\temp\\cm-bin-retirement-II1FKf","D:\\cm-fb-p7-20260910\\test-results\\temp\\cm-bin-retirement-17OEaW"],"actualEngine":false,"actualSandbox":false,"historicalProfilesTouched":false}
✔ ack-exists: refuse with bin and diagnostics intact (5.5641ms)
ℹ tests 53
ℹ suites 0
ℹ pass 53
ℹ fail 0
ℹ cancelled 0
ℹ skipped 0
ℹ todo 0
ℹ duration_ms 13729.1883
