✔ stop drains a real pending broker preflight and prevents obsolete registration (413.1613ms)
✔ stop drains an in-flight registration, revokes it, then admits one fresh restart (225.9676ms)
✔ new bin retirement waits for core acknowledgment; preflight/import/export preserve diagnostics (434.2649ms)
✔ new bin retirement preserves copies after lost-finish (384.549ms)
✔ new bin retirement preserves copies after failed-check (352.8727ms)
✔ new bin retirement preserves copies after refused-registration (119.1769ms)
✔ happy check job: real import/export receipts, staged web artifacts, passed candidate (378.3868ms)
✔ task path preparation rejection retains its reason and never reaches export/check (219.3345ms)
✔ the verifier receives the staged descriptor, never a caller-supplied path (354.8757ms)
✔ check job without a verifier records a failure instead of a false pass (353.0615ms)
✔ a failing runtime check fails the job and its assertions (356.625ms)
✔ forged preflight evidence never registers an executor (590.5121ms)
✔ measured source files must equal the claimed manifest (895.3042ms)
✔ unlisted, tampered and escaping artifacts are refused (1129.1646ms)
✔ compile failures are fatal, known native isolation diagnostics are not (681.2072ms)
✔ a broker that never answers or dies is recorded as a failure, never a pass (460.8276ms)
✔ a job that exceeds its budget is failed, not left running (1689.4828ms)
✔ cancel kills the broker, records no result and cancels the core job (518.8266ms)
✔ executor stop revokes registration and rejects new jobs (106.9007ms)
✔ sourceSnapshotDigest matches the documented broker digest shape (0.1803ms)
✔ missing or tampered host files report their own reason (20.2645ms)
✔ a changed broker binary is refused when a pin is configured (3.1174ms)
✔ one verified native import crash gets a fresh task, preserving its failure and full check (488.2452ms)
✔ script errors, changed inputs, unknown cleanup and repeated crashes never become successful retries (2117.1625ms)
✔ finite runtime expectation: matched (356.7ms)
✔ finite runtime expectation: descriptor-missing (339.9909ms)
✔ finite runtime expectation: descriptor-dropped (323.5204ms)
✔ finite runtime expectation: descriptor-mixed (323.9705ms)
✔ finite runtime expectation: assertion-missing (365.945ms)
✔ finite runtime expectation: assertion-false (338.6646ms)
✔ finite runtime expectation: assertion-duplicate (355.4886ms)
✔ exit before close grants no capability; a clean full close grants it afterward (5.6812ms)
✔ late-invalid-stdout preserves the exit result but cannot authorize retirement (1.508ms)
✔ late-stderr preserves the exit result but cannot authorize retirement (0.4239ms)
✔ stdout-error preserves the exit result but cannot authorize retirement (0.3579ms)
✔ stderr-error preserves the exit result but cannot authorize retirement (0.6269ms)
✔ close-timeout preserves the exit result but cannot authorize retirement (0.4111ms)
✔ existing early stderr remains observable and is not blanket reclassified as build failure (0.4766ms)
✔ import: confirmed receipt retires only fixed copies, keeps complete evidence, idempotent (25.1725ms)
✔ exportWeb: confirmed receipt retires only fixed copies, keeps complete evidence, idempotent (17.0387ms)
✔ version: confirmed receipt retires only fixed copies, keeps complete evidence, idempotent (18.8787ms)
✔ legacy broker is not enrolled; no disk writes or history scan (4.6205ms)
✔ transport, process, cleanup, recovery, pin and schema ambiguity are refused before mutation (8.2698ms)
✔ core failed/refused/lost confirmation, unflushed ledger, or stop preserves all files (5.2754ms)
✔ a stop after durable acknowledgment but before deletion preserves both copies (16.453ms)
✔ nonce: refuse with bin and diagnostics intact (5.866ms)
✔ registration: refuse with bin and diagnostics intact (6.7168ms)
✔ corrupt-marker: refuse with bin and diagnostics intact (5.6566ms)
✔ extra-file: refuse with bin and diagnostics intact (6.3316ms)
✔ wrong-hash: refuse with bin and diagnostics intact (6.2833ms)
✔ work: refuse with bin and diagnostics intact (5.6692ms)
✔ journal: refuse with bin and diagnostics intact (8.848ms)
{"format":"authored-bin-retirement-fixtures/1","directories":["C:\\Users\\WINDOWS\\AppData\\Local\\Temp\\cm-bin-retirement-lJkBFr","C:\\Users\\WINDOWS\\AppData\\Local\\Temp\\cm-bin-retirement-aPK2OB","C:\\Users\\WINDOWS\\AppData\\Local\\Temp\\cm-bin-retirement-DTBW57","C:\\Users\\WINDOWS\\AppData\\Local\\Temp\\cm-bin-retirement-Zroqlo","C:\\Users\\WINDOWS\\AppData\\Local\\Temp\\cm-bin-retirement-tnLDhH","C:\\Users\\WINDOWS\\AppData\\Local\\Temp\\cm-bin-retirement-daH9Ma","C:\\Users\\WINDOWS\\AppData\\Local\\Temp\\cm-bin-retirement-wQDpjO","C:\\Users\\WINDOWS\\AppData\\Local\\Temp\\cm-bin-retirement-EkuYxj","C:\\Users\\WINDOWS\\AppData\\Local\\Temp\\cm-bin-retirement-6hD9Uf","C:\\Users\\WINDOWS\\AppData\\Local\\Temp\\cm-bin-retirement-L4KsIo","C:\\Users\\WINDOWS\\AppData\\Local\\Temp\\cm-bin-retirement-ylI9Vh","C:\\Users\\WINDOWS\\AppData\\Local\\Temp\\cm-bin-retirement-VAknmf","C:\\Users\\WINDOWS\\AppData\\Local\\Temp\\cm-bin-retirement-HtCQOn","C:\\Users\\WINDOWS\\AppData\\Local\\Temp\\cm-bin-retirement-uusXW1","C:\\Users\\WINDOWS\\AppData\\Local\\Temp\\cm-bin-retirement-o0IP1u"],"actualEngine":false,"actualSandbox":false,"historicalProfilesTouched":false}
✔ ack-exists: refuse with bin and diagnostics intact (8.987ms)
ℹ tests 53
ℹ suites 0
ℹ pass 53
ℹ fail 0
ℹ cancelled 0
ℹ skipped 0
ℹ todo 0
ℹ duration_ms 14828.3516
