✔ stop drains a real pending broker preflight and prevents obsolete registration (378.2349ms)
✔ stop drains an in-flight registration, revokes it, then admits one fresh restart (187.4598ms)
✔ new bin retirement waits for core acknowledgment; preflight/import/export preserve diagnostics (330.0001ms)
✔ new bin retirement preserves copies after lost-finish (337.784ms)
✔ new bin retirement preserves copies after failed-check (338.9468ms)
✔ new bin retirement preserves copies after refused-registration (95.3185ms)
✔ happy check job: real import/export receipts, staged web artifacts, passed candidate (334.4789ms)
✔ task path preparation rejection retains its reason and never reaches export/check (216.2028ms)
✔ the verifier receives the staged descriptor, never a caller-supplied path (321.224ms)
✔ check job without a verifier records a failure instead of a false pass (321.83ms)
✔ a failing runtime check fails the job and its assertions (352.9201ms)
✔ forged preflight evidence never registers an executor (561.2133ms)
✔ measured source files must equal the claimed manifest (883.4881ms)
✔ unlisted, tampered and escaping artifacts are refused (987.5023ms)
✔ compile failures are fatal, known native isolation diagnostics are not (555.1895ms)
✔ a broker that never answers or dies is recorded as a failure, never a pass (430.94ms)
✔ a job that exceeds its budget is failed, not left running (1696.2159ms)
✔ cancel kills the broker, records no result and cancels the core job (506.7601ms)
✔ executor stop revokes registration and rejects new jobs (112.4491ms)
✔ sourceSnapshotDigest matches the documented broker digest shape (0.1728ms)
✔ missing or tampered host files report their own reason (23.0174ms)
✔ a changed broker binary is refused when a pin is configured (3.1498ms)
✔ one verified native import crash gets a fresh task, preserving its failure and full check (460.5034ms)
✔ script errors, changed inputs, unknown cleanup and repeated crashes never become successful retries (1951.076ms)
✔ finite runtime expectation: matched (341.4999ms)
✔ finite runtime expectation: descriptor-missing (327.7916ms)
✔ finite runtime expectation: descriptor-dropped (310.6112ms)
✔ finite runtime expectation: descriptor-mixed (309.5833ms)
✔ finite runtime expectation: assertion-missing (327.0386ms)
✔ finite runtime expectation: assertion-false (311.2988ms)
✔ finite runtime expectation: assertion-duplicate (323.0257ms)
✔ import: confirmed receipt retires only fixed copies, keeps complete evidence, idempotent (22.9303ms)
✔ exportWeb: confirmed receipt retires only fixed copies, keeps complete evidence, idempotent (11.4922ms)
✔ version: confirmed receipt retires only fixed copies, keeps complete evidence, idempotent (15.1789ms)
✔ legacy broker is not enrolled; no disk writes or history scan (4.3795ms)
✔ transport, process, cleanup, recovery, pin and schema ambiguity are refused before mutation (4.2381ms)
✔ core failed/refused/lost confirmation, unflushed ledger, or stop preserves all files (3.9714ms)
✔ a stop after durable acknowledgment but before deletion preserves both copies (11.679ms)
✔ nonce: refuse with bin and diagnostics intact (3.2884ms)
✔ registration: refuse with bin and diagnostics intact (4.6076ms)
✔ corrupt-marker: refuse with bin and diagnostics intact (3.9074ms)
✔ extra-file: refuse with bin and diagnostics intact (3.6252ms)
✔ wrong-hash: refuse with bin and diagnostics intact (4.308ms)
✔ work: refuse with bin and diagnostics intact (3.7104ms)
✔ journal: refuse with bin and diagnostics intact (4.8814ms)
{"format":"authored-bin-retirement-fixtures/1","directories":["C:\\Users\\WINDOWS\\AppData\\Local\\Temp\\cm-bin-retirement-vjm6Pj","C:\\Users\\WINDOWS\\AppData\\Local\\Temp\\cm-bin-retirement-Fjkar9","C:\\Users\\WINDOWS\\AppData\\Local\\Temp\\cm-bin-retirement-E3WAwf","C:\\Users\\WINDOWS\\AppData\\Local\\Temp\\cm-bin-retirement-BsTQsM","C:\\Users\\WINDOWS\\AppData\\Local\\Temp\\cm-bin-retirement-FZH7Tj","C:\\Users\\WINDOWS\\AppData\\Local\\Temp\\cm-bin-retirement-2RWiTJ","C:\\Users\\WINDOWS\\AppData\\Local\\Temp\\cm-bin-retirement-fe3QtN","C:\\Users\\WINDOWS\\AppData\\Local\\Temp\\cm-bin-retirement-OdgRyh","C:\\Users\\WINDOWS\\AppData\\Local\\Temp\\cm-bin-retirement-DgjWN7","C:\\Users\\WINDOWS\\AppData\\Local\\Temp\\cm-bin-retirement-FX4HC1","C:\\Users\\WINDOWS\\AppData\\Local\\Temp\\cm-bin-retirement-vWowry","C:\\Users\\WINDOWS\\AppData\\Local\\Temp\\cm-bin-retirement-8VWwyG","C:\\Users\\WINDOWS\\AppData\\Local\\Temp\\cm-bin-retirement-71LrMm","C:\\Users\\WINDOWS\\AppData\\Local\\Temp\\cm-bin-retirement-V9Mstv","C:\\Users\\WINDOWS\\AppData\\Local\\Temp\\cm-bin-retirement-FPR7ku"],"actualEngine":false,"actualSandbox":false,"historicalProfilesTouched":false}
✔ ack-exists: refuse with bin and diagnostics intact (5.0035ms)
ℹ tests 46
ℹ suites 0
ℹ pass 46
ℹ fail 0
ℹ cancelled 0
ℹ skipped 0
ℹ todo 0
ℹ duration_ms 13737.7579
