✔ live observation is returned from the host provider, never from saved progress (3.74ms)
✔ a stale or foreign sample is reported as unknown, not silently accepted (0.443ms)
✔ the capability report exposes the real wiring state and the durable ledger (0.6455ms)
✔ godot_jobs mode=status prefers the live executor over the durable registration row (0.277ms)
✔ a queued build job is handed to the live executor in the same turn (0.3387ms)
✔ cancel and resume reach the live executor service (0.2636ms)
✔ discussion mode still refuses every write even with live providers wired (0.5005ms)
✔ check requirements come exclusively from the frozen host capture (0.362ms)
✔ checked completion rereads host facts and coalesces duplicate callbacks (2.331ms)
✔ missing consent never invokes application (0.1503ms)
✔ failed completion never applies (0.3223ms)
✔ cancelled completion never applies (0.1868ms)
✔ buildOnly completion never applies (0.1818ms)
✔ foreignTask completion never applies (0.2968ms)
✔ staleSource completion never applies (0.2699ms)
✔ forgedProof completion never applies (0.2174ms)
✔ unready completion never applies (0.1917ms)
✔ inactive completion never applies (0.1752ms)
✔ revoked during launch prevents commit (0.3005ms)
✔ cancelled during launch prevents commit (0.1798ms)
✔ sourceChanged during launch prevents commit (0.2327ms)
✔ model-supplied proof and unbounded arguments are rejected (0.1013ms)
✔ unknown wishes stay manual and cannot silently auto-apply startup proof (0.4008ms)
✔ downgraded or omitted wish check cannot auto-apply (0.4044ms)
✔ freezes exact placement and validates actual new identity/count/location (1.2383ms)
✔ exact scale targets original object; compound wishes remain unverified (0.3165ms)
✔ direct changes and delete have frozen values; mutated requirements cannot pass job binding (0.5986ms)
✔ creation core descriptor parses only exact canonical hash and scoped engine observation (1.8263ms)
✔ original first-person requirement digest contract remains unchanged (0.1286ms)
✔ undo freezes formal inverse and refuses replay or changed actual entities (0.2852ms)
✔ canonical requirement digest agrees with Rust numeric encoding (0.0841ms)
✔ host freezes sample and binds it to the exact project/session/turn (4.8065ms)
✔ forged renderer snapshots, another owner, and cross-session handles are rejected (0.8705ms)
✔ a new-chat capture can be claimed once by the first session in its host project (1.7388ms)
✔ world, instance, build, source and expiry changes fail before binding (1.047ms)
✔ only one concurrent turn can consume an opaque capture (1.7315ms)
✔ world consent defaults off, survives restart, and revocation applies to an active turn (3.5006ms)
✔ invalid runtime samples and mid-sample transitions never create a handle (0.7423ms)
✔ no hit preserves world context and owner revocation removes pending handles (0.6081ms)
ℹ tests 39
ℹ suites 0
ℹ pass 39
ℹ fail 0
ℹ cancelled 0
ℹ skipped 0
ℹ todo 0
ℹ duration_ms 229.4646
