✔ live observation is returned from the host provider, never from saved progress (4.1623ms)
✔ a stale or foreign sample is reported as unknown, not silently accepted (0.4421ms)
✔ the capability report exposes the real wiring state and the durable ledger (0.6572ms)
✔ godot_jobs mode=status prefers the live executor over the durable registration row (0.2799ms)
✔ a queued build job is handed to the live executor in the same turn (0.5654ms)
✔ cancel and resume reach the live executor service (0.294ms)
✔ discussion mode still refuses every write even with live providers wired (0.4786ms)
✔ check requirements come exclusively from the frozen host capture (0.3536ms)
✔ checked completion rereads host facts and coalesces duplicate callbacks (2.4086ms)
✔ missing consent never invokes application (0.1549ms)
✔ failed completion never applies (0.3153ms)
✔ cancelled completion never applies (0.183ms)
✔ buildOnly completion never applies (0.1936ms)
✔ foreignTask completion never applies (0.2994ms)
✔ staleSource completion never applies (0.2565ms)
✔ forgedProof completion never applies (0.2091ms)
✔ unready completion never applies (0.2016ms)
✔ inactive completion never applies (0.1938ms)
✔ revoked during launch prevents commit (0.3094ms)
✔ cancelled during launch prevents commit (0.1715ms)
✔ sourceChanged during launch prevents commit (0.2793ms)
✔ model-supplied proof and unbounded arguments are rejected (0.6654ms)
✔ unknown wishes stay manual and cannot silently auto-apply startup proof (0.1949ms)
✔ downgraded or omitted wish check cannot auto-apply (0.3353ms)
✔ freezes exact placement and validates actual new identity/count/location (1.4664ms)
✔ exact scale targets original object; compound wishes remain unverified (0.3361ms)
✔ direct changes and delete have frozen values; mutated requirements cannot pass job binding (0.5862ms)
✔ creation core descriptor parses only exact canonical hash and scoped engine observation (1.2953ms)
✔ original first-person requirement digest contract remains unchanged (0.1177ms)
✔ undo freezes formal inverse and refuses replay or changed actual entities (0.3098ms)
✔ canonical requirement digest agrees with Rust numeric encoding (0.0964ms)
✔ harvest accepts only the complete exact wish and preserves explicit expectations (0.3653ms)
✔ frozen evaluation variants are exact bounded phrases, not keyword matching (0.4045ms)
✔ host freezes sample and binds it to the exact project/session/turn (4.9341ms)
✔ forged renderer snapshots, another owner, and cross-session handles are rejected (0.7701ms)
✔ a new-chat capture can be claimed once by the first session in its host project (1.7548ms)
✔ world, instance, build, source and expiry changes fail before binding (1.0866ms)
✔ only one concurrent turn can consume an opaque capture (1.582ms)
✔ world consent defaults off, survives restart, and revocation applies to an active turn (3.6435ms)
✔ invalid runtime samples and mid-sample transitions never create a handle (0.7774ms)
✔ no hit preserves world context and owner revocation removes pending handles (0.593ms)
ℹ tests 41
ℹ suites 0
ℹ pass 41
ℹ fail 0
ℹ cancelled 0
ℹ skipped 0
ℹ todo 0
ℹ duration_ms 233.2025
