   Compiling craftmine-core v0.1.0 (D:\cm-nb-checks\vendor\pi-desktop\crates\craftmine-core)
warning: unused import: `load_manifest`
  --> crates\craftmine-core\src\godot_builds.rs:21:22
   |
21 |     godot_projects::{load_manifest, ordinary, valid_hash, Manifest},
   |                      ^^^^^^^^^^^^^
   |
   = note: `#[warn(unused_imports)]` (part of `#[warn(unused)]`) on by default

error: could not compile `craftmine-core` (lib test)

Caused by:
  process didn't exit successfully: `C:\Users\WINDOWS\.rustup\toolchains\stable-x86_64-pc-windows-msvc\bin\rustc.exe --crate-name craftmine_core --edition=2021 crates\craftmine-core\src\lib.rs --error-format=json --json=diagnostic-rendered-ansi,artifacts,future-incompat --emit=dep-info,link -C embed-bitcode=no -C debuginfo=2 --test --check-cfg cfg(docsrs,test) --check-cfg "cfg(feature, values())" -C metadata=1cc1100d0eefa268 -C extra-filename=-13091a1caf054aaf --out-dir D:/cm-nb-check-cargo\debug\deps -C incremental=D:/cm-nb-check-cargo\debug\incremental -L dependency=D:/cm-nb-check-cargo\debug\deps --extern anyhow=D:/cm-nb-check-cargo\debug\deps\libanyhow-9cd6ac04803a6490.rlib --extern base64=D:/cm-nb-check-cargo\debug\deps\libbase64-1126c2b7763f7d09.rlib --extern rusqlite=D:/cm-nb-check-cargo\debug\deps\librusqlite-579d746c3d6ba92f.rlib --extern serde=D:/cm-nb-check-cargo\debug\deps\libserde-1026b82b800dd62c.rlib --extern serde_json=D:/cm-nb-check-cargo\debug\deps\libserde_json-2e5878a28b34e60b.rlib --extern sha2=D:/cm-nb-check-cargo\debug\deps\libsha2-0307347bca3991fc.rlib --extern tempfile=D:/cm-nb-check-cargo\debug\deps\libtempfile-85b5744ca84ca2a9.rlib -L native=D:/cm-nb-check-cargo\debug\build\libsqlite3-sys-8a51b612a775ac9a\out` (exit code: 0xc0000005, STATUS_ACCESS_VIOLATION)
warning: build failed, waiting for other jobs to finish...
warning: function `entry` is never used
  --> crates\craftmine-core\src\asset_catalog\lock.rs:11:15
   |
11 | pub(super) fn entry(
   |               ^^^^^
   |
   = note: `#[warn(dead_code)]` (part of `#[warn(unused)]`) on by default

warning: function `build` is never used
  --> crates\craftmine-core\src\asset_catalog\lock.rs:32:15
   |
32 | pub(super) fn build(entries: Vec<AssetLockEntry>) -> Result<AssetLock> {
   |               ^^^^^

warning: function `resolve_closure` is never used
  --> crates\craftmine-core\src\asset_catalog\lock.rs:37:15
   |
37 | pub(super) fn resolve_closure(lock: &AssetLock, roots: &[AssetRef]) -> Result<Vec<AssetRef>> {
   |               ^^^^^^^^^^^^^^^

warning: function `collect` is never used
  --> crates\craftmine-core\src\asset_catalog\lock.rs:52:4
   |
52 | fn collect(entry: &AssetLockEntry, lock: &AssetLock, out: &mut Vec<AssetRef>) {
   |    ^^^^^^^

warning: field `claim_owner` is never read
  --> crates\craftmine-core\src\asset_catalog\preview.rs:95:5
   |
88 | struct PreviewState {
   |        ------------ field in this struct
...
95 |     claim_owner: String,
   |     ^^^^^^^^^^^

warning: method `content_files` is never used
   --> crates\craftmine-core\src\content.rs:618:19
    |
236 | impl TaskJournal {
    | ---------------- method in this implementation
...
618 |     pub(crate) fn content_files(
    |                   ^^^^^^^^^^^^^

warning: function `abort` is never used
   --> crates\craftmine-core\src\content_history\apply.rs:467:8
    |
467 | pub fn abort(db: &mut Connection, operation_id: &str, reason: &str) -> Result<ReferenceIntent> {    let intent = load(db, operation...
    |        ^^^^^

warning: function `receipt` is never used
   --> crates\craftmine-core\src\content_history\apply.rs:588:8
    |
588 | pub fn receipt(
    |        ^^^^^^^

warning: function `store_receipt` is never used
   --> crates\craftmine-core\src\content_history\apply.rs:614:8
    |
614 | pub fn store_receipt(
    |        ^^^^^^^^^^^^^

warning: struct `ContentRef` is never constructed
   --> crates\craftmine-core\src\content_history\contract.rs:219:12
    |
219 | pub struct ContentRef {
    |            ^^^^^^^^^^

warning: method `validate` is never used
   --> crates\craftmine-core\src\content_history\contract.rs:226:12
    |
225 | impl ContentRef {
    | --------------- method in this implementation
226 |     pub fn validate(&self) -> Result<()> {
    |            ^^^^^^^^

warning: struct `BuildRef` is never constructed
   --> crates\craftmine-core\src\content_history\contract.rs:236:12
    |
236 | pub struct BuildRef {
    |            ^^^^^^^^

warning: method `validate` is never used
   --> crates\craftmine-core\src\content_history\contract.rs:246:12
    |
245 | impl BuildRef {
    | ------------- method in this implementation
246 |     pub fn validate(&self) -> Result<()> {
    |            ^^^^^^^^

warning: struct `ProgressRef` is never constructed
   --> crates\craftmine-core\src\content_history\contract.rs:260:12
    |
260 | pub struct ProgressRef {
    |            ^^^^^^^^^^^

warning: method `validate` is never used
   --> crates\craftmine-core\src\content_history\contract.rs:270:12
    |
269 | impl ProgressRef {
    | ---------------- method in this implementation
270 |     pub fn validate(&self) -> Result<()> {
    |            ^^^^^^^^

warning: methods `config_dir`, `with_timeout`, `object_type`, and `cat_object` are never used
   --> crates\craftmine-core\src\content_history\git.rs:493:12
    |
368 | impl GitAdapter {
    | --------------- methods in this implementation
...
493 |     pub fn config_dir(&self) -> &Path {
    |            ^^^^^^^^^^
...
497 |     pub fn with_timeout(mut self, timeout: Duration) -> Self {
    |            ^^^^^^^^^^^^
...
834 |     pub fn object_type(&self, git_dir: &Path, oid: &str) -> Result<String> {
    |            ^^^^^^^^^^^
...
842 |     pub fn cat_object(&self, git_dir: &Path, oid: &str) -> Result<Vec<u8>> {
    |            ^^^^^^^^^^

warning: constant `REPOSITORY_FORMAT` is never used
  --> crates\craftmine-core\src\content_history\migration.rs:30:11
   |
30 | pub const REPOSITORY_FORMAT: &str = "craftmine.content-repository/1";
   |           ^^^^^^^^^^^^^^^^^

warning: method `as_str` is never used
  --> crates\craftmine-core\src\content_history\migration.rs:42:8
   |
41 | impl ContentBackend {
   | ------------------- method in this implementation
42 |     fn as_str(self) -> &'static str {
   |        ^^^^^^

warning: associated function `text` is never used
   --> crates\craftmine-core\src\content_history\repo.rs:108:12
    |
107 | impl ContentFile {
    | ---------------- associated function in this implementation
108 |     pub fn text(path: &str, text: &str) -> Self {
    |            ^^^^

warning: struct `MaterializedCopy` is never constructed
   --> crates\craftmine-core\src\content_history\repo.rs:171:12
    |
171 | pub struct MaterializedCopy {
    |            ^^^^^^^^^^^^^^^^

warning: methods `root`, `content_ref`, `materialize`, `set_draft`, `draft`, and `set_applied` are never used
   --> crates\craftmine-core\src\content_history\repo.rs:211:12
    |
198 | impl RepositoryStore {
    | -------------------- methods in this implementation
...
211 |     pub fn root(&self) -> &Path {
    |            ^^^^
...
477 |     pub fn content_ref(&self, layout: &RepoLayout, oid: &str) -> Result<ContentRef> {
    |            ^^^^^^^^^^^
...
536 |     pub fn materialize(
    |            ^^^^^^^^^^^
...
821 |     pub fn set_draft(
    |            ^^^^^^^^^
...
836 |     pub fn draft(&self, layout: &RepoLayout, branch_id: &str) -> Result<Option<String>> {
    |            ^^^^^
...
894 |     pub fn set_applied(
    |            ^^^^^^^^^^^

warning: function `group_by_request` is never used
    --> crates\craftmine-core\src\content_history\repo.rs:1106:8
     |
1106 | pub fn group_by_request(records: &[CommitRecord]) -> BTreeMap<String, Vec<&CommitRecord>> {
     |        ^^^^^^^^^^^^^^^^

warning: function `blob_read` is never used
   --> crates\craftmine-core\src\godot_projects.rs:371:15
    |
371 | pub(super) fn blob_read(directory: &Path, world: &str, entry: &FileEntry) -> Result<String> {
    |               ^^^^^^^^^

warning: function `reconcile_git_head` is never used
   --> crates\craftmine-core\src\godot_projects.rs:549:4
    |
549 | fn reconcile_git_head(
    |    ^^^^^^^^^^^^^^^^^^

warning: methods `project_manifest` and `project_is_git_backed` are never used
   --> crates\craftmine-core\src\godot_projects.rs:762:19
    |
735 | impl TaskJournal {
    | ---------------- methods in this implementation
...
762 |     pub(super) fn project_manifest(
    |                   ^^^^^^^^^^^^^^^^
...
886 |     pub(super) fn project_is_git_backed(&self, world: &str) -> Result<bool> {
    |                   ^^^^^^^^^^^^^^^^^^^^^

warning: `craftmine-core` (lib) generated 26 warnings (run `cargo fix --lib -p craftmine-core` to apply 1 suggestion)
