    Checking typenum v1.20.1
    Checking foldhash v0.2.0
    Checking const-oid v0.10.2
    Checking memchr v2.8.3
    Checking cpufeatures v0.3.0
    Checking fallible-iterator v0.3.0
    Checking itoa v1.0.18
    Checking cfg-if v1.0.4
    Checking fallible-streaming-iterator v0.1.9
    Checking bitflags v2.13.1
    Checking smallvec v1.15.2
    Checking base64 v0.23.1
    Checking serde_core v1.0.229
    Checking zmij v1.0.23
    Checking anyhow v1.0.104
    Checking libsqlite3-sys v0.38.2
    Checking hashbrown v0.17.1
    Checking hashlink v0.12.1
    Checking hybrid-array v0.4.14
    Checking rusqlite v0.40.2
    Checking block-buffer v0.12.1
    Checking crypto-common v0.2.2
    Checking serde_json v1.0.151
    Checking serde v1.0.229
    Checking digest v0.11.3
    Checking sha2 v0.11.0
    Checking craftmine-core v0.1.0 (D:\cm-godot-final-core-20260910\vendor\pi-desktop\crates\craftmine-core)
warning: unused import: `load_manifest`
  --> crates\craftmine-core\src\godot_builds.rs:21:22
   |
21 |     godot_projects::{load_manifest, ordinary, valid_hash, Manifest},
   |                      ^^^^^^^^^^^^^
   |
   = note: `#[warn(unused_imports)]` (part of `#[warn(unused)]`) on by default

warning: function `entry` is never used
  --> crates\craftmine-core\src\asset_catalog\lock.rs:11:15
   |
11 | pub(super) fn entry(
   |               ^^^^^
   |
   = note: `#[warn(dead_code)]` (part of `#[warn(unused)]`) on by default

warning: function `build` is never used
  --> crates\craftmine-core\src\asset_catalog\lock.rs:32:15
   |
32 | pub(super) fn build(entries: Vec<AssetLockEntry>) -> Result<AssetLock> {
   |               ^^^^^

warning: function `resolve_closure` is never used
  --> crates\craftmine-core\src\asset_catalog\lock.rs:37:15
   |
37 | pub(super) fn resolve_closure(lock: &AssetLock, roots: &[AssetRef]) -> Result<Vec<AssetRef>> {
   |               ^^^^^^^^^^^^^^^

warning: function `collect` is never used
  --> crates\craftmine-core\src\asset_catalog\lock.rs:52:4
   |
52 | fn collect(entry: &AssetLockEntry, lock: &AssetLock, out: &mut Vec<AssetRef>) {
   |    ^^^^^^^

warning: field `claim_owner` is never read
  --> crates\craftmine-core\src\asset_catalog\preview.rs:95:5
   |
88 | struct PreviewState {
   |        ------------ field in this struct
...
95 |     claim_owner: String,
   |     ^^^^^^^^^^^

warning: method `content_files` is never used
   --> crates\craftmine-core\src\content.rs:614:19
    |
236 | impl TaskJournal {
    | ---------------- method in this implementation
...
614 |     pub(crate) fn content_files(
    |                   ^^^^^^^^^^^^^

warning: function `abort` is never used
   --> crates\craftmine-core\src\content_history\apply.rs:461:8
    |
461 | pub fn abort(db: &mut Connection, operation_id: &str, reason: &str) -> Result<ReferenceIntent> {    let intent = load(db, operation...
    |        ^^^^^

warning: function `receipt` is never used
   --> crates\craftmine-core\src\content_history\apply.rs:582:8
    |
582 | pub fn receipt(
    |        ^^^^^^^

warning: function `store_receipt` is never used
   --> crates\craftmine-core\src\content_history\apply.rs:608:8
    |
608 | pub fn store_receipt(
    |        ^^^^^^^^^^^^^

warning: struct `ContentRef` is never constructed
   --> crates\craftmine-core\src\content_history\contract.rs:219:12
    |
219 | pub struct ContentRef {
    |            ^^^^^^^^^^

warning: method `validate` is never used
   --> crates\craftmine-core\src\content_history\contract.rs:226:12
    |
225 | impl ContentRef {
    | --------------- method in this implementation
226 |     pub fn validate(&self) -> Result<()> {
    |            ^^^^^^^^

warning: struct `BuildRef` is never constructed
   --> crates\craftmine-core\src\content_history\contract.rs:236:12
    |
236 | pub struct BuildRef {
    |            ^^^^^^^^

warning: method `validate` is never used
   --> crates\craftmine-core\src\content_history\contract.rs:246:12
    |
245 | impl BuildRef {
    | ------------- method in this implementation
246 |     pub fn validate(&self) -> Result<()> {
    |            ^^^^^^^^

warning: struct `ProgressRef` is never constructed
   --> crates\craftmine-core\src\content_history\contract.rs:260:12
    |
260 | pub struct ProgressRef {
    |            ^^^^^^^^^^^

warning: method `validate` is never used
   --> crates\craftmine-core\src\content_history\contract.rs:270:12
    |
269 | impl ProgressRef {
    | ---------------- method in this implementation
270 |     pub fn validate(&self) -> Result<()> {
    |            ^^^^^^^^

warning: associated functions `parse` and `parse_canonical` are never used
   --> crates\craftmine-core\src\content_history\contract.rs:525:12
    |
388 | impl AssetLock {
    | -------------- associated functions in this implementation
...
525 |     pub fn parse(bytes: &[u8]) -> Result<Self> {
    |            ^^^^^
...
535 |     pub fn parse_canonical(bytes: &[u8]) -> Result<Self> {
    |            ^^^^^^^^^^^^^^^

warning: methods `config_dir`, `with_timeout`, `object_type`, and `cat_object` are never used
   --> crates\craftmine-core\src\content_history\git.rs:493:12
    |
368 | impl GitAdapter {
    | --------------- methods in this implementation
...
493 |     pub fn config_dir(&self) -> &Path {
    |            ^^^^^^^^^^
...
497 |     pub fn with_timeout(mut self, timeout: Duration) -> Self {
    |            ^^^^^^^^^^^^
...
816 |     pub fn object_type(&self, git_dir: &Path, oid: &str) -> Result<String> {
    |            ^^^^^^^^^^^
...
824 |     pub fn cat_object(&self, git_dir: &Path, oid: &str) -> Result<Vec<u8>> {
    |            ^^^^^^^^^^

warning: constant `REPOSITORY_FORMAT` is never used
  --> crates\craftmine-core\src\content_history\migration.rs:30:11
   |
30 | pub const REPOSITORY_FORMAT: &str = "craftmine.content-repository/1";
   |           ^^^^^^^^^^^^^^^^^

warning: method `as_str` is never used
  --> crates\craftmine-core\src\content_history\migration.rs:42:8
   |
41 | impl ContentBackend {
   | ------------------- method in this implementation
42 |     fn as_str(self) -> &'static str {
   |        ^^^^^^

warning: associated function `text` is never used
   --> crates\craftmine-core\src\content_history\repo.rs:104:12
    |
103 | impl ContentFile {
    | ---------------- associated function in this implementation
104 |     pub fn text(path: &str, text: &str) -> Self {
    |            ^^^^

warning: struct `MaterializedCopy` is never constructed
   --> crates\craftmine-core\src\content_history\repo.rs:167:12
    |
167 | pub struct MaterializedCopy {
    |            ^^^^^^^^^^^^^^^^

warning: multiple methods are never used
   --> crates\craftmine-core\src\content_history\repo.rs:207:12
    |
194 | impl RepositoryStore {
    | -------------------- methods in this implementation
...
207 |     pub fn root(&self) -> &Path {
    |            ^^^^
...
457 |     pub fn asset_lock(&self, layout: &RepoLayout, oid: &str) -> Result<Option<AssetLock>> {
    |            ^^^^^^^^^^
...
468 |     pub fn content_ref(&self, layout: &RepoLayout, oid: &str) -> Result<ContentRef> {
    |            ^^^^^^^^^^^
...
527 |     pub fn materialize(
    |            ^^^^^^^^^^^
...
809 |     pub fn set_draft(
    |            ^^^^^^^^^
...
824 |     pub fn draft(&self, layout: &RepoLayout, branch_id: &str) -> Result<Option<String>> {
    |            ^^^^^
...
882 |     pub fn set_applied(
    |            ^^^^^^^^^^^

warning: function `group_by_request` is never used
    --> crates\craftmine-core\src\content_history\repo.rs:1094:8
     |
1094 | pub fn group_by_request(records: &[CommitRecord]) -> BTreeMap<String, Vec<&CommitRecord>> {
     |        ^^^^^^^^^^^^^^^^

warning: function `reconcile_git_head` is never used
   --> crates\craftmine-core\src\godot_projects.rs:532:4
    |
532 | fn reconcile_git_head(
    |    ^^^^^^^^^^^^^^^^^^

warning: method `project_is_git_backed` is never used
   --> crates\craftmine-core\src\godot_projects.rs:785:19
    |
708 | impl TaskJournal {
    | ---------------- method in this implementation
...
785 |     pub(super) fn project_is_git_backed(&self, world: &str) -> Result<bool> {
    |                   ^^^^^^^^^^^^^^^^^^^^^

warning: `craftmine-core` (lib) generated 26 warnings (run `cargo fix --lib -p craftmine-core` to apply 1 suggestion)
    Finished `dev` profile [unoptimized + debuginfo] target(s) in 6.78s
