warning: unused import: `load_manifest`
  --> crates\craftmine-core\src\godot_builds.rs:21:22
   |
21 |     godot_projects::{load_manifest, ordinary, valid_hash, Manifest},
   |                      ^^^^^^^^^^^^^
   |
   = note: `#[warn(unused_imports)]` (part of `#[warn(unused)]`) on by default

warning: function `entry` is never used
  --> crates\craftmine-core\src\asset_catalog\lock.rs:11:15
   |
11 | pub(super) fn entry(
   |               ^^^^^
   |
   = note: `#[warn(dead_code)]` (part of `#[warn(unused)]`) on by default

warning: function `build` is never used
  --> crates\craftmine-core\src\asset_catalog\lock.rs:32:15
   |
32 | pub(super) fn build(entries: Vec<AssetLockEntry>) -> Result<AssetLock> {
   |               ^^^^^

warning: function `resolve_closure` is never used
  --> crates\craftmine-core\src\asset_catalog\lock.rs:37:15
   |
37 | pub(super) fn resolve_closure(lock: &AssetLock, roots: &[AssetRef]) -> Result<Vec<AssetRef>> {
   |               ^^^^^^^^^^^^^^^

warning: function `collect` is never used
  --> crates\craftmine-core\src\asset_catalog\lock.rs:52:4
   |
52 | fn collect(entry: &AssetLockEntry, lock: &AssetLock, out: &mut Vec<AssetRef>) {
   |    ^^^^^^^

warning: field `claim_owner` is never read
  --> crates\craftmine-core\src\asset_catalog\preview.rs:95:5
   |
88 | struct PreviewState {
   |        ------------ field in this struct
...
95 |     claim_owner: String,
   |     ^^^^^^^^^^^

warning: method `content_files` is never used
   --> crates\craftmine-core\src\content.rs:618:19
    |
236 | impl TaskJournal {
    | ---------------- method in this implementation
...
618 |     pub(crate) fn content_files(
    |                   ^^^^^^^^^^^^^

warning: function `abort` is never used
   --> crates\craftmine-core\src\content_history\apply.rs:467:8
    |
467 | pub fn abort(db: &mut Connection, operation_id: &str, reason: &str) -> Result<ReferenceIntent> {    let intent = load(db, operation...
    |        ^^^^^

warning: function `receipt` is never used
   --> crates\craftmine-core\src\content_history\apply.rs:588:8
    |
588 | pub fn receipt(
    |        ^^^^^^^

warning: function `store_receipt` is never used
   --> crates\craftmine-core\src\content_history\apply.rs:614:8
    |
614 | pub fn store_receipt(
    |        ^^^^^^^^^^^^^

warning: struct `ContentRef` is never constructed
   --> crates\craftmine-core\src\content_history\contract.rs:219:12
    |
219 | pub struct ContentRef {
    |            ^^^^^^^^^^

warning: method `validate` is never used
   --> crates\craftmine-core\src\content_history\contract.rs:226:12
    |
225 | impl ContentRef {
    | --------------- method in this implementation
226 |     pub fn validate(&self) -> Result<()> {
    |            ^^^^^^^^

warning: struct `BuildRef` is never constructed
   --> crates\craftmine-core\src\content_history\contract.rs:236:12
    |
236 | pub struct BuildRef {
    |            ^^^^^^^^

warning: method `validate` is never used
   --> crates\craftmine-core\src\content_history\contract.rs:246:12
    |
245 | impl BuildRef {
    | ------------- method in this implementation
246 |     pub fn validate(&self) -> Result<()> {
    |            ^^^^^^^^

warning: struct `ProgressRef` is never constructed
   --> crates\craftmine-core\src\content_history\contract.rs:260:12
    |
260 | pub struct ProgressRef {
    |            ^^^^^^^^^^^

warning: method `validate` is never used
   --> crates\craftmine-core\src\content_history\contract.rs:270:12
    |
269 | impl ProgressRef {
    | ---------------- method in this implementation
270 |     pub fn validate(&self) -> Result<()> {
    |            ^^^^^^^^

warning: methods `config_dir`, `with_timeout`, `object_type`, and `cat_object` are never used
   --> crates\craftmine-core\src\content_history\git.rs:493:12
    |
368 | impl GitAdapter {
    | --------------- methods in this implementation
...
493 |     pub fn config_dir(&self) -> &Path {
    |            ^^^^^^^^^^
...
497 |     pub fn with_timeout(mut self, timeout: Duration) -> Self {
    |            ^^^^^^^^^^^^
...
816 |     pub fn object_type(&self, git_dir: &Path, oid: &str) -> Result<String> {
    |            ^^^^^^^^^^^
...
824 |     pub fn cat_object(&self, git_dir: &Path, oid: &str) -> Result<Vec<u8>> {
    |            ^^^^^^^^^^

warning: constant `REPOSITORY_FORMAT` is never used
  --> crates\craftmine-core\src\content_history\migration.rs:30:11
   |
30 | pub const REPOSITORY_FORMAT: &str = "craftmine.content-repository/1";
   |           ^^^^^^^^^^^^^^^^^

warning: method `as_str` is never used
  --> crates\craftmine-core\src\content_history\migration.rs:42:8
   |
41 | impl ContentBackend {
   | ------------------- method in this implementation
42 |     fn as_str(self) -> &'static str {
   |        ^^^^^^

warning: associated function `text` is never used
   --> crates\craftmine-core\src\content_history\repo.rs:104:12
    |
103 | impl ContentFile {
    | ---------------- associated function in this implementation
104 |     pub fn text(path: &str, text: &str) -> Self {
    |            ^^^^

warning: struct `MaterializedCopy` is never constructed
   --> crates\craftmine-core\src\content_history\repo.rs:167:12
    |
167 | pub struct MaterializedCopy {
    |            ^^^^^^^^^^^^^^^^

warning: methods `root`, `content_ref`, `materialize`, `set_draft`, `draft`, and `set_applied` are never used
   --> crates\craftmine-core\src\content_history\repo.rs:207:12
    |
194 | impl RepositoryStore {
    | -------------------- methods in this implementation
...
207 |     pub fn root(&self) -> &Path {
    |            ^^^^
...
468 |     pub fn content_ref(&self, layout: &RepoLayout, oid: &str) -> Result<ContentRef> {
    |            ^^^^^^^^^^^
...
527 |     pub fn materialize(
    |            ^^^^^^^^^^^
...
809 |     pub fn set_draft(
    |            ^^^^^^^^^
...
824 |     pub fn draft(&self, layout: &RepoLayout, branch_id: &str) -> Result<Option<String>> {
    |            ^^^^^
...
882 |     pub fn set_applied(
    |            ^^^^^^^^^^^

warning: function `group_by_request` is never used
    --> crates\craftmine-core\src\content_history\repo.rs:1094:8
     |
1094 | pub fn group_by_request(records: &[CommitRecord]) -> BTreeMap<String, Vec<&CommitRecord>> {
     |        ^^^^^^^^^^^^^^^^

warning: function `reconcile_git_head` is never used
   --> crates\craftmine-core\src\godot_projects.rs:541:4
    |
541 | fn reconcile_git_head(
    |    ^^^^^^^^^^^^^^^^^^

warning: methods `project_manifest` and `project_is_git_backed` are never used
   --> crates\craftmine-core\src\godot_projects.rs:732:19
    |
727 | impl TaskJournal {
    | ---------------- methods in this implementation
...
732 |     pub(super) fn project_manifest(
    |                   ^^^^^^^^^^^^^^^^
...
853 |     pub(super) fn project_is_git_backed(&self, world: &str) -> Result<bool> {
    |                   ^^^^^^^^^^^^^^^^^^^^^

   Compiling craftmine-core v0.1.0 (D:\cm-godot-final-core-20260910\vendor\pi-desktop\crates\craftmine-core)
warning: `craftmine-core` (lib) generated 25 warnings (run `cargo fix --lib -p craftmine-core` to apply 1 suggestion)
warning: variable does not need to be mutable
   --> crates\craftmine-core\src\content_history\migration_tests.rs:142:9
    |
142 |     let mut fixture = fixture(&[(0, "scenes/a.tscn", "[gd_scene]\n"), (1, "scenes/a.tscn", "[gd_scene name=\"a\"]\n")])?;
    |         ----^^^^^^^
    |         |
    |         help: remove this `mut`
    |
    = note: `#[warn(unused_mut)]` (part of `#[warn(unused)]`) on by default

warning: field `claim_owner` is never read
  --> crates\craftmine-core\src\asset_catalog\preview.rs:95:5
   |
88 | struct PreviewState {
   |        ------------ field in this struct
...
95 |     claim_owner: String,
   |     ^^^^^^^^^^^
   |
   = note: `#[warn(dead_code)]` (part of `#[warn(unused)]`) on by default

warning: method `root` is never used
   --> crates\craftmine-core\src\content_history\repo.rs:207:12
    |
194 | impl RepositoryStore {
    | -------------------- method in this implementation
...
207 |     pub fn root(&self) -> &Path {
    |            ^^^^

warning: function `VECTORS_JSON` should have a snake case name
   --> crates\craftmine-core\src\content_history\contract_vectors_tests.rs:113:4
    |
113 | fn VECTORS_JSON() -> Result<Value> {
    |    ^^^^^^^^^^^^ help: convert the identifier to snake case: `vectors_json`
    |
    = note: `#[warn(non_snake_case)]` (part of `#[warn(nonstandard_style)]`) on by default

warning: `craftmine-core` (lib test) generated 10 warnings (6 duplicates) (run `cargo fix --lib -p craftmine-core --tests` to apply 1 suggestion)
    Finished `test` profile [unoptimized + debuginfo] target(s) in 3.58s
     Running unittests src\lib.rs (vendor\pi-desktop\target\debug\deps\craftmine_core-13091a1caf054aaf.exe)

running 1 test
Error: GODOT_CANDIDATE_NOT_READY
test content::tests::two_branches_edit_check_and_apply_independently_without_replacing_main ... FAILED

failures:

failures:
    content::tests::two_branches_edit_check_and_apply_independently_without_replacing_main

test result: FAILED. 0 passed; 1 failed; 0 ignored; 0 measured; 271 filtered out; finished in 1.85s

error: test failed, to rerun pass `-p craftmine-core --lib`
