PASS 规划中的底座显示但不可选
PASS 规划中的起点显示但不可选
PASS 底座带主机说明文字
PASS 空名称不会发出创建请求
PASS 初始化中的世界登记后立即出现在列表中
PASS 初始化中的世界显示主机步骤与进度
PASS 初始化中的世界不可游玩
PASS 初始化中的世界不会被切换进去
PASS 轮询到主机完成初始化后才变为可游玩
PASS 完成初始化后仍不自动切换世界
PASS 创建失败时保留表单并显示主机错误
PASS 创建失败不会登记世界
PASS 初始化失败的世界显示失败原因
PASS 恢复按钮只来自主机报告的动作
PASS 重试初始化按钮调用正式 world.creationRetry 且仅传 worldId
PASS 详情展开主机报告的阶段与错误码
PASS 主机不支持恢复动作时不显示按钮
PASS 点击未完成的世界只提示不切换
PASS 可游玩世界仍通过受管理切换打开
PASS 窄窗下长中文标题不撑破列宽
PASS 窄窗下布局与恢复默认入口仍可达
PASS 150% 缩放下列表与入口仍完整
PASS 没有请求鼠标锁定或焦点
PASS 页面没有未处理异常
Evidence: D:\cm-godot-final-core-20260910\test-results\godot-remaining-e-create-ui-B6WMVo
