node:internal/modules/cjs/loader:1456
  const err = new Error(message);
              ^

Error: Cannot find module './domain.cjs'
Require stack:
- D:\cm-godot-final-20260910\plugins\craftmine-world\host-requests.cjs
- D:\cm-godot-final-core-20260910\tests\godot-history-panel.mjs
    at Module._resolveFilename (node:internal/modules/cjs/loader:1456:15)
    at defaultResolveImpl (node:internal/modules/cjs/loader:1066:19)
    at resolveForCJSWithHooks (node:internal/modules/cjs/loader:1071:22)
    at Module._load (node:internal/modules/cjs/loader:1242:25)
    at wrapModuleLoad (node:internal/modules/cjs/loader:255:19)
    at Module.require (node:internal/modules/cjs/loader:1556:12)
    at require (node:internal/modules/helpers:152:16)
    at Object.<anonymous> (D:\cm-godot-final-20260910\plugins\craftmine-world\host-requests.cjs:2:16)
    at Module._compile (node:internal/modules/cjs/loader:1812:14)
    at Object..js (node:internal/modules/cjs/loader:1943:10) {
  code: 'MODULE_NOT_FOUND',
  requireStack: [
    'D:\\cm-godot-final-20260910\\plugins\\craftmine-world\\host-requests.cjs',
    'D:\\cm-godot-final-core-20260910\\tests\\godot-history-panel.mjs'
  ]
}

Node.js v24.14.0
