   Compiling craftmine-core v0.1.0 (D:\cm-godot-final-core-20260910\vendor\pi-desktop\crates\craftmine-core)
error: cannot find macro `params` in this scope
   --> crates\craftmine-core\src\content.rs:577:13
    |
577 |             params![layout.repo_id, format!("{}|%", layout.repo_id)], |row| row.get(0))?;
    |             ^^^^^^

warning: unused import: `load_manifest`
  --> crates\craftmine-core\src\godot_builds.rs:21:22
   |
21 |     godot_projects::{load_manifest, ordinary, valid_hash, Manifest},
   |                      ^^^^^^^^^^^^^
   |
   = note: `#[warn(unused_imports)]` (part of `#[warn(unused)]`) on by default

warning: `craftmine-core` (lib) generated 1 warning
error: could not compile `craftmine-core` (lib) due to 1 previous error; 1 warning emitted
warning: build failed, waiting for other jobs to finish...
warning: variable does not need to be mutable
   --> crates\craftmine-core\src\content_history\migration_tests.rs:142:9
    |
142 |     let mut fixture = fixture(&[(0, "scenes/a.tscn", "[gd_scene]\n"), (1, "scenes/a.tscn", "[gd_scene name=\"a\"]\n")])?;
    |         ----^^^^^^^
    |         |
    |         help: remove this `mut`
    |
    = note: `#[warn(unused_mut)]` (part of `#[warn(unused)]`) on by default

warning: `craftmine-core` (lib test) generated 2 warnings (1 duplicate)
error: could not compile `craftmine-core` (lib test) due to 1 previous error; 2 warnings emitted
