    Checking craftmine-core v0.1.0 (D:\cm-godot-final-core-20260910\vendor\pi-desktop\crates\craftmine-core)
warning: unused import: `load_manifest`
  --> crates\craftmine-core\src\godot_builds.rs:21:22
   |
21 |     godot_projects::{load_manifest, ordinary, valid_hash, Manifest},
   |                      ^^^^^^^^^^^^^
   |
   = note: `#[warn(unused_imports)]` (part of `#[warn(unused)]`) on by default

error[E0277]: the trait bound `u64: FromSql` is not satisfied
   --> crates\craftmine-core\src\godot_runtime.rs:214:76
    |
214 |             params![owner, build], |row| Ok((row.get(0)?, row.get(1)?, row.get(2)?)))?;
    |                                                                            ^^^ the trait `FromSql` is not implemented for `u64`
    |
    = help: the following other types implement trait `FromSql`:
              f32
              f64
              i16
              i32
              i64
              i8
              isize
              u16
            and 2 others
note: required by a bound in `Row::<'_>::get`
   --> C:\Users\WINDOWS\.cargo\registry\src\index.crates.io-1949cf8c6b5b557f\rusqlite-0.40.2\src\row.rs:285:32
    |
285 |     pub fn get<I: RowIndex, T: FromSql>(&self, idx: I) -> Result<T> {
    |                                ^^^^^^^ required by this bound in `Row::<'_>::get`

error[E0277]: the trait bound `u64: ToSql` is not satisfied
   --> crates\craftmine-core\src\godot_runtime.rs:220:17
    |
220 |                 params![owner, revision], |row| row.get(0)).optional()?.context("GODOT_REBUILD_SOURCE_NOT_INDEXED")?,
    |                 ^^^^^^^^^^^^^^^^^^^^^^^^ the trait `ToSql` is not implemented for `u64`
    |
    = help: the following other types implement trait `ToSql`:
              f32
              f64
              i16
              i32
              i64
              i8
              isize
              u16
            and 2 others
    = note: required for the cast from `&u64` to `&dyn ToSql`
    = note: this error originates in the macro `params` (in Nightly builds, run with -Z macro-backtrace for more info)

For more information about this error, try `rustc --explain E0277`.
warning: `craftmine-core` (lib) generated 1 warning
error: could not compile `craftmine-core` (lib) due to 2 previous errors; 1 warning emitted
