✔ stop drains a real pending broker preflight and prevents obsolete registration (388.2062ms)
✔ stop drains an in-flight registration, revokes it, then admits one fresh restart (191.8642ms)
✔ new bin retirement waits for core acknowledgment; preflight/import/export preserve diagnostics (349.9041ms)
✔ new bin retirement preserves copies after lost-finish (324.7263ms)
✔ new bin retirement preserves copies after failed-check (341.8842ms)
✔ new bin retirement preserves copies after refused-registration (95.1767ms)
✔ happy check job: real import/export receipts, staged web artifacts, passed candidate (323.8436ms)
✔ task path preparation rejection retains its reason and never reaches export/check (219.3815ms)
✔ the verifier receives the staged descriptor, never a caller-supplied path (327.2175ms)
✔ check job without a verifier records a failure instead of a false pass (325.6159ms)
✔ a failing runtime check fails the job and its assertions (311.8286ms)
✔ forged preflight evidence never registers an executor (558.3772ms)
✔ measured source files must equal the claimed manifest (882.4009ms)
✔ unlisted, tampered and escaping artifacts are refused (972.0595ms)
✔ compile failures are fatal, known native isolation diagnostics are not (526.5074ms)
✔ a broker that never answers or dies is recorded as a failure, never a pass (431.1953ms)
✔ a job that exceeds its budget is failed, not left running (1714.717ms)
✔ cancel kills the broker, records no result and cancels the core job (557.5431ms)
✔ executor stop revokes registration and rejects new jobs (124.4521ms)
✔ sourceSnapshotDigest matches the documented broker digest shape (0.2265ms)
✔ missing or tampered host files report their own reason (32.1256ms)
✔ a changed broker binary is refused when a pin is configured (5.3716ms)
✔ actual two-log shape permits one verified native import recovery and preserves its full check (618.6298ms)
﹣ a linked declared preflight cannot authorize native import recovery (6.1131ms) # host does not permit file symlinks
✔ script errors, changed inputs, unknown cleanup and repeated crashes never become successful retries (4542.3985ms)
✔ finite runtime expectation: matched (390.2137ms)
✔ finite runtime expectation: descriptor-missing (404.4891ms)
✔ finite runtime expectation: descriptor-dropped (389.6935ms)
✔ finite runtime expectation: descriptor-mixed (405.3003ms)
✔ finite runtime expectation: assertion-missing (383.9776ms)
✔ finite runtime expectation: assertion-false (384.9928ms)
✔ finite runtime expectation: assertion-duplicate (402.6927ms)
✔ creation completion publishes pending before finish and preserves applied proof after restart (556.1295ms)
✔ creation reconcile without a live context completes its check without adoption authority (403.7156ms)
✔ creation cancel during applying persistence prevents the host callback (431.0842ms)
✔ creation stop during applying persistence prevents the host callback (430.9873ms)
✔ creation lost finish reply keeps the confirmed candidate and manual reason without replaying adoption (402.1382ms)
✔ creation applied response with failed ledger writes remains unconfirmed until recovery (510.7556ms)
✔ creation manual authorization result leaves a passed candidate without claiming adoption (397.3857ms)
✔ a refused finish results in a core-confirmed failure that keeps the original identity (404.999ms)
✔ a lost terminal reply is read back from the core, never re-submitted or faked (400.0396ms)
✔ a conflicting artifact is refused without overwriting or deleting the old evidence (399.8505ms)
✔ a same-source recheck reuses verified bytes and can never replace them (939.0349ms)
✔ a cancelled job reports the core cancel and submits no result (714.4785ms)
✔ an interrupted job records the core state instead of a failure it cannot prove (402.5016ms)
✔ a wrong token leaves the job unconfirmed and never confirmed (400.6985ms)
✔ a cross-world record is refused instead of settling a foreign job (403.3181ms)
✔ a stop during a running job reports no completion and deletes no evidence (569.9216ms)
✔ a refused settlement resolved by a second read keeps the original reason and both errors (403.5923ms)
ℹ tests 49
ℹ suites 0
ℹ pass 48
ℹ fail 0
ℹ cancelled 0
ℹ skipped 1
ℹ todo 0
ℹ duration_ms 25200.0926
