Godot Engine v4.7.2.stable.official.ed1daf0bf - https://godotengine.org

ERROR: Condition "res != ((HRESULT)0x00000000)" is true. Returning: String()
   at: get_system_dir (platform/windows/os_windows.cpp:2502)
ERROR: Condition "res != ((HRESULT)0x00000000)" is true. Returning: String()
   at: get_system_dir (platform/windows/os_windows.cpp:2502)
ERROR: Call to GetAdaptersAddresses failed with error 5.
   at: get_local_interfaces (drivers/windows/ip_windows.cpp:117)
ERROR: Method/function failed. Returning: ""
   at: get_filesystem_type (drivers/windows/dir_access_windows.cpp:412)
ERROR: Method/function failed. Returning: ""
   at: get_filesystem_type (drivers/windows/dir_access_windows.cpp:412)
ERROR: Condition "res != ((HRESULT)0x00000000)" is true. Returning: String()
   at: get_system_dir (platform/windows/os_windows.cpp:2502)
ERROR: Condition "res != ((HRESULT)0x00000000)" is true. Returning: String()
   at: get_system_dir (platform/windows/os_windows.cpp:2502)
ERROR: Condition "_sock == (SOCKET)(~0)" is true. Returning: FAILED
   at: open (drivers/windows/net_socket_winsock.cpp:238)
ERROR: Condition "err != OK" is true. Returning: ERR_CANT_CREATE
   at: listen (core/io/tcp_server.cpp:56)
[   0% ] [90m[1mfirst_scan_filesystem[22m | Started 项目初始化 (5 steps)[39m[0m
[   0% ] [90m[1mfirst_scan_filesystem[22m | 正在扫描文件结构……[39m[0m
[  16% ] [90m[1mfirst_scan_filesystem[22m | 正在加载全局类名……[39m[0m
[  33% ] [90m[1mfirst_scan_filesystem[22m | 正在校验 GDExtension……[39m[0m
[  50% ] [90m[1mfirst_scan_filesystem[22m | 正在创建自动加载脚本……[39m[0m
[  66% ] [90m[1mfirst_scan_filesystem[22m | 正在初始化插件……[39m[0m
[  83% ] [90m[1mfirst_scan_filesystem[22m | 正在启动文件扫描……[39m[0m
[92m[ DONE ][39m [1mfirst_scan_filesystem[22m
[0m
[   0% ] [90m[1mupdate_scripts_classes[22m | Started 正在注册全局类…… (6 steps)[39m[0m
[   0% ] [90m[1mupdate_scripts_classes[22m | [39m[0m
[  14% ] [90m[1mupdate_scripts_classes[22m | [39m[0m
[  28% ] [90m[1mupdate_scripts_classes[22m | DataMap[39m[0m
[  42% ] [90m[1mupdate_scripts_classes[22m | DataStructure[39m[0m
[  57% ] [90m[1mupdate_scripts_classes[22m | Structure[39m[0m
[  71% ] [90m[1mupdate_scripts_classes[22m | [39m[0m
[92m[ DONE ][39m [1mupdate_scripts_classes[22m
[0m
[   0% ] [90m[1m_update_scan_actions[22m | Started 正在扫描动作…… (33 steps)[39m[0m
[   0% ] [90m[1m_update_scan_actions[22m | lilita_one_regular.ttf[39m[0m
[   2% ] [90m[1m_update_scan_actions[22m | colormap.png[39m[0m
[   5% ] [90m[1m_update_scan_actions[22m | building-garage.glb[39m[0m
[   8% ] [90m[1m_update_scan_actions[22m | building-small-a.glb[39m[0m
[  11% ] [90m[1m_update_scan_actions[22m | building-small-b.glb[39m[0m
[  14% ] [90m[1m_update_scan_actions[22m | building-small-c.glb[39m[0m
[  17% ] [90m[1m_update_scan_actions[22m | building-small-d.glb[39m[0m
[  20% ] [90m[1m_update_scan_actions[22m | grass-trees-tall.glb[39m[0m
[  23% ] [90m[1m_update_scan_actions[22m | grass-trees.glb[39m[0m
[  26% ] [90m[1m_update_scan_actions[22m | grass.glb[39m[0m
[  29% ] [90m[1m_update_scan_actions[22m | pavement-fountain.glb[39m[0m
[  32% ] [90m[1m_update_scan_actions[22m | pavement.glb[39m[0m
[  35% ] [90m[1m_update_scan_actions[22m | road-corner.glb[39m[0m
[  38% ] [90m[1m_update_scan_actions[22m | road-intersection.glb[39m[0m
[  41% ] [90m[1m_update_scan_actions[22m | road-split.glb[39m[0m
[  44% ] [90m[1m_update_scan_actions[22m | road-straight-lightposts.glb[39m[0m
[  47% ] [90m[1m_update_scan_actions[22m | road-straight.glb[39m[0m
[  50% ] [90m[1m_update_scan_actions[22m | ambience.ogg[39m[0m
[  52% ] [90m[1m_update_scan_actions[22m | placement-a.ogg[39m[0m
[  55% ] [90m[1m_update_scan_actions[22m | placement-b.ogg[39m[0m
[  58% ] [90m[1m_update_scan_actions[22m | placement-c.ogg[39m[0m
[  61% ] [90m[1m_update_scan_actions[22m | placement-d.ogg[39m[0m
[  64% ] [90m[1m_update_scan_actions[22m | removal-a.ogg[39m[0m
[  67% ] [90m[1m_update_scan_actions[22m | removal-b.ogg[39m[0m
[  70% ] [90m[1m_update_scan_actions[22m | removal-c.ogg[39m[0m
[  73% ] [90m[1m_update_scan_actions[22m | removal-d.ogg[39m[0m
[  76% ] [90m[1m_update_scan_actions[22m | rotate.ogg[39m[0m
[  79% ] [90m[1m_update_scan_actions[22m | toggle.ogg[39m[0m
[  82% ] [90m[1m_update_scan_actions[22m | coin.png[39m[0m
[  85% ] [90m[1m_update_scan_actions[22m | instructions.png[39m[0m
[  88% ] [90m[1m_update_scan_actions[22m | selector.png[39m[0m
[  91% ] [90m[1m_update_scan_actions[22m | icon.png[39m[0m
[  94% ] [90m[1m_update_scan_actions[22m | splash-screen.png[39m[0m
[92m[ DONE ][39m [1m_update_scan_actions[22m
[0m
[   0% ] [90m[1mreimport[22m | Started 正在导入或重新导入资产 (33 steps)[39m[0m
[   0% ] [90m[1mreimport[22m | 正在准备重新导入文件……[39m[0m
[   2% ] [90m[1mreimport[22m | 正在准备重新导入文件……[39m[0m
[   5% ] [90m[1mreimport[22m | 正在准备重新导入文件……[39m[0m
[   8% ] [90m[1mreimport[22m | 正在准备重新导入文件……[39m[0m
[  11% ] [90m[1mreimport[22m | 正在准备重新导入文件……[39m[0m
[  14% ] [90m[1mreimport[22m | 正在准备重新导入文件……[39m[0m
[  17% ] [90m[1mreimport[22m | 正在准备重新导入文件……[39m[0m
[  20% ] [90m[1mreimport[22m | 正在准备重新导入文件……[39m[0m
[  23% ] [90m[1mreimport[22m | 正在准备重新导入文件……[39m[0m
[  26% ] [90m[1mreimport[22m | 正在准备重新导入文件……[39m[0m
[  29% ] [90m[1mreimport[22m | 正在准备重新导入文件……[39m[0m
[  32% ] [90m[1mreimport[22m | 正在准备重新导入文件……[39m[0m
[  35% ] [90m[1mreimport[22m | 正在准备重新导入文件……[39m[0m
[  38% ] [90m[1mreimport[22m | 正在准备重新导入文件……[39m[0m
[  41% ] [90m[1mreimport[22m | 正在准备重新导入文件……[39m[0m
[  44% ] [90m[1mreimport[22m | 正在准备重新导入文件……[39m[0m
[  47% ] [90m[1mreimport[22m | 正在准备重新导入文件……[39m[0m
[  50% ] [90m[1mreimport[22m | 正在准备重新导入文件……[39m[0m
[  52% ] [90m[1mreimport[22m | 正在准备重新导入文件……[39m[0m
[  55% ] [90m[1mreimport[22m | 正在准备重新导入文件……[39m[0m
[  58% ] [90m[1mreimport[22m | 正在准备重新导入文件……[39m[0m
[  61% ] [90m[1mreimport[22m | 正在准备重新导入文件……[39m[0m
[  64% ] [90m[1mreimport[22m | 正在准备重新导入文件……[39m[0m
[  67% ] [90m[1mreimport[22m | 正在准备重新导入文件……[39m[0m
[  70% ] [90m[1mreimport[22m | 正在准备重新导入文件……[39m[0m
[  73% ] [90m[1mreimport[22m | 正在准备重新导入文件……[39m[0m
[  76% ] [90m[1mreimport[22m | 正在准备重新导入文件……[39m[0m
[  79% ] [90m[1mreimport[22m | 正在准备重新导入文件……[39m[0m
[  82% ] [90m[1mreimport[22m | 正在准备重新导入文件……[39m[0m
[  85% ] [90m[1mreimport[22m | 正在准备重新导入文件……[39m[0m
[  88% ] [90m[1mreimport[22m | 正在准备重新导入文件……[39m[0m
[  91% ] [90m[1mreimport[22m | 正在准备重新导入文件……[39m[0m
[  94% ] [90m[1mreimport[22m | 正在准备重新导入文件……[39m[0m
[   0% ] [90m[1mreimport[22m | 正在执行重新导入的前置操作……[39m[0m
[   0% ] [90m[1mpreload_reimporting_scene[22m | Started 正在准备重新加载场景 (1 steps)[39m[0m
[   0% ] [90m[1mpreload_reimporting_scene[22m | 正在分析场景 [空][39m[0m
[  50% ] [90m[1mpreload_reimporting_scene[22m | 准备完成。[39m[0m
[92m[ DONE ][39m [1mpreload_reimporting_scene[22m
[0m
[   0% ] [90m[1mreimport[22m | lilita_one_regular.ttf[39m[0m
[   2% ] [90m[1mreimport[22m | lilita_one_regular.ttf[39m[0m
[   5% ] [90m[1mreimport[22m | ambience.ogg[39m[0m
[   8% ] [90m[1mreimport[22m | placement-a.ogg[39m[0m
[  11% ] [90m[1mreimport[22m | placement-b.ogg[39m[0m
[  14% ] [90m[1mreimport[22m | placement-c.ogg[39m[0m
[  17% ] [90m[1mreimport[22m | placement-d.ogg[39m[0m
[  20% ] [90m[1mreimport[22m | removal-a.ogg[39m[0m
[  23% ] [90m[1mreimport[22m | removal-b.ogg[39m[0m
[  26% ] [90m[1mreimport[22m | removal-c.ogg[39m[0m
[  29% ] [90m[1mreimport[22m | removal-d.ogg[39m[0m
[  32% ] [90m[1mreimport[22m | rotate.ogg[39m[0m
[  35% ] [90m[1mreimport[22m | lilita_one_regular.ttf[39m[0m
[  38% ] [90m[1mreimport[22m | ambience.ogg[39m[0m
[  41% ] [90m[1mreimport[22m | placement-a.ogg[39m[0m
[  44% ] [90m[1mreimport[22m | placement-b.ogg[39m[0m
[  47% ] [90m[1mreimport[22m | placement-c.ogg[39m[0m
[  50% ] [90m[1mreimport[22m | placement-d.ogg[39m[0m
[  52% ] [90m[1mreimport[22m | road-straight.glb[39m[0m
[   0% ] [90m[1mimport[22m | Started 导入场景 (104 steps)[39m[0m
[   0% ] [90m[1mimport[22m | 导入场景中...[39m[0m
[   1% ] [90m[1mimport[22m | 执行自定义脚本...[39m[0m
[  99% ] [90m[1mimport[22m | 保存中...[39m[0m
[92m[ DONE ][39m [1mimport[22m
[0m
[  55% ] [90m[1mreimport[22m | road-straight-lightposts.glb[39m[0m
[   0% ] [90m[1mimport[22m | Started 导入场景 (104 steps)[39m[0m
[   0% ] [90m[1mimport[22m | 导入场景中...[39m[0m
[   1% ] [90m[1mimport[22m | 执行自定义脚本...[39m[0m
[  99% ] [90m[1mimport[22m | 保存中...[39m[0m
[92m[ DONE ][39m [1mimport[22m
[0m
[  58% ] [90m[1mreimport[22m | road-split.glb[39m[0m
[   0% ] [90m[1mimport[22m | Started 导入场景 (104 steps)[39m[0m
[   0% ] [90m[1mimport[22m | 导入场景中...[39m[0m
[   1% ] [90m[1mimport[22m | 执行自定义脚本...[39m[0m
[  99% ] [90m[1mimport[22m | 保存中...[39m[0m
[92m[ DONE ][39m [1mimport[22m
[0m
[  61% ] [90m[1mreimport[22m | road-intersection.glb[39m[0m
[   0% ] [90m[1mimport[22m | Started 导入场景 (104 steps)[39m[0m
[   0% ] [90m[1mimport[22m | 导入场景中...[39m[0m
[   1% ] [90m[1mimport[22m | 执行自定义脚本...[39m[0m
[  99% ] [90m[1mimport[22m | 保存中...[39m[0m
[92m[ DONE ][39m [1mimport[22m
[0m
[  64% ] [90m[1mreimport[22m | road-corner.glb[39m[0m
[   0% ] [90m[1mimport[22m | Started 导入场景 (104 steps)[39m[0m
[   0% ] [90m[1mimport[22m | 导入场景中...[39m[0m
[   1% ] [90m[1mimport[22m | 执行自定义脚本...[39m[0m
[  99% ] [90m[1mimport[22m | 保存中...[39m[0m
[92m[ DONE ][39m [1mimport[22m
[0m
[  67% ] [90m[1mreimport[22m | pavement.glb[39m[0m
[   0% ] [90m[1mimport[22m | Started 导入场景 (104 steps)[39m[0m
[   0% ] [90m[1mimport[22m | 导入场景中...[39m[0m
[   1% ] [90m[1mimport[22m | 执行自定义脚本...[39m[0m
[  99% ] [90m[1mimport[22m | 保存中...[39m[0m
[92m[ DONE ][39m [1mimport[22m
[0m
[  70% ] [90m[1mreimport[22m | pavement-fountain.glb[39m[0m
[   0% ] [90m[1mimport[22m | Started 导入场景 (104 steps)[39m[0m
[   0% ] [90m[1mimport[22m | 导入场景中...[39m[0m
[   1% ] [90m[1mimport[22m | 执行自定义脚本...[39m[0m
[  99% ] [90m[1mimport[22m | 保存中...[39m[0m
[92m[ DONE ][39m [1mimport[22m
[0m
[  73% ] [90m[1mreimport[22m | grass.glb[39m[0m
[   0% ] [90m[1mimport[22m | Started 导入场景 (104 steps)[39m[0m
[   0% ] [90m[1mimport[22m | 导入场景中...[39m[0m
[   1% ] [90m[1mimport[22m | 执行自定义脚本...[39m[0m
[  99% ] [90m[1mimport[22m | 保存中...[39m[0m
[92m[ DONE ][39m [1mimport[22m
[0m
[  76% ] [90m[1mreimport[22m | grass-trees.glb[39m[0m
[   0% ] [90m[1mimport[22m | Started 导入场景 (104 steps)[39m[0m
[   0% ] [90m[1mimport[22m | 导入场景中...[39m[0m
[   1% ] [90m[1mimport[22m | 执行自定义脚本...[39m[0m
[  99% ] [90m[1mimport[22m | 保存中...[39m[0m
[92m[ DONE ][39m [1mimport[22m
[0m
[  79% ] [90m[1mreimport[22m | grass-trees-tall.glb[39m[0m
[   0% ] [90m[1mimport[22m | Started 导入场景 (104 steps)[39m[0m
[   0% ] [90m[1mimport[22m | 导入场景中...[39m[0m
[   1% ] [90m[1mimport[22m | 执行自定义脚本...[39m[0m
[  99% ] [90m[1mimport[22m | 保存中...[39m[0m
[92m[ DONE ][39m [1mimport[22m
[0m
[  82% ] [90m[1mreimport[22m | building-small-d.glb[39m[0m
[   0% ] [90m[1mimport[22m | Started 导入场景 (104 steps)[39m[0m
[   0% ] [90m[1mimport[22m | 导入场景中...[39m[0m
[   1% ] [90m[1mimport[22m | 执行自定义脚本...[39m[0m
[  99% ] [90m[1mimport[22m | 保存中...[39m[0m
[92m[ DONE ][39m [1mimport[22m
[0m
[  85% ] [90m[1mreimport[22m | building-small-c.glb[39m[0m
[   0% ] [90m[1mimport[22m | Started 导入场景 (104 steps)[39m[0m
[   0% ] [90m[1mimport[22m | 导入场景中...[39m[0m
[   1% ] [90m[1mimport[22m | 执行自定义脚本...[39m[0m
[  99% ] [90m[1mimport[22m | 保存中...[39m[0m
[92m[ DONE ][39m [1mimport[22m
[0m
[  88% ] [90m[1mreimport[22m | building-small-b.glb[39m[0m
[   0% ] [90m[1mimport[22m | Started 导入场景 (104 steps)[39m[0m
[   0% ] [90m[1mimport[22m | 导入场景中...[39m[0m
[   1% ] [90m[1mimport[22m | 执行自定义脚本...[39m[0m
[  99% ] [90m[1mimport[22m | 保存中...[39m[0m
[92m[ DONE ][39m [1mimport[22m
[0m
[  91% ] [90m[1mreimport[22m | building-small-a.glb[39m[0m
[   0% ] [90m[1mimport[22m | Started 导入场景 (104 steps)[39m[0m
[   0% ] [90m[1mimport[22m | 导入场景中...[39m[0m
[   1% ] [90m[1mimport[22m | 执行自定义脚本...[39m[0m
[  99% ] [90m[1mimport[22m | 保存中...[39m[0m
[92m[ DONE ][39m [1mimport[22m
[0m
[  94% ] [90m[1mreimport[22m | building-garage.glb[39m[0m
[   0% ] [90m[1mimport[22m | Started 导入场景 (104 steps)[39m[0m
[   0% ] [90m[1mimport[22m | 导入场景中...[39m[0m
[   1% ] [90m[1mimport[22m | 执行自定义脚本...[39m[0m
[  99% ] [90m[1mimport[22m | 保存中...[39m[0m
[92m[ DONE ][39m [1mimport[22m
[0m
[  97% ] [90m[1mreimport[22m | 正在结束资产导入……[39m[0m
[92m[ DONE ][39m [1mreimport[22m
[0m
[   0% ] [90m[1mreimport[22m | Started 正在导入或重新导入资产 (33 steps)[39m[0m
[   0% ] [90m[1mreimport[22m | 正在执行重新导入的后置操作……[39m[0m
[92m[ DONE ][39m [1mreimport[22m
[0m
[   0% ] [90m[1msavepack[22m | Started 打包中 (102 steps)[39m[0m
[   1% ] [90m[1msavepack[22m | 正在保存文件：res://.godot/imported/lilita_one_regular.ttf-68cc4ab6825bdd499d1ad608190f5213.fontdata[39m[0m
[   1% ] [90m[1msavepack[22m | 正在保存文件：res://fonts/lilita_one_regular.ttf.import[39m[0m
[   2% ] [90m[1msavepack[22m | 正在保存文件：res://.godot/imported/colormap.png-c1bc3c3aabeec406ff4b53328583776a.ctex[39m[0m
[   2% ] [90m[1msavepack[22m | 正在保存文件：res://models/Textures/colormap.png.import[39m[0m
[   4% ] [90m[1msavepack[22m | 正在保存文件：res://.godot/imported/building-garage.glb-79efa6120b759910e8bd3785cd54e418.scn[39m[0m
[   4% ] [90m[1msavepack[22m | 正在保存文件：res://models/building-garage.glb.import[39m[0m
[   6% ] [90m[1msavepack[22m | 正在保存文件：res://.godot/imported/building-small-a.glb-ebf8430e523f14eba5266940674f54ed.scn[39m[0m
[   6% ] [90m[1msavepack[22m | 正在保存文件：res://models/building-small-a.glb.import[39m[0m
[   8% ] [90m[1msavepack[22m | 正在保存文件：res://.godot/imported/building-small-b.glb-437a13e47ceef14c49e1239f5579f287.scn[39m[0m
[   8% ] [90m[1msavepack[22m | 正在保存文件：res://models/building-small-b.glb.import[39m[0m
[   9% ] [90m[1msavepack[22m | 正在保存文件：res://.godot/imported/building-small-c.glb-73a68022181ffa29853dcbcb1d8aaef9.scn[39m[0m
[   9% ] [90m[1msavepack[22m | 正在保存文件：res://models/building-small-c.glb.import[39m[0m
[  11% ] [90m[1msavepack[22m | 正在保存文件：res://.godot/imported/building-small-d.glb-5e1b608dc43429cd8ce16f120ad53455.scn[39m[0m
[  11% ] [90m[1msavepack[22m | 正在保存文件：res://models/building-small-d.glb.import[39m[0m
[  13% ] [90m[1msavepack[22m | 正在保存文件：res://.godot/imported/grass-trees-tall.glb-7300613123c00a0615ded796764a0c0a.scn[39m[0m
[  13% ] [90m[1msavepack[22m | 正在保存文件：res://models/grass-trees-tall.glb.import[39m[0m
[  15% ] [90m[1msavepack[22m | 正在保存文件：res://.godot/imported/grass-trees.glb-0492608f30e8f36fd08db19dc56a2fc4.scn[39m[0m
[  15% ] [90m[1msavepack[22m | 正在保存文件：res://models/grass-trees.glb.import[39m[0m
[  16% ] [90m[1msavepack[22m | 正在保存文件：res://.godot/imported/grass.glb-0ce858eae1c69c894a569863f13e24f1.scn[39m[0m
[  16% ] [90m[1msavepack[22m | 正在保存文件：res://models/grass.glb.import[39m[0m
[  18% ] [90m[1msavepack[22m | 正在保存文件：res://.godot/imported/pavement-fountain.glb-0424db34de6f91479f6cbd7008475b67.scn[39m[0m
[  18% ] [90m[1msavepack[22m | 正在保存文件：res://models/pavement-fountain.glb.import[39m[0m
[  20% ] [90m[1msavepack[22m | 正在保存文件：res://.godot/imported/pavement.glb-e677d053825d20c1d08d69229498f8a6.scn[39m[0m
[  20% ] [90m[1msavepack[22m | 正在保存文件：res://models/pavement.glb.import[39m[0m
[  22% ] [90m[1msavepack[22m | 正在保存文件：res://.godot/imported/road-corner.glb-d7ee80907d88726297a071be68be1fc5.scn[39m[0m
[  22% ] [90m[1msavepack[22m | 正在保存文件：res://models/road-corner.glb.import[39m[0m
[  23% ] [90m[1msavepack[22m | 正在保存文件：res://.godot/imported/road-intersection.glb-8962e4b1c3c280c3abad7b8b01fadb0a.scn[39m[0m
[  23% ] [90m[1msavepack[22m | 正在保存文件：res://models/road-intersection.glb.import[39m[0m
[  25% ] [90m[1msavepack[22m | 正在保存文件：res://.godot/imported/road-split.glb-84d39fa6e15630686f271db254fa4ade.scn[39m[0m
[  25% ] [90m[1msavepack[22m | 正在保存文件：res://models/road-split.glb.import[39m[0m
[  27% ] [90m[1msavepack[22m | 正在保存文件：res://.godot/imported/road-straight-lightposts.glb-dce683910787213a109a4c442975fdb1.scn[39m[0m
[  27% ] [90m[1msavepack[22m | 正在保存文件：res://models/road-straight-lightposts.glb.import[39m[0m
[  29% ] [90m[1msavepack[22m | 正在保存文件：res://.godot/imported/road-straight.glb-31d31cca3c90d98620d476ef869ee90d.scn[39m[0m
[  29% ] [90m[1msavepack[22m | 正在保存文件：res://models/road-straight.glb.import[39m[0m
[  30% ] [90m[1msavepack[22m | 正在保存文件：res://sample map/map.res[39m[0m
[  32% ] [90m[1msavepack[22m | 正在保存文件：res://.godot/exported/133200997/export-28bf1ccc4abadd0ff8843f0750409a65-main-environment.res[39m[0m
[  33% ] [90m[1msavepack[22m | 正在保存文件：res://.godot/exported/133200997/export-3ad5c15c4f3250da0cc7c1af1770d85f-main.scn[39m[0m
[  35% ] [90m[1msavepack[22m | 正在保存文件：res://scripts/audio.gdc[39m[0m
[  36% ] [90m[1msavepack[22m | 正在保存文件：res://scripts/builder.gdc[39m[0m
[  38% ] [90m[1msavepack[22m | 正在保存文件：res://scripts/data_map.gdc[39m[0m
[  40% ] [90m[1msavepack[22m | 正在保存文件：res://scripts/data_structure.gdc[39m[0m
[  42% ] [90m[1msavepack[22m | 正在保存文件：res://scripts/structure.gdc[39m[0m
[  43% ] [90m[1msavepack[22m | 正在保存文件：res://scripts/view.gdc[39m[0m
[  45% ] [90m[1msavepack[22m | 正在保存文件：res://.godot/imported/ambience.ogg-06f8005a28aaf7071eab8a3c7655940a.oggvorbisstr[39m[0m
[  45% ] [90m[1msavepack[22m | 正在保存文件：res://sounds/ambience.ogg.import[39m[0m
[  47% ] [90m[1msavepack[22m | 正在保存文件：res://.godot/imported/placement-a.ogg-bdb1e41ed026dd9d40a4cf95bf46f2f8.oggvorbisstr[39m[0m
[  47% ] [90m[1msavepack[22m | 正在保存文件：res://sounds/placement-a.ogg.import[39m[0m
[  49% ] [90m[1msavepack[22m | 正在保存文件：res://.godot/imported/placement-b.ogg-d700d7e7fe0800ffc3998bbf539d723e.oggvorbisstr[39m[0m
[  49% ] [90m[1msavepack[22m | 正在保存文件：res://sounds/placement-b.ogg.import[39m[0m
[  50% ] [90m[1msavepack[22m | 正在保存文件：res://.godot/imported/placement-c.ogg-0914c55e4166d68221b1f531bfaac866.oggvorbisstr[39m[0m
[  50% ] [90m[1msavepack[22m | 正在保存文件：res://sounds/placement-c.ogg.import[39m[0m
[  52% ] [90m[1msavepack[22m | 正在保存文件：res://.godot/imported/placement-d.ogg-e0662b91eb0812e10f48dc671192b2e6.oggvorbisstr[39m[0m
[  52% ] [90m[1msavepack[22m | 正在保存文件：res://sounds/placement-d.ogg.import[39m[0m
[  54% ] [90m[1msavepack[22m | 正在保存文件：res://.godot/imported/removal-a.ogg-d917c6911910529dc9d47d7785b2e382.oggvorbisstr[39m[0m
[  54% ] [90m[1msavepack[22m | 正在保存文件：res://sounds/removal-a.ogg.import[39m[0m
[  56% ] [90m[1msavepack[22m | 正在保存文件：res://.godot/imported/removal-b.ogg-c06a07f2ba569575112caae669ec8bc5.oggvorbisstr[39m[0m
[  56% ] [90m[1msavepack[22m | 正在保存文件：res://sounds/removal-b.ogg.import[39m[0m
[  57% ] [90m[1msavepack[22m | 正在保存文件：res://.godot/imported/removal-c.ogg-d4227e081d5850200b0d7221d5e128ef.oggvorbisstr[39m[0m
[  57% ] [90m[1msavepack[22m | 正在保存文件：res://sounds/removal-c.ogg.import[39m[0m
[  59% ] [90m[1msavepack[22m | 正在保存文件：res://.godot/imported/removal-d.ogg-a0f42199d9bdc9ce5fb842f46d43359d.oggvorbisstr[39m[0m
[  59% ] [90m[1msavepack[22m | 正在保存文件：res://sounds/removal-d.ogg.import[39m[0m
[  61% ] [90m[1msavepack[22m | 正在保存文件：res://.godot/imported/rotate.ogg-b4286264d3c0e679948714c50e420e7b.oggvorbisstr[39m[0m
[  61% ] [90m[1msavepack[22m | 正在保存文件：res://sounds/rotate.ogg.import[39m[0m
[  63% ] [90m[1msavepack[22m | 正在保存文件：res://.godot/imported/toggle.ogg-1f105799e2386c6ae75253b056c1336b.oggvorbisstr[39m[0m
[  63% ] [90m[1msavepack[22m | 正在保存文件：res://sounds/toggle.ogg.import[39m[0m
[  64% ] [90m[1msavepack[22m | 正在保存文件：res://.godot/imported/coin.png-54d5e156d7891d9603a51f76f85b4fd9.ctex[39m[0m
[  64% ] [90m[1msavepack[22m | 正在保存文件：res://sprites/coin.png.import[39m[0m
[  66% ] [90m[1msavepack[22m | 正在保存文件：res://.godot/imported/instructions.png-9c9313d48cdc2ce76399562162121c3a.ctex[39m[0m
[  66% ] [90m[1msavepack[22m | 正在保存文件：res://sprites/instructions.png.import[39m[0m
[  67% ] [90m[1msavepack[22m | 正在保存文件：res://.godot/imported/selector.png-a5b2e7bc2bf34414a6d0f4a4e1472988.s3tc.ctex[39m[0m
[  67% ] [90m[1msavepack[22m | 正在保存文件：res://sprites/selector.png.import[39m[0m
[  69% ] [90m[1msavepack[22m | 正在保存文件：res://.godot/exported/133200997/export-64cd2cce508f611e72c00310c2ee8fac-building-garage.res[39m[0m
[  70% ] [90m[1msavepack[22m | 正在保存文件：res://.godot/exported/133200997/export-3958d471baad7ff22308f6d8ecd3019e-building-small-a.res[39m[0m
[  72% ] [90m[1msavepack[22m | 正在保存文件：res://.godot/exported/133200997/export-b38e0a3e6f84e1ee0c9f71c5f02c5bef-building-small-b.res[39m[0m
[  74% ] [90m[1msavepack[22m | 正在保存文件：res://.godot/exported/133200997/export-be651abab68444f2cb8784af703f84f9-building-small-c.res[39m[0m
[  76% ] [90m[1msavepack[22m | 正在保存文件：res://.godot/exported/133200997/export-0571f5d90406d4ab13517fa5d614fca2-building-small-d.res[39m[0m
[  77% ] [90m[1msavepack[22m | 正在保存文件：res://.godot/exported/133200997/export-cf7aa8381445015ebb2b5031ae3f147c-grass-trees-tall.res[39m[0m
[  79% ] [90m[1msavepack[22m | 正在保存文件：res://.godot/exported/133200997/export-1be2d14bcdcc5bcfb957b63e8eb352ee-grass-trees.res[39m[0m
[  81% ] [90m[1msavepack[22m | 正在保存文件：res://.godot/exported/133200997/export-434845cb45dbc2e23e73ad6ea181220d-grass.res[39m[0m
[  83% ] [90m[1msavepack[22m | 正在保存文件：res://.godot/exported/133200997/export-f2259443a208fd1feb51547fe1c71ac2-pavement-fountain.res[39m[0m
[  84% ] [90m[1msavepack[22m | 正在保存文件：res://.godot/exported/133200997/export-80cbf522dd0a9a5952de77dfb402889d-pavement.res[39m[0m
[  86% ] [90m[1msavepack[22m | 正在保存文件：res://.godot/exported/133200997/export-0960d159c837e3d95e1b5811bbe9de2c-road-corner.res[39m[0m
[  88% ] [90m[1msavepack[22m | 正在保存文件：res://.godot/exported/133200997/export-3f64faf45f6fadd8322c54c5f987168a-road-intersection.res[39m[0m
[  90% ] [90m[1msavepack[22m | 正在保存文件：res://.godot/exported/133200997/export-7b906db1074b981ab2683d64f3917ff1-road-split.res[39m[0m
[  91% ] [90m[1msavepack[22m | 正在保存文件：res://.godot/exported/133200997/export-2c469e9659bc28257bba0800bd15388e-road-straight-lightposts.res[39m[0m
[  93% ] [90m[1msavepack[22m | 正在保存文件：res://.godot/exported/133200997/export-6429a2cdb35dcfede5a2197b6cb779ec-road-straight.res[39m[0m
[  95% ] [90m[1msavepack[22m | 正在保存文件：res://.godot/imported/icon.png-487276ed1e3a0c39cad0279d744ee560.ctex[39m[0m
[  95% ] [90m[1msavepack[22m | 正在保存文件：res://icon.png.import[39m[0m
[  97% ] [90m[1msavepack[22m | 正在保存文件：res://.godot/imported/splash-screen.png-ae6c8b07e185ee8a074576008d9ccc5a.ctex[39m[0m
[  97% ] [90m[1msavepack[22m | 正在保存文件：res://splash-screen.png.import[39m[0m
[  97% ] [90m[1msavepack[22m | 正在保存文件：res://scenes/main-environment.tres.remap[39m[0m
[  97% ] [90m[1msavepack[22m | 正在保存文件：res://scenes/main.tscn.remap[39m[0m
[  97% ] [90m[1msavepack[22m | 正在保存文件：res://scripts/audio.gd.remap[39m[0m
[  97% ] [90m[1msavepack[22m | 正在保存文件：res://scripts/builder.gd.remap[39m[0m
[  97% ] [90m[1msavepack[22m | 正在保存文件：res://scripts/data_map.gd.remap[39m[0m
[  97% ] [90m[1msavepack[22m | 正在保存文件：res://scripts/data_structure.gd.remap[39m[0m
[  97% ] [90m[1msavepack[22m | 正在保存文件：res://scripts/structure.gd.remap[39m[0m
[  97% ] [90m[1msavepack[22m | 正在保存文件：res://scripts/view.gd.remap[39m[0m
[  97% ] [90m[1msavepack[22m | 正在保存文件：res://structures/building-garage.tres.remap[39m[0m
[  97% ] [90m[1msavepack[22m | 正在保存文件：res://structures/building-small-a.tres.remap[39m[0m
[  97% ] [90m[1msavepack[22m | 正在保存文件：res://structures/building-small-b.tres.remap[39m[0m
[  97% ] [90m[1msavepack[22m | 正在保存文件：res://structures/building-small-c.tres.remap[39m[0m
[  97% ] [90m[1msavepack[22m | 正在保存文件：res://structures/building-small-d.tres.remap[39m[0m
[  97% ] [90m[1msavepack[22m | 正在保存文件：res://structures/grass-trees-tall.tres.remap[39m[0m
[  97% ] [90m[1msavepack[22m | 正在保存文件：res://structures/grass-trees.tres.remap[39m[0m
[  97% ] [90m[1msavepack[22m | 正在保存文件：res://structures/grass.tres.remap[39m[0m
[  97% ] [90m[1msavepack[22m | 正在保存文件：res://structures/pavement-fountain.tres.remap[39m[0m
[  97% ] [90m[1msavepack[22m | 正在保存文件：res://structures/pavement.tres.remap[39m[0m
[  97% ] [90m[1msavepack[22m | 正在保存文件：res://structures/road-corner.tres.remap[39m[0m
[  97% ] [90m[1msavepack[22m | 正在保存文件：res://structures/road-intersection.tres.remap[39m[0m
[  97% ] [90m[1msavepack[22m | 正在保存文件：res://structures/road-split.tres.remap[39m[0m
[  97% ] [90m[1msavepack[22m | 正在保存文件：res://structures/road-straight-lightposts.tres.remap[39m[0m
[  97% ] [90m[1msavepack[22m | 正在保存文件：res://structures/road-straight.tres.remap[39m[0m
[  97% ] [90m[1msavepack[22m | 正在保存文件：res://.godot/global_script_class_cache.cfg[39m[0m
[  97% ] [90m[1msavepack[22m | 正在保存文件：res://icon.png[39m[0m
[  97% ] [90m[1msavepack[22m | 正在保存文件：res://splash-screen.png[39m[0m
[  97% ] [90m[1msavepack[22m | 正在保存文件：res://.godot/uid_cache.bin[39m[0m
[  97% ] [90m[1msavepack[22m | 正在保存文件：res://project.binary[39m[0m
[92m[ DONE ][39m [1msavepack[22m
[0m
ERROR: Condition "_sock == (SOCKET)(~0)" is true. Returning: FAILED
   at: open (drivers/windows/net_socket_winsock.cpp:238)
ERROR: Condition "err != OK" is true. Returning: ERR_CANT_CREATE
   at: listen (core/io/tcp_server.cpp:56)
