Downloading Electron binary...
PASS create actual first-person parameter world
PASS real broker check and baseline runtime parameter
PASS real library guide is optional, keeps game chrome fixed and uses existing navigation
PASS actual gameplay and checkpoint before editing source defaults
PASS finite panel reads actual formal target configuration
PASS zero milliseconds is refused before preparing an operation
PASS persist original adjustment intent in existing workbench journal
PASS one product submission creates one source draft and real check
PASS repeat panel request replays the original check receipt
PASS actual parameter check passes and returns its exact candidate
PASS candidate identity and required runtime values bind the same world, build and check job
PASS candidate preview and close retain original formal defaults and gameplay
PASS first shutdown keeps checked draft without adopting it
PASS restart restores pending original operation and original formal runtime
PASS adopt exact checked parameter candidate
PASS formal source agrees with live runtime and preserves other target defaults
PASS stale source binding becomes a visible rejection without a write
PASS second shutdown persists adopted parameter
PASS second restart retains 500 milliseconds and every old gameplay field
PASS real default button only fills the observed target and leaves complete domain unchanged
PASS real DOM submit creates exactly one original durable default operation
PASS default uses actual bound engine check and exact candidate
PASS default preview and cancellation retain current500 and full progress
PASS actual newer gameplay after checking is saved before adopting default
PASS default adoption preserves latest complete progress and all other target values
PASS third orderly shutdown after default adoption
PASS default value and latest full progress survive process restart
PASS fourth orderly shutdown
{"out":"C:\\cm-plan-next-20260910\\test-results\\desktop-native-defaults-yED1fh","passed":true,"steps":[{"name":"create actual first-person parameter world","passed":true},{"name":"real broker check and baseline runtime parameter","passed":true},{"name":"real library guide is optional, keeps game chrome fixed and uses existing navigation","passed":true},{"name":"actual gameplay and checkpoint before editing source defaults","passed":true},{"name":"finite panel reads actual formal target configuration","passed":true},{"name":"zero milliseconds is refused before preparing an operation","passed":true},{"name":"persist original adjustment intent in existing workbench journal","passed":true},{"name":"one product submission creates one source draft and real check","passed":true},{"name":"repeat panel request replays the original check receipt","passed":true},{"name":"actual parameter check passes and returns its exact candidate","passed":true},{"name":"candidate identity and required runtime values bind the same world, build and check job","passed":true},{"name":"candidate preview and close retain original formal defaults and gameplay","passed":true},{"name":"first shutdown keeps checked draft without adopting it","passed":true},{"name":"restart restores pending original operation and original formal runtime","passed":true},{"name":"adopt exact checked parameter candidate","passed":true},{"name":"formal source agrees with live runtime and preserves other target defaults","passed":true},{"name":"stale source binding becomes a visible rejection without a write","passed":true},{"name":"second shutdown persists adopted parameter","passed":true},{"name":"second restart retains 500 milliseconds and every old gameplay field","passed":true},{"name":"real default button only fills the observed target and leaves complete domain unchanged","passed":true},{"name":"real DOM submit creates exactly one original durable default operation","passed":true},{"name":"default uses actual bound engine check and exact candidate","passed":true},{"name":"default preview and cancellation retain current500 and full progress","passed":true},{"name":"actual newer gameplay after checking is saved before adopting default","passed":true},{"name":"default adoption preserves latest complete progress and all other target values","passed":true},{"name":"third orderly shutdown after default adoption","passed":true},{"name":"default value and latest full progress survive process restart","passed":true},{"name":"fourth orderly shutdown","passed":true}]}
