(electron) 'console-message' arguments are deprecated and will be removed. Please use Event<WebContentsConsoleMessageEventParams> object instead.
Error occurred in handler for 'pi-plugin-panel-invoke': Error: GODOT_CANDIDATE_ACTIVE
    at PluginPanelHost.pluginId.pluginId [as bridge] (file:///C:/Users/WINDOWS/AppData/Local/Temp/cm-issue-followups-20260910/vendor/pi-desktop/apps/desktop/out/main/index.js:60866:364)
    at file:///C:/Users/WINDOWS/AppData/Local/Temp/cm-issue-followups-20260910/vendor/pi-desktop/apps/desktop/out/main/index.js:46884:21
    at Session.<anonymous> (node:electron/js2c/browser_init:2:118329)
    at Session.emit (node:events:509:28)
Error occurred in handler for 'pi-plugin-panel-invoke': Error: GODOT_CANDIDATE_ACTIVE
    at PluginPanelHost.pluginId.pluginId [as bridge] (file:///C:/Users/WINDOWS/AppData/Local/Temp/cm-issue-followups-20260910/vendor/pi-desktop/apps/desktop/out/main/index.js:60866:364)
    at file:///C:/Users/WINDOWS/AppData/Local/Temp/cm-issue-followups-20260910/vendor/pi-desktop/apps/desktop/out/main/index.js:46884:21
    at Session.<anonymous> (node:electron/js2c/browser_init:2:118329)
    at Session.emit (node:events:509:28)
Error occurred in handler for 'pi-plugin-panel-invoke': Error: ISSUE_CONTEXT_NOT_READY
    at fail$7 (file:///C:/Users/WINDOWS/AppData/Local/Temp/cm-issue-followups-20260910/vendor/pi-desktop/apps/desktop/out/main/index.js:1882:23)
    at capture (file:///C:/Users/WINDOWS/AppData/Local/Temp/cm-issue-followups-20260910/vendor/pi-desktop/apps/desktop/out/main/index.js:2070:92)
    at async execute (file:///C:/Users/WINDOWS/AppData/Local/Temp/cm-issue-followups-20260910/vendor/pi-desktop/apps/desktop/out/main/index.js:2106:22) {
  code: 'ISSUE_CONTEXT_NOT_READY'
}
Error occurred in handler for 'pi-plugin-panel-invoke': Error: ISSUE_CONTEXT_NOT_READY
    at fail$7 (file:///C:/Users/WINDOWS/AppData/Local/Temp/cm-issue-followups-20260910/vendor/pi-desktop/apps/desktop/out/main/index.js:1882:23)
    at capture (file:///C:/Users/WINDOWS/AppData/Local/Temp/cm-issue-followups-20260910/vendor/pi-desktop/apps/desktop/out/main/index.js:2070:92)
    at async execute (file:///C:/Users/WINDOWS/AppData/Local/Temp/cm-issue-followups-20260910/vendor/pi-desktop/apps/desktop/out/main/index.js:2143:22) {
  code: 'ISSUE_CONTEXT_NOT_READY'
}
