Godot Engine v4.7.2.stable.official.ed1daf0bf - https://godotengine.org

[   0% ] [90m[1mfirst_scan_filesystem[22m | Started Project initialization (5 steps)[39m[0m
[   0% ] [90m[1mfirst_scan_filesystem[22m | Scanning file structure...[39m[0m
[  16% ] [90m[1mfirst_scan_filesystem[22m | Loading global class names...[39m[0m
[  33% ] [90m[1mfirst_scan_filesystem[22m | Verifying GDExtensions...[39m[0m
[  50% ] [90m[1mfirst_scan_filesystem[22m | Creating autoload scripts...[39m[0m
[  66% ] [90m[1mfirst_scan_filesystem[22m | Initializing plugins...[39m[0m
[  83% ] [90m[1mfirst_scan_filesystem[22m | Starting file scan...[39m[0m
[92m[ DONE ][39m [1mfirst_scan_filesystem[22m
[0m
[   0% ] [90m[1mupdate_scripts_classes[22m | Started Registering global classes... (30 steps)[39m[0m
[   0% ] [90m[1mupdate_scripts_classes[22m | [39m[0m
[   3% ] [90m[1mupdate_scripts_classes[22m | [39m[0m
[   6% ] [90m[1mupdate_scripts_classes[22m | [39m[0m
[   9% ] [90m[1mupdate_scripts_classes[22m | BaseOps[39m[0m
[  12% ] [90m[1mupdate_scripts_classes[22m | [39m[0m
[  16% ] [90m[1mupdate_scripts_classes[22m | [39m[0m
[  19% ] [90m[1mupdate_scripts_classes[22m | AimQuery[39m[0m
[  22% ] [90m[1mupdate_scripts_classes[22m | AmmoCrate[39m[0m
[  25% ] [90m[1mupdate_scripts_classes[22m | AttackDispatcher[39m[0m
[  29% ] [90m[1mupdate_scripts_classes[22m | BalanceProfile[39m[0m
[  32% ] [90m[1mupdate_scripts_classes[22m | BaseWorld[39m[0m
[  35% ] [90m[1mupdate_scripts_classes[22m | CameraRig[39m[0m
[  38% ] [90m[1mupdate_scripts_classes[22m | EquipmentCatalog[39m[0m
[  41% ] [90m[1mupdate_scripts_classes[22m | EquipmentDefinition[39m[0m
[  45% ] [90m[1mupdate_scripts_classes[22m | EquipmentState[39m[0m
[  48% ] [90m[1mupdate_scripts_classes[22m | EquipmentVisuals[39m[0m
[  51% ] [90m[1mupdate_scripts_classes[22m | Interactable[39m[0m
[  54% ] [90m[1mupdate_scripts_classes[22m | Inventory[39m[0m
[  58% ] [90m[1mupdate_scripts_classes[22m | MeleeAttack[39m[0m
[  61% ] [90m[1mupdate_scripts_classes[22m | PickupItem[39m[0m
[  64% ] [90m[1mupdate_scripts_classes[22m | PlayerController[39m[0m
[  67% ] [90m[1mupdate_scripts_classes[22m | QuestDefinition[39m[0m
[  70% ] [90m[1mupdate_scripts_classes[22m | QuestTracker[39m[0m
[  74% ] [90m[1mupdate_scripts_classes[22m | RangedAttack[39m[0m
[  77% ] [90m[1mupdate_scripts_classes[22m | SaveStore[39m[0m
[  80% ] [90m[1mupdate_scripts_classes[22m | TargetDummy[39m[0m
[  83% ] [90m[1mupdate_scripts_classes[22m | WorldState[39m[0m
[  87% ] [90m[1mupdate_scripts_classes[22m | Crosshair[39m[0m
[  90% ] [90m[1mupdate_scripts_classes[22m | CrosshairStyle[39m[0m
[  93% ] [90m[1mupdate_scripts_classes[22m | Hud[39m[0m
[92m[ DONE ][39m [1mupdate_scripts_classes[22m
[0m
[   0% ] [90m[1m_update_scan_actions[22m | Started Scanning actions... (6 steps)[39m[0m
[   0% ] [90m[1m_update_scan_actions[22m | ammo_crate.obj[39m[0m
[  14% ] [90m[1m_update_scan_actions[22m | range_crate.obj[39m[0m
[  28% ] [90m[1m_update_scan_actions[22m | target_dummy.obj[39m[0m
[  42% ] [90m[1m_update_scan_actions[22m | weapon_pistol.obj[39m[0m
[  57% ] [90m[1m_update_scan_actions[22m | weapon_sword.obj[39m[0m
[  71% ] [90m[1m_update_scan_actions[22m | icon.svg[39m[0m
[92m[ DONE ][39m [1m_update_scan_actions[22m
[0m
[   0% ] [90m[1mreimport[22m | Started (Re)Importing Assets (6 steps)[39m[0m
[   0% ] [90m[1mreimport[22m | Preparing files to reimport...[39m[0m
[  14% ] [90m[1mreimport[22m | Preparing files to reimport...[39m[0m
[  28% ] [90m[1mreimport[22m | Preparing files to reimport...[39m[0m
[  42% ] [90m[1mreimport[22m | Preparing files to reimport...[39m[0m
[  57% ] [90m[1mreimport[22m | Preparing files to reimport...[39m[0m
[  71% ] [90m[1mreimport[22m | Preparing files to reimport...[39m[0m
[   0% ] [90m[1mreimport[22m | Executing pre-reimport operations...[39m[0m
[   0% ] [90m[1mreimport[22m | icon.svg[39m[0m
[  14% ] [90m[1mreimport[22m | ammo_crate.obj[39m[0m
[  28% ] [90m[1mreimport[22m | range_crate.obj[39m[0m
[  42% ] [90m[1mreimport[22m | target_dummy.obj[39m[0m
[  57% ] [90m[1mreimport[22m | weapon_pistol.obj[39m[0m
[  71% ] [90m[1mreimport[22m | weapon_sword.obj[39m[0m
[  85% ] [90m[1mreimport[22m | Finalizing Asset Import...[39m[0m
[92m[ DONE ][39m [1mreimport[22m
[0m
[   0% ] [90m[1mreimport[22m | Started (Re)Importing Assets (6 steps)[39m[0m
[   0% ] [90m[1mreimport[22m | Executing post-reimport operations...[39m[0m
[92m[ DONE ][39m [1mreimport[22m
[0m
[   0% ] [90m[1mloading_editor_layout[22m | Started Loading editor (5 steps)[39m[0m
[   0% ] [90m[1mloading_editor_layout[22m | Loading editor layout...[39m[0m
[  16% ] [90m[1mloading_editor_layout[22m | Loading docks...[39m[0m
[92m[ DONE ][39m [1mloading_editor_layout[22m
[0m
ERROR: Couldn't find the given section "preset.0" and key "include_filter", and no default was given.
   at: get_value (core/io/config_file.cpp:60)
ERROR: Couldn't find the given section "preset.0" and key "exclude_filter", and no default was given.
   at: get_value (core/io/config_file.cpp:60)
ERROR: Couldn't find the given section "preset.0" and key "include_filter", and no default was given.
   at: get_value (core/io/config_file.cpp:60)
ERROR: Couldn't find the given section "preset.0" and key "exclude_filter", and no default was given.
   at: get_value (core/io/config_file.cpp:60)

Error: managed-import: Godot reported an error