Godot Engine v4.7.2.stable.official.ed1daf0bf - https://godotengine.org

ERROR: Condition "res != ((HRESULT)0x00000000)" is true. Returning: String()
   at: get_system_dir (platform/windows/os_windows.cpp:2502)
ERROR: Condition "res != ((HRESULT)0x00000000)" is true. Returning: String()
   at: get_system_dir (platform/windows/os_windows.cpp:2502)
ERROR: Call to GetAdaptersAddresses failed with error 5.
   at: get_local_interfaces (drivers/windows/ip_windows.cpp:117)
ERROR: Method/function failed. Returning: ""
   at: get_filesystem_type (drivers/windows/dir_access_windows.cpp:412)
ERROR: Method/function failed. Returning: ""
   at: get_filesystem_type (drivers/windows/dir_access_windows.cpp:412)
ERROR: Condition "res != ((HRESULT)0x00000000)" is true. Returning: String()
   at: get_system_dir (platform/windows/os_windows.cpp:2502)
ERROR: Condition "res != ((HRESULT)0x00000000)" is true. Returning: String()
   at: get_system_dir (platform/windows/os_windows.cpp:2502)
ERROR: Condition "_sock == (SOCKET)(~0)" is true. Returning: FAILED
   at: open (drivers/windows/net_socket_winsock.cpp:238)
ERROR: Condition "err != OK" is true. Returning: ERR_CANT_CREATE
   at: listen (core/io/tcp_server.cpp:56)
[   0% ] [90m[1mfirst_scan_filesystem[22m | Started 项目初始化 (5 steps)[39m[0m
[   0% ] [90m[1mfirst_scan_filesystem[22m | 正在扫描文件结构……[39m[0m
[  16% ] [90m[1mfirst_scan_filesystem[22m | 正在加载全局类名……[39m[0m
[  33% ] [90m[1mfirst_scan_filesystem[22m | 正在校验 GDExtension……[39m[0m
[  50% ] [90m[1mfirst_scan_filesystem[22m | 正在创建自动加载脚本……[39m[0m
[  66% ] [90m[1mfirst_scan_filesystem[22m | 正在初始化插件……[39m[0m
ERROR: Condition "_sock == (SOCKET)(~0)" is true. Returning: FAILED
   at: open (drivers/windows/net_socket_winsock.cpp:238)
   GDScript backtrace (most recent call first):
       [0] _connect (res://sandbox_probe/probe.gd:61)
       [1] run (res://sandbox_probe/probe.gd:42)
       [2] _enter_tree (res://sandbox_probe/plugin.gd:9)
ERROR: Could not create child process: "D:\Craftmine World\test-results\godot-remaining-b\test-results\broker-cases\b-20260909170359926-23212\tasks\b-exportweb-1788973453371\bin\Godot_v4.7.2-stable_win64.exe" --headless --version
   at: create_process (platform/windows/os_windows.cpp:1589)
   GDScript backtrace (most recent call first):
       [0] _spawn (res://sandbox_probe/probe.gd:81)
       [1] run (res://sandbox_probe/probe.gd:44)
       [2] _enter_tree (res://sandbox_probe/plugin.gd:9)
ERROR: Condition "_sock == (SOCKET)(~0)" is true. Returning: FAILED
   at: open (drivers/windows/net_socket_winsock.cpp:238)
   GDScript backtrace (most recent call first):
       [0] _connect (res://sandbox_probe/probe.gd:61)
       [1] run (res://sandbox_probe/probe.gd:42)
       [2] _init (res://probe_resource.gd:9)
       [3] _enter_tree (res://sandbox_probe/plugin.gd:11)
ERROR: Could not create child process: "D:\Craftmine World\test-results\godot-remaining-b\test-results\broker-cases\b-20260909170359926-23212\tasks\b-exportweb-1788973453371\bin\Godot_v4.7.2-stable_win64.exe" --headless --version
   at: create_process (platform/windows/os_windows.cpp:1589)
   GDScript backtrace (most recent call first):
       [0] _spawn (res://sandbox_probe/probe.gd:81)
       [1] run (res://sandbox_probe/probe.gd:44)
       [2] _init (res://probe_resource.gd:9)
       [3] _enter_tree (res://sandbox_probe/plugin.gd:11)
[  83% ] [90m[1mfirst_scan_filesystem[22m | 正在启动文件扫描……[39m[0m
[92m[ DONE ][39m [1mfirst_scan_filesystem[22m
[0m
[   0% ] [90m[1mupdate_scripts_classes[22m | Started 正在注册全局类…… (4 steps)[39m[0m
[   0% ] [90m[1mupdate_scripts_classes[22m | [39m[0m
[  20% ] [90m[1mupdate_scripts_classes[22m | [39m[0m
[  40% ] [90m[1mupdate_scripts_classes[22m | [39m[0m
[  60% ] [90m[1mupdate_scripts_classes[22m | [39m[0m
[92m[ DONE ][39m [1mupdate_scripts_classes[22m
[0m
[   0% ] [90m[1msavepack[22m | Started 打包中 (102 steps)[39m[0m
[   1% ] [90m[1msavepack[22m | 正在保存文件：res://sandbox_probe/plugin.gdc[39m[0m
[  17% ] [90m[1msavepack[22m | 正在保存文件：res://sandbox_probe/probe.gdc[39m[0m
[  33% ] [90m[1msavepack[22m | 正在保存文件：res://main.gdc[39m[0m
[  50% ] [90m[1msavepack[22m | 正在保存文件：res://.godot/exported/133200997/export-3070c538c03ee49b7677ff960a3f5195-main.scn[39m[0m
[  66% ] [90m[1msavepack[22m | 正在保存文件：res://probe_resource.gdc[39m[0m
ERROR: Condition "_sock == (SOCKET)(~0)" is true. Returning: FAILED
   at: open (drivers/windows/net_socket_winsock.cpp:238)
   GDScript backtrace (most recent call first):
       [0] _connect (res://sandbox_probe/probe.gd:61)
       [1] run (res://sandbox_probe/probe.gd:42)
       [2] _init (res://probe_resource.gd:9)
ERROR: Could not create child process: "D:\Craftmine World\test-results\godot-remaining-b\test-results\broker-cases\b-20260909170359926-23212\tasks\b-exportweb-1788973453371\bin\Godot_v4.7.2-stable_win64.exe" --headless --version
   at: create_process (platform/windows/os_windows.cpp:1589)
   GDScript backtrace (most recent call first):
       [0] _spawn (res://sandbox_probe/probe.gd:81)
       [1] run (res://sandbox_probe/probe.gd:44)
       [2] _init (res://probe_resource.gd:9)
[  82% ] [90m[1msavepack[22m | 正在保存文件：res://.godot/exported/133200997/export-c8db7da73c0c5d2eebfc0496f635fbee-probe_resource.res[39m[0m
[  82% ] [90m[1msavepack[22m | 正在保存文件：res://sandbox_probe/plugin.gd.remap[39m[0m
[  82% ] [90m[1msavepack[22m | 正在保存文件：res://sandbox_probe/probe.gd.remap[39m[0m
[  82% ] [90m[1msavepack[22m | 正在保存文件：res://main.gd.remap[39m[0m
[  82% ] [90m[1msavepack[22m | 正在保存文件：res://main.tscn.remap[39m[0m
[  82% ] [90m[1msavepack[22m | 正在保存文件：res://probe_resource.gd.remap[39m[0m
[  82% ] [90m[1msavepack[22m | 正在保存文件：res://probe_resource.tres.remap[39m[0m
[  82% ] [90m[1msavepack[22m | 正在保存文件：res://.godot/global_script_class_cache.cfg[39m[0m
[  82% ] [90m[1msavepack[22m | 正在保存文件：res://.godot/uid_cache.bin[39m[0m
[  82% ] [90m[1msavepack[22m | 正在保存文件：res://project.binary[39m[0m
[92m[ DONE ][39m [1msavepack[22m
[0m
ERROR: Condition "_sock == (SOCKET)(~0)" is true. Returning: FAILED
   at: open (drivers/windows/net_socket_winsock.cpp:238)
ERROR: Condition "err != OK" is true. Returning: ERR_CANT_CREATE
   at: listen (core/io/tcp_server.cpp:56)
