TAP version 13
# Subtest: human-assisted real model cases remain in the autonomous denominator
not ok 1 - human-assisted real model cases remain in the autonomous denominator
  ---
  duration_ms: 2.337556
  type: 'test'
  location: '/mnt/data/craftmine_work/tests/creation-model-metrics.test.mjs:5:1'
  failureType: 'testCodeFailure'
  error: |-
    Expected values to be strictly equal:
    
    1 !== 2
    
  code: 'ERR_ASSERTION'
  name: 'AssertionError'
  expected: 2
  actual: 1
  operator: 'strictEqual'
  stack: |-
    TestContext.<anonymous> (file:///mnt/data/craftmine_work/tests/creation-model-metrics.test.mjs:10:10)
    Test.runInAsyncScope (node:async_hooks:214:14)
    Test.run (node:internal/test_runner/test:1047:25)
    Test.start (node:internal/test_runner/test:944:17)
    startSubtestAfterBootstrap (node:internal/test_runner/harness:296:17)
  ...
# Subtest: an all-human-assisted run has zero autonomous success, not null
not ok 2 - an all-human-assisted run has zero autonomous success, not null
  ---
  duration_ms: 0.261754
  type: 'test'
  location: '/mnt/data/craftmine_work/tests/creation-model-metrics.test.mjs:15:1'
  failureType: 'testCodeFailure'
  error: |-
    Expected values to be strictly equal:
    
    0 !== 1
    
  code: 'ERR_ASSERTION'
  name: 'AssertionError'
  expected: 1
  actual: 0
  operator: 'strictEqual'
  stack: |-
    TestContext.<anonymous> (file:///mnt/data/craftmine_work/tests/creation-model-metrics.test.mjs:17:10)
    Test.runInAsyncScope (node:async_hooks:214:14)
    Test.run (node:internal/test_runner/test:1047:25)
    Test.processPendingSubtests (node:internal/test_runner/test:744:18)
    Test.postRun (node:internal/test_runner/test:1173:19)
    Test.run (node:internal/test_runner/test:1101:12)
    async startSubtestAfterBootstrap (node:internal/test_runner/harness:296:3)
  ...
# Subtest: a contradictory pass label never overrides recorded human intervention
not ok 3 - a contradictory pass label never overrides recorded human intervention
  ---
  duration_ms: 0.241574
  type: 'test'
  location: '/mnt/data/craftmine_work/tests/creation-model-metrics.test.mjs:21:1'
  failureType: 'testCodeFailure'
  error: |-
    Expected values to be strictly equal:
    
    null !== 0
    
  code: 'ERR_ASSERTION'
  name: 'AssertionError'
  expected: 0
  actual: ~
  operator: 'strictEqual'
  stack: |-
    TestContext.<anonymous> (file:///mnt/data/craftmine_work/tests/creation-model-metrics.test.mjs:23:10)
    Test.runInAsyncScope (node:async_hooks:214:14)
    Test.run (node:internal/test_runner/test:1047:25)
    Test.processPendingSubtests (node:internal/test_runner/test:744:18)
    Test.postRun (node:internal/test_runner/test:1173:19)
    Test.run (node:internal/test_runner/test:1101:12)
    async Test.processPendingSubtests (node:internal/test_runner/test:744:7)
  ...
# Subtest: environment failures before and after a model request retain distinct denominators
ok 4 - environment failures before and after a model request retain distinct denominators
  ---
  duration_ms: 0.160562
  type: 'test'
  ...
# Subtest: no observed model calls cannot count as autonomous success
not ok 5 - no observed model calls cannot count as autonomous success
  ---
  duration_ms: 0.154313
  type: 'test'
  location: '/mnt/data/craftmine_work/tests/creation-model-metrics.test.mjs:39:1'
  failureType: 'testCodeFailure'
  error: |-
    Expected values to be strictly equal:
    
    1 !== 0
    
  code: 'ERR_ASSERTION'
  name: 'AssertionError'
  expected: 0
  actual: 1
  operator: 'strictEqual'
  stack: |-
    TestContext.<anonymous> (file:///mnt/data/craftmine_work/tests/creation-model-metrics.test.mjs:41:10)
    Test.runInAsyncScope (node:async_hooks:214:14)
    Test.run (node:internal/test_runner/test:1047:25)
    Test.processPendingSubtests (node:internal/test_runner/test:744:18)
    Test.postRun (node:internal/test_runner/test:1173:19)
    Test.run (node:internal/test_runner/test:1101:12)
    async Test.processPendingSubtests (node:internal/test_runner/test:744:7)
  ...
# Subtest: empty reports have no invented rate or price
ok 6 - empty reports have no invented rate or price
  ---
  duration_ms: 0.122625
  type: 'test'
  ...
1..6
# tests 6
# suites 0
# pass 2
# fail 4
# cancelled 0
# skipped 0
# todo 0
# duration_ms 63.45233
