✔ completed context never tries to record another correction (1.5178ms)
✔ completion during correction write returns current finished facts without renewing lease (0.3327ms)
✔ a real correction error is not hidden when the task is still running or cancelled (0.6411ms)
✔ checked completion rereads host facts and coalesces duplicate callbacks (1.9296ms)
✔ missing consent never invokes application (0.139ms)
✔ failed completion never applies (0.2948ms)
✔ cancelled completion never applies (0.1424ms)
✔ buildOnly completion never applies (0.1637ms)
✔ foreignTask completion never applies (0.199ms)
✔ staleSource completion never applies (0.2414ms)
✔ forgedProof completion never applies (0.2083ms)
✔ unready completion never applies (0.1494ms)
✔ inactive completion never applies (0.1438ms)
✔ revoked during launch prevents commit (0.2483ms)
✔ cancelled during launch prevents commit (0.1403ms)
✔ sourceChanged during launch prevents commit (0.2085ms)
✔ model-supplied proof and unbounded arguments are rejected (0.1068ms)
✔ side-view projects creation entities on x/y plane (1.1527ms)
✔ mining-sandbox uses same durable projection and preserves identity (0.1404ms)
✔ unsupported base is rejected before rendering (0.6785ms)
✔ host freezes sample and binds it to the exact project/session/turn (4.9096ms)
✔ forged renderer snapshots, another owner, and cross-session handles are rejected (0.854ms)
✔ a new-chat capture can be claimed once by the first session in its host project (1.8495ms)
✔ world, instance, build, source and expiry changes fail before binding (1.2469ms)
✔ only one concurrent turn can consume an opaque capture (1.8148ms)
✔ world consent defaults off, survives restart, and revocation applies to an active turn (4.3778ms)
✔ invalid runtime samples and mid-sample transitions never create a handle (0.7951ms)
✔ no hit preserves world context and owner revocation removes pending handles (0.6177ms)
✔ only finite host entity/ground hits become visible targets (1.2697ms)
✔ no ray hit retains world context without inventing a placement point (0.1055ms)
✔ submitted context is an isolated opaque snapshot, not a mutable aiming vector (0.0918ms)
✔ creation-world starters come from their own delivered catalog (0.2259ms)
✔ older hosts retain their legacy starter choices without inventing creation-world support (0.0842ms)
✔ the shipped catalog offers only delivered Godot bases and their templates (1.8729ms)
✔ creation requests are bounded and refuse bases this client cannot build (0.6086ms)
✔ initial progress comes from the base and never from the client (0.9854ms)
✔ core init status maps to real stages and never to a pass (0.3106ms)
✔ the shipped materializer loads from an absolute path exactly once (115.3863ms)
✔ the main process passes a path, never a pre-converted URL (2.1977ms)
✔ world ids are stable per operation and reject unsafe ids (0.2311ms)
✔ a lost reply is reconciled against the core and never deletes a registered world (1.9341ms)
✔ an unknown outcome keeps the source and reports a retryable identity (1.555ms)
✔ a world the core never registered releases its managed copy (2.0447ms)
✔ the factory registers through the core and releases only an unregistered copy (3.258ms)
✔ the main process injects the isolated Godot build verifier (1.7448ms)
✔ the create panel keeps one stable operation id for retries (0.591ms)
✔ the shipped Godot root resolves from the compiled main process directory (2.1777ms)
✔ the panel coordinator serves Godot bases, creation and real world state (0.6423ms)
ℹ tests 48
ℹ suites 0
ℹ pass 48
ℹ fail 0
ℹ cancelled 0
ℹ skipped 0
ℹ todo 0
ℹ duration_ms 462.3403
