✔ 空白底座、完整源哈希和真实引擎初始快照可实例化 (37.9501ms)
✔ 五种实体和源码生成机关均使用同一合同 (1.0429ms)
✔ creation entities retain stable identity and x/z render coordinates across reopen (1.1612ms)
✔ missing creation scene is an empty world (0.2513ms)
✔ 视图投影拒绝无效完整合同及错误参数 (0.6026ms)
✔ full CJK font retains source provenance and every text part fits the existing source transport (19.4081ms)
✔ shipped guidance and every reference hash match real versioned source (1.2379ms)
✔ actual broker catalog then paged skill/reference read uses bound source and loads text (9.608ms)
✔ unknown IDs, traversal, version, hash, forged identity and page errors fail before host reads (1.4075ms)
✔ unsupported base/engine/build gives an empty catalog and rejects pinned skill reads (4.9323ms)
✔ missing, customized and foreign interface source is rejected (0.5071ms)
✔ manifest, capabilities, initial prompt and product discovery expose the new route (3.7692ms)
✔ 造物指导按真实底座和三个接口哈希匹配，普通脚本示例可以分页读取 (14.0387ms)
✔ production plugin build includes exact guidance resources and serves a pinned body (268.2623ms)
✔ all five creation kinds produce bounded durable source patches without altering input (5.3786ms)
✔ first operation materializes the blank creation scene when a new base has no scene file (0.3826ms)
✔ modification preserves stable chest identity and immutable one-time reward declaration (0.9684ms)
✔ duplicates mint deterministic separate stable identities and reject count/occupancy limits (1.1854ms)
✔ explicit positions are bounded; here needs authoritative hit; player and obstacle overlap reject (0.8216ms)
✔ world/build/instance/source/manifest/snapshot mismatches and removed targets fail closed (0.6903ms)
✔ same operation replay returns original receipt after source moves; changed payload conflicts (0.459ms)
✔ environment edits only declared defaults and no caller-defined source or parameter escapes (0.4168ms)
✔ new sequence door emits actual deterministic source and hashed runtime declaration (1.0911ms)
✔ operation ledger is bounded and schema advertises precisely supported action branches (0.3464ms)
✔ full ledger rejects new operations without pruning replay identity (12.3936ms)
✔ reserved historical entity IDs cannot be reused after source removal (0.3725ms)
✔ players near the walking boundary can create at a valid interior target (0.1763ms)
✔ large append-only ledgers pass the former 64-entry and 120k limits and report remaining capacity (32.6459ms)
✔ creation migration preserves latest progress and historical reward ledgers and adds only fresh doors/rules (1.8121ms)
✔ explicit authored time edit takes effect while an unchanged default preserves play time (0.238ms)
✔ foreign identity and malformed progress fail before migration (0.9026ms)
✔ 静态投影保留场景版本与身份，但不能生成主机快照或玩法状态 (1.7661ms)
✔ 包围盒按实体底部与缩放后的半高计算中心，旋转交换水平边界 (0.3718ms)
✔ 平面选中仅从已验证文档推导，不声称是引擎射线 (0.3792ms)
✔ 非法场景、非数坐标与投影参数在合同边界拒绝 (0.4697ms)
✔ host-bound target uses formal build, pages real Rust limits, and advances own multi-operation source (6.8189ms)
✔ a committed lost reply is read exactly once and does not duplicate a placement (3.9119ms)
✔ forged snapshot binding, switched runtime and current player collision cannot write (3.7333ms)
✔ a wrong operation replay payload cannot silently replace the prior receipt (4.5045ms)
✔ a new task may reindex identical formal bytes but unrelated source is never rebased (5.0287ms)
✔ live observation is returned from the host provider, never from saved progress (3.7091ms)
✔ a stale or foreign sample is reported as unknown, not silently accepted (0.4435ms)
✔ the capability report exposes the real wiring state and the durable ledger (0.7346ms)
✔ godot_jobs mode=status prefers the live executor over the durable registration row (0.4372ms)
✔ a queued build job is handed to the live executor in the same turn (0.4939ms)
✔ cancel and resume reach the live executor service (0.3994ms)
✔ discussion mode still refuses every write even with live providers wired (0.7175ms)
✔ the production entry registers the full advertised tool surface (0.4574ms)
✔ the capability report shows the providers the production entry actually passed (1.7784ms)
✔ live observation from the real entry reaches the host sampler (0.6658ms)
✔ creation operation refuses model-supplied target authority before any write (0.3516ms)
ℹ tests 51
ℹ suites 0
ℹ pass 51
ℹ fail 0
ℹ cancelled 0
ℹ skipped 0
ℹ todo 0
ℹ duration_ms 497.9505
