Godot Engine v4.7.2.stable.official.ed1daf0bf - https://godotengine.org

[   0% ] [90m[1mfirst_scan_filesystem[22m | Started Project initialization (5 steps)[39m[0m
[   0% ] [90m[1mfirst_scan_filesystem[22m | Scanning file structure...[39m[0m
[  16% ] [90m[1mfirst_scan_filesystem[22m | Loading global class names...[39m[0m
[  33% ] [90m[1mfirst_scan_filesystem[22m | Verifying GDExtensions...[39m[0m
[  50% ] [90m[1mfirst_scan_filesystem[22m | Creating autoload scripts...[39m[0m
[  66% ] [90m[1mfirst_scan_filesystem[22m | Initializing plugins...[39m[0m
[  83% ] [90m[1mfirst_scan_filesystem[22m | Starting file scan...[39m[0m
[92m[ DONE ][39m [1mfirst_scan_filesystem[22m
[0m
[   0% ] [90m[1mupdate_scripts_classes[22m | Started Registering global classes... (21 steps)[39m[0m
[   0% ] [90m[1mupdate_scripts_classes[22m | [39m[0m
[   4% ] [90m[1mupdate_scripts_classes[22m | [39m[0m
[   9% ] [90m[1mupdate_scripts_classes[22m | [39m[0m
[  13% ] [90m[1mupdate_scripts_classes[22m | HumanInputSource[39m[0m
[  18% ] [90m[1mupdate_scripts_classes[22m | InputSource[39m[0m
[  22% ] [90m[1mupdate_scripts_classes[22m | ManagedInputSource[39m[0m
[  27% ] [90m[1mupdate_scripts_classes[22m | ScriptedInputSource[39m[0m
[  31% ] [90m[1mupdate_scripts_classes[22m | SideViewPlayer[39m[0m
[  36% ] [90m[1mupdate_scripts_classes[22m | [39m[0m
[  40% ] [90m[1mupdate_scripts_classes[22m | [39m[0m
[  45% ] [90m[1mupdate_scripts_classes[22m | SaveStore[39m[0m
[  50% ] [90m[1mupdate_scripts_classes[22m | SideViewConfig[39m[0m
[  54% ] [90m[1mupdate_scripts_classes[22m | [39m[0m
[  59% ] [90m[1mupdate_scripts_classes[22m | WorldState[39m[0m
[  63% ] [90m[1mupdate_scripts_classes[22m | SideViewCheckpoint[39m[0m
[  68% ] [90m[1mupdate_scripts_classes[22m | SideViewHazard[39m[0m
[  72% ] [90m[1mupdate_scripts_classes[22m | SideViewPickup[39m[0m
[  77% ] [90m[1mupdate_scripts_classes[22m | SideViewRoom[39m[0m
[  81% ] [90m[1mupdate_scripts_classes[22m | SideViewDoor[39m[0m
[  86% ] [90m[1mupdate_scripts_classes[22m | SideViewRoomManager[39m[0m
[  90% ] [90m[1mupdate_scripts_classes[22m | SideViewTarget[39m[0m
[92m[ DONE ][39m [1mupdate_scripts_classes[22m
[0m
[   0% ] [90m[1mloading_editor_layout[22m | Started Loading editor (5 steps)[39m[0m
[   0% ] [90m[1mloading_editor_layout[22m | Loading editor layout...[39m[0m
[  16% ] [90m[1mloading_editor_layout[22m | Loading docks...[39m[0m
[92m[ DONE ][39m [1mloading_editor_layout[22m
[0m
