Godot Engine v4.7.2.stable.official.ed1daf0bf - https://godotengine.org

[   0% ] [90m[1mfirst_scan_filesystem[22m | Started Project initialization (5 steps)[39m[0m
[   0% ] [90m[1mfirst_scan_filesystem[22m | Scanning file structure...[39m[0m
[  16% ] [90m[1mfirst_scan_filesystem[22m | Loading global class names...[39m[0m
[  33% ] [90m[1mfirst_scan_filesystem[22m | Verifying GDExtensions...[39m[0m
[  50% ] [90m[1mfirst_scan_filesystem[22m | Creating autoload scripts...[39m[0m
[  66% ] [90m[1mfirst_scan_filesystem[22m | Initializing plugins...[39m[0m
[  83% ] [90m[1mfirst_scan_filesystem[22m | Starting file scan...[39m[0m
[92m[ DONE ][39m [1mfirst_scan_filesystem[22m
[0m
[   0% ] [90m[1msavepack[22m | Started Packing (102 steps)[39m[0m
[   1% ] [90m[1msavepack[22m | Storing File: res://craftmine_shared/base_adapter.gdc[39m[0m
[   4% ] [90m[1msavepack[22m | Storing File: res://craftmine_shared/runtime_bridge.gdc[39m[0m
[   8% ] [90m[1msavepack[22m | Storing File: res://craftmine_shared/state_guard.gdc[39m[0m
[  11% ] [90m[1msavepack[22m | Storing File: res://params/side_view_params.json[39m[0m
[  15% ] [90m[1msavepack[22m | Storing File: res://.godot/exported/133200997/export-3ad5c15c4f3250da0cc7c1af1770d85f-main.scn[39m[0m
[  18% ] [90m[1msavepack[22m | Storing File: res://scripts/player/human_input_source.gdc[39m[0m
[  22% ] [90m[1msavepack[22m | Storing File: res://scripts/player/input_source.gdc[39m[0m
[  26% ] [90m[1msavepack[22m | Storing File: res://scripts/player/managed_input_source.gdc[39m[0m
[  29% ] [90m[1msavepack[22m | Storing File: res://scripts/player/scripted_input_source.gdc[39m[0m
[  33% ] [90m[1msavepack[22m | Storing File: res://scripts/player/side_view_player.gdc[39m[0m
[  35% ] [90m[1msavepack[22m | Storing File: res://scripts/probe/headless_verifier.gdc[39m[0m
[  39% ] [90m[1msavepack[22m | Storing File: res://scripts/runtime/main.gdc[39m[0m
[  42% ] [90m[1msavepack[22m | Storing File: res://scripts/runtime/save_store.gdc[39m[0m
[  46% ] [90m[1msavepack[22m | Storing File: res://scripts/runtime/side_view_config.gdc[39m[0m
[  50% ] [90m[1msavepack[22m | Storing File: res://scripts/runtime/side_view_runtime.gdc[39m[0m
[  53% ] [90m[1msavepack[22m | Storing File: res://scripts/runtime/world_state.gdc[39m[0m
[  57% ] [90m[1msavepack[22m | Storing File: res://scripts/world/checkpoint.gdc[39m[0m
[  60% ] [90m[1msavepack[22m | Storing File: res://scripts/world/hazard.gdc[39m[0m
[  64% ] [90m[1msavepack[22m | Storing File: res://scripts/world/pickup.gdc[39m[0m
[  66% ] [90m[1msavepack[22m | Storing File: res://scripts/world/room.gdc[39m[0m
[  70% ] [90m[1msavepack[22m | Storing File: res://scripts/world/room_door.gdc[39m[0m
[  74% ] [90m[1msavepack[22m | Storing File: res://scripts/world/room_manager.gdc[39m[0m
[  77% ] [90m[1msavepack[22m | Storing File: res://scripts/world/target.gdc[39m[0m
[  81% ] [90m[1msavepack[22m | Storing File: res://worlds/ruins/world.json[39m[0m
[  84% ] [90m[1msavepack[22m | Storing File: res://worlds/default.json[39m[0m
[  88% ] [90m[1msavepack[22m | Storing File: res://managed-base.json[39m[0m
[  91% ] [90m[1msavepack[22m | Storing File: res://manifest.json[39m[0m
[  95% ] [90m[1msavepack[22m | Storing File: res://MATERIALIZED.json[39m[0m
[  95% ] [90m[1msavepack[22m | Storing File: res://craftmine_shared/base_adapter.gd.remap[39m[0m
[  95% ] [90m[1msavepack[22m | Storing File: res://craftmine_shared/runtime_bridge.gd.remap[39m[0m
[  95% ] [90m[1msavepack[22m | Storing File: res://craftmine_shared/state_guard.gd.remap[39m[0m
[  95% ] [90m[1msavepack[22m | Storing File: res://scenes/main.tscn.remap[39m[0m
[  95% ] [90m[1msavepack[22m | Storing File: res://scripts/player/human_input_source.gd.remap[39m[0m
[  95% ] [90m[1msavepack[22m | Storing File: res://scripts/player/input_source.gd.remap[39m[0m
[  95% ] [90m[1msavepack[22m | Storing File: res://scripts/player/managed_input_source.gd.remap[39m[0m
[  95% ] [90m[1msavepack[22m | Storing File: res://scripts/player/scripted_input_source.gd.remap[39m[0m
[  95% ] [90m[1msavepack[22m | Storing File: res://scripts/player/side_view_player.gd.remap[39m[0m
[  95% ] [90m[1msavepack[22m | Storing File: res://scripts/probe/headless_verifier.gd.remap[39m[0m
[  95% ] [90m[1msavepack[22m | Storing File: res://scripts/runtime/main.gd.remap[39m[0m
[  95% ] [90m[1msavepack[22m | Storing File: res://scripts/runtime/save_store.gd.remap[39m[0m
[  95% ] [90m[1msavepack[22m | Storing File: res://scripts/runtime/side_view_config.gd.remap[39m[0m
[  95% ] [90m[1msavepack[22m | Storing File: res://scripts/runtime/side_view_runtime.gd.remap[39m[0m
[  95% ] [90m[1msavepack[22m | Storing File: res://scripts/runtime/world_state.gd.remap[39m[0m
[  95% ] [90m[1msavepack[22m | Storing File: res://scripts/world/checkpoint.gd.remap[39m[0m
[  95% ] [90m[1msavepack[22m | Storing File: res://scripts/world/hazard.gd.remap[39m[0m
[  95% ] [90m[1msavepack[22m | Storing File: res://scripts/world/pickup.gd.remap[39m[0m
[  95% ] [90m[1msavepack[22m | Storing File: res://scripts/world/room.gd.remap[39m[0m
[  95% ] [90m[1msavepack[22m | Storing File: res://scripts/world/room_door.gd.remap[39m[0m
[  95% ] [90m[1msavepack[22m | Storing File: res://scripts/world/room_manager.gd.remap[39m[0m
[  95% ] [90m[1msavepack[22m | Storing File: res://scripts/world/target.gd.remap[39m[0m
[  95% ] [90m[1msavepack[22m | Storing File: res://.godot/global_script_class_cache.cfg[39m[0m
[  95% ] [90m[1msavepack[22m | Storing File: res://.godot/uid_cache.bin[39m[0m
[  95% ] [90m[1msavepack[22m | Storing File: res://project.binary[39m[0m
[92m[ DONE ][39m [1msavepack[22m
[0m
