[pass] hello.assetCatalog -> true
[pass] hello.assetPreview -> true
[pass] hello.creationPackages -> true
[pass] hello.portableBackup -> true
[pass] hello.contentHistory -> true
[pass] hello.format -> craftmine.core/1
[pass] unknown method stays UNKNOWN_METHOD -> UNKNOWN_METHOD
[pass] asset.import is registered -> DOMAIN_ERROR
[pass] asset.read is registered -> DOMAIN_ERROR
[pass] asset.versions is registered -> DOMAIN_ERROR
[pass] asset.bodyPath is registered -> DOMAIN_ERROR
[pass] asset.search is registered -> DOMAIN_ERROR
[pass] asset.scan is registered -> DOMAIN_ERROR
[pass] asset.annotate is registered -> DOMAIN_ERROR
[pass] asset.recordUsage is registered -> DOMAIN_ERROR
[pass] asset.usage is registered -> DOMAIN_ERROR
[pass] asset.previewBegin is registered -> DOMAIN_ERROR
[pass] asset.previewFinish is registered -> DOMAIN_ERROR
[pass] asset.previewRead is registered -> DOMAIN_ERROR
[pass] asset.probe is registered -> DOMAIN_ERROR
[pass] asset.recordCheck is registered -> DOMAIN_ERROR
[pass] asset.mapLegacy is registered -> DOMAIN_ERROR
[pass] asset.resolveLegacy is registered -> DOMAIN_ERROR
[pass] package.formatCheck is registered -> OK
[pass] package.planInstall is registered -> OPERATION_ID_REQUIRED
[pass] package.register is registered -> DOMAIN_ERROR
[pass] package.check is registered -> PARAMS_OBJECT_REQUIRED
[pass] package.install is registered -> DOMAIN_ERROR
[pass] package.list is registered -> OK
[pass] package.read is registered -> DOMAIN_ERROR
[pass] package.progress is registered -> DOMAIN_ERROR
[pass] package.grant is registered -> DOMAIN_ERROR
[pass] package.upgrade is registered -> DOMAIN_ERROR
[pass] package.uninstall is registered -> DOMAIN_ERROR
[pass] package.restore is registered -> DOMAIN_ERROR
[pass] package.export is registered -> DOMAIN_ERROR
[pass] package.import is registered -> DOMAIN_ERROR
[pass] package.usage is registered -> PARAMS_OBJECT_REQUIRED
[pass] backup.exportPortable is registered -> DOMAIN_ERROR
[pass] backup.inspectPortable is registered -> DOMAIN_ERROR
[pass] backup.verifyPortable is registered -> DOMAIN_ERROR
[pass] backup.restorePortable is registered -> DOMAIN_ERROR
[pass] backup.protectedRefs is registered -> OK
[pass] backup.releasePortable is registered -> DOMAIN_ERROR
[pass] backup.export-full is registered -> DOMAIN_ERROR
[pass] backup.verify is registered -> PARAMS_OBJECT_REQUIRED
[pass] backup.restore-full is registered -> PARAMS_OBJECT_REQUIRED
[pass] backup.contentUsage is registered -> OK
[pass] legacy.convert is registered -> DOMAIN_ERROR
[pass] package.formatCheck canonicalizes text -> {"canonical":"{\"a\":2,\"b\":1}","contentHash":"d3626ac30a87e6f7a6428233b3c68299976865fa5508e4267c5415c76af7a772"}
[pass] backup.protectedRefs answers an empty pin set -> {"archives":0,"assetBlobs":[],"builds":[],"format":"craftmine.backup-protection/1","gitRefs":[],"godotAssetBodies":[],"legacyImports":[],"ownedByOthers":["assetBodies","gitHistory","buildCopies"],"repositories":[],"sourceBlobs":[],"worldId":null}
[pass] backup.contentUsage answers a usage report -> {"instances":0,"legacyImports":0,"packages":0,"rebuildable":[{"excluded":true,"kind":"godot-import-cache","reason":"regenerated by the Godot importer from the backed-up source"},{"excluded":true,"kind":"godot-build-artifacts","reason":"rebuilt by the managed build job from the backed-up source"},{"excluded":true,"kind":"godot-export-artifacts","reason":"rebuilt from an applied build instead of being shipped"}]}
[pass] content.apply.confirm rejects the self-attested shape -> DOMAIN_ERROR
[pass] content.apply.confirm requires a durable operation -> CONTENT_OPERATION_NOT_FOUND

SUMMARY: 54 passed, 0 failed, 54 checks
