Godot Engine v4.7.2.stable.official.ed1daf0bf - https://godotengine.org

[   0% ] [90m[1mfirst_scan_filesystem[22m | Started 项目初始化 (5 steps)[39m[0m
[   0% ] [90m[1mfirst_scan_filesystem[22m | 正在扫描文件结构……[39m[0m
[  16% ] [90m[1mfirst_scan_filesystem[22m | 正在加载全局类名……[39m[0m
[  33% ] [90m[1mfirst_scan_filesystem[22m | 正在校验 GDExtension……[39m[0m
[  50% ] [90m[1mfirst_scan_filesystem[22m | 正在创建自动加载脚本……[39m[0m
[  66% ] [90m[1mfirst_scan_filesystem[22m | 正在初始化插件……[39m[0m
[  83% ] [90m[1mfirst_scan_filesystem[22m | 正在启动文件扫描……[39m[0m
[92m[ DONE ][39m [1mfirst_scan_filesystem[22m
[0m
[   0% ] [90m[1mupdate_scripts_classes[22m | Started 正在注册全局类…… (28 steps)[39m[0m
[   0% ] [90m[1mupdate_scripts_classes[22m | BaseOps[39m[0m
[   3% ] [90m[1mupdate_scripts_classes[22m | [39m[0m
[   6% ] [90m[1mupdate_scripts_classes[22m | [39m[0m
[  10% ] [90m[1mupdate_scripts_classes[22m | AimQuery[39m[0m
[  13% ] [90m[1mupdate_scripts_classes[22m | AmmoCrate[39m[0m
[  17% ] [90m[1mupdate_scripts_classes[22m | AttackDispatcher[39m[0m
[  20% ] [90m[1mupdate_scripts_classes[22m | BalanceProfile[39m[0m
[  24% ] [90m[1mupdate_scripts_classes[22m | BaseWorld[39m[0m
[  27% ] [90m[1mupdate_scripts_classes[22m | CameraRig[39m[0m
[  31% ] [90m[1mupdate_scripts_classes[22m | EquipmentCatalog[39m[0m
[  34% ] [90m[1mupdate_scripts_classes[22m | EquipmentDefinition[39m[0m
[  37% ] [90m[1mupdate_scripts_classes[22m | EquipmentState[39m[0m
[  41% ] [90m[1mupdate_scripts_classes[22m | EquipmentVisuals[39m[0m
[  44% ] [90m[1mupdate_scripts_classes[22m | Interactable[39m[0m
[  48% ] [90m[1mupdate_scripts_classes[22m | Inventory[39m[0m
[  51% ] [90m[1mupdate_scripts_classes[22m | MeleeAttack[39m[0m
[  55% ] [90m[1mupdate_scripts_classes[22m | PickupItem[39m[0m
[  58% ] [90m[1mupdate_scripts_classes[22m | PlayerController[39m[0m
[  62% ] [90m[1mupdate_scripts_classes[22m | QuestDefinition[39m[0m
[  65% ] [90m[1mupdate_scripts_classes[22m | QuestTracker[39m[0m
[  68% ] [90m[1mupdate_scripts_classes[22m | RangedAttack[39m[0m
[  72% ] [90m[1mupdate_scripts_classes[22m | SaveStore[39m[0m
[  75% ] [90m[1mupdate_scripts_classes[22m | TargetDummy[39m[0m
[  79% ] [90m[1mupdate_scripts_classes[22m | WorldState[39m[0m
[  82% ] [90m[1mupdate_scripts_classes[22m | Crosshair[39m[0m
[  86% ] [90m[1mupdate_scripts_classes[22m | CrosshairStyle[39m[0m
[  89% ] [90m[1mupdate_scripts_classes[22m | Hud[39m[0m
[  93% ] [90m[1mupdate_scripts_classes[22m | [39m[0m
[92m[ DONE ][39m [1mupdate_scripts_classes[22m
[0m
[   0% ] [90m[1m_update_scan_actions[22m | Started 正在扫描动作…… (6 steps)[39m[0m
[   0% ] [90m[1m_update_scan_actions[22m | ammo_crate.obj[39m[0m
[  14% ] [90m[1m_update_scan_actions[22m | range_crate.obj[39m[0m
[  28% ] [90m[1m_update_scan_actions[22m | target_dummy.obj[39m[0m
[  42% ] [90m[1m_update_scan_actions[22m | weapon_pistol.obj[39m[0m
[  57% ] [90m[1m_update_scan_actions[22m | weapon_sword.obj[39m[0m
[  71% ] [90m[1m_update_scan_actions[22m | icon.svg[39m[0m
[92m[ DONE ][39m [1m_update_scan_actions[22m
[0m
[   0% ] [90m[1mreimport[22m | Started 正在导入或重新导入资产 (6 steps)[39m[0m
[   0% ] [90m[1mreimport[22m | 正在准备重新导入文件……[39m[0m
[  14% ] [90m[1mreimport[22m | 正在准备重新导入文件……[39m[0m
[  28% ] [90m[1mreimport[22m | 正在准备重新导入文件……[39m[0m
[  42% ] [90m[1mreimport[22m | 正在准备重新导入文件……[39m[0m
[  57% ] [90m[1mreimport[22m | 正在准备重新导入文件……[39m[0m
[  71% ] [90m[1mreimport[22m | 正在准备重新导入文件……[39m[0m
[   0% ] [90m[1mreimport[22m | 正在执行重新导入的前置操作……[39m[0m
[   0% ] [90m[1mreimport[22m | icon.svg[39m[0m
[  14% ] [90m[1mreimport[22m | ammo_crate.obj[39m[0m
[  28% ] [90m[1mreimport[22m | range_crate.obj[39m[0m
[  42% ] [90m[1mreimport[22m | target_dummy.obj[39m[0m
[  57% ] [90m[1mreimport[22m | weapon_pistol.obj[39m[0m
[  71% ] [90m[1mreimport[22m | weapon_sword.obj[39m[0m
[  85% ] [90m[1mreimport[22m | 正在结束资产导入……[39m[0m
[92m[ DONE ][39m [1mreimport[22m
[0m
[   0% ] [90m[1mreimport[22m | Started 正在导入或重新导入资产 (6 steps)[39m[0m
[   0% ] [90m[1mreimport[22m | 正在执行重新导入的后置操作……[39m[0m
[92m[ DONE ][39m [1mreimport[22m
[0m
[   0% ] [90m[1mloading_editor_layout[22m | Started 正在加载编辑器 (5 steps)[39m[0m
[   0% ] [90m[1mloading_editor_layout[22m | 正在加载编辑器布局……[39m[0m
[  16% ] [90m[1mloading_editor_layout[22m | 正在加载停靠面板……[39m[0m
[92m[ DONE ][39m [1mloading_editor_layout[22m
[0m

ERROR: Condition "res != ((HRESULT)0x00000000)" is true. Returning: String()
   at: get_system_dir (platform/windows/os_windows.cpp:2502)
ERROR: Condition "res != ((HRESULT)0x00000000)" is true. Returning: String()
   at: get_system_dir (platform/windows/os_windows.cpp:2502)
ERROR: Condition "res != ((HRESULT)0x00000000)" is true. Returning: String()
   at: get_system_dir (platform/windows/os_windows.cpp:2502)
ERROR: Condition "res != ((HRESULT)0x00000000)" is true. Returning: String()
   at: get_system_dir (platform/windows/os_windows.cpp:2502)
