Godot Engine v4.7.2.stable.official.ed1daf0bf - https://godotengine.org

ERROR: Condition "res != ((HRESULT)0x00000000)" is true. Returning: String()
   at: get_system_dir (platform/windows/os_windows.cpp:2502)
ERROR: Condition "res != ((HRESULT)0x00000000)" is true. Returning: String()
   at: get_system_dir (platform/windows/os_windows.cpp:2502)
ERROR: Call to GetAdaptersAddresses failed with error 5.
   at: get_local_interfaces (drivers/windows/ip_windows.cpp:117)
ERROR: Method/function failed. Returning: ""
   at: get_filesystem_type (drivers/windows/dir_access_windows.cpp:412)
ERROR: Method/function failed. Returning: ""
   at: get_filesystem_type (drivers/windows/dir_access_windows.cpp:412)
ERROR: Condition "res != ((HRESULT)0x00000000)" is true. Returning: String()
   at: get_system_dir (platform/windows/os_windows.cpp:2502)
ERROR: Condition "res != ((HRESULT)0x00000000)" is true. Returning: String()
   at: get_system_dir (platform/windows/os_windows.cpp:2502)
ERROR: Condition "_sock == (SOCKET)(~0)" is true. Returning: FAILED
   at: open (drivers/windows/net_socket_winsock.cpp:238)
ERROR: Condition "err != OK" is true. Returning: ERR_CANT_CREATE
   at: listen (core/io/tcp_server.cpp:56)
[   0% ] [90m[1mfirst_scan_filesystem[22m | Started 项目初始化 (5 steps)[39m[0m
[   0% ] [90m[1mfirst_scan_filesystem[22m | 正在扫描文件结构……[39m[0m
[  16% ] [90m[1mfirst_scan_filesystem[22m | 正在加载全局类名……[39m[0m
[  33% ] [90m[1mfirst_scan_filesystem[22m | 正在校验 GDExtension……[39m[0m
[  50% ] [90m[1mfirst_scan_filesystem[22m | 正在创建自动加载脚本……[39m[0m
[  66% ] [90m[1mfirst_scan_filesystem[22m | 正在初始化插件……[39m[0m
[  83% ] [90m[1mfirst_scan_filesystem[22m | 正在启动文件扫描……[39m[0m
[92m[ DONE ][39m [1mfirst_scan_filesystem[22m
[0m
[   0% ] [90m[1mupdate_scripts_classes[22m | Started 正在注册全局类…… (22 steps)[39m[0m
[   0% ] [90m[1mupdate_scripts_classes[22m | [39m[0m
[   4% ] [90m[1mupdate_scripts_classes[22m | [39m[0m
[   8% ] [90m[1mupdate_scripts_classes[22m | [39m[0m
[  13% ] [90m[1mupdate_scripts_classes[22m | [39m[0m
[  17% ] [90m[1mupdate_scripts_classes[22m | HumanInputSource[39m[0m
[  21% ] [90m[1mupdate_scripts_classes[22m | InputSource[39m[0m
[  26% ] [90m[1mupdate_scripts_classes[22m | ManagedInputSource[39m[0m
[  30% ] [90m[1mupdate_scripts_classes[22m | ScriptedInputSource[39m[0m
[  34% ] [90m[1mupdate_scripts_classes[22m | SideViewPlayer[39m[0m
[  39% ] [90m[1mupdate_scripts_classes[22m | [39m[0m
[  43% ] [90m[1mupdate_scripts_classes[22m | [39m[0m
[  47% ] [90m[1mupdate_scripts_classes[22m | SaveStore[39m[0m
[  52% ] [90m[1mupdate_scripts_classes[22m | SideViewConfig[39m[0m
[  56% ] [90m[1mupdate_scripts_classes[22m | [39m[0m
[  60% ] [90m[1mupdate_scripts_classes[22m | WorldState[39m[0m
[  65% ] [90m[1mupdate_scripts_classes[22m | SideViewCheckpoint[39m[0m
[  69% ] [90m[1mupdate_scripts_classes[22m | SideViewHazard[39m[0m
[  73% ] [90m[1mupdate_scripts_classes[22m | SideViewPickup[39m[0m
[  78% ] [90m[1mupdate_scripts_classes[22m | SideViewRoom[39m[0m
[  82% ] [90m[1mupdate_scripts_classes[22m | SideViewDoor[39m[0m
[  86% ] [90m[1mupdate_scripts_classes[22m | SideViewRoomManager[39m[0m
[  91% ] [90m[1mupdate_scripts_classes[22m | SideViewTarget[39m[0m
[92m[ DONE ][39m [1mupdate_scripts_classes[22m
[0m
[   0% ] [90m[1msavepack[22m | Started 打包中 (102 steps)[39m[0m
[   1% ] [90m[1msavepack[22m | 正在保存文件：res://_craftmine_standalone/bootstrap.gdc[39m[0m
[   4% ] [90m[1msavepack[22m | 正在保存文件：res://_craftmine_standalone/initial.json[39m[0m
[   7% ] [90m[1msavepack[22m | 正在保存文件：res://craftmine_shared/base_adapter.gdc[39m[0m
[  11% ] [90m[1msavepack[22m | 正在保存文件：res://craftmine_shared/runtime_bridge.gdc[39m[0m
[  14% ] [90m[1msavepack[22m | 正在保存文件：res://craftmine_shared/state_guard.gdc[39m[0m
[  17% ] [90m[1msavepack[22m | 正在保存文件：res://params/side_view_params.json[39m[0m
[  21% ] [90m[1msavepack[22m | 正在保存文件：res://.godot/exported/133200997/export-3ad5c15c4f3250da0cc7c1af1770d85f-main.scn[39m[0m
[  24% ] [90m[1msavepack[22m | 正在保存文件：res://scripts/player/human_input_source.gdc[39m[0m
[  27% ] [90m[1msavepack[22m | 正在保存文件：res://scripts/player/input_source.gdc[39m[0m
[  31% ] [90m[1msavepack[22m | 正在保存文件：res://scripts/player/managed_input_source.gdc[39m[0m
[  33% ] [90m[1msavepack[22m | 正在保存文件：res://scripts/player/scripted_input_source.gdc[39m[0m
[  36% ] [90m[1msavepack[22m | 正在保存文件：res://scripts/player/side_view_player.gdc[39m[0m
[  40% ] [90m[1msavepack[22m | 正在保存文件：res://scripts/probe/headless_verifier.gdc[39m[0m
[  43% ] [90m[1msavepack[22m | 正在保存文件：res://scripts/runtime/main.gdc[39m[0m
[  46% ] [90m[1msavepack[22m | 正在保存文件：res://scripts/runtime/save_store.gdc[39m[0m
[  50% ] [90m[1msavepack[22m | 正在保存文件：res://scripts/runtime/side_view_config.gdc[39m[0m
[  53% ] [90m[1msavepack[22m | 正在保存文件：res://scripts/runtime/side_view_runtime.gdc[39m[0m
[  56% ] [90m[1msavepack[22m | 正在保存文件：res://scripts/runtime/world_state.gdc[39m[0m
[  60% ] [90m[1msavepack[22m | 正在保存文件：res://scripts/world/checkpoint.gdc[39m[0m
[  63% ] [90m[1msavepack[22m | 正在保存文件：res://scripts/world/hazard.gdc[39m[0m
[  66% ] [90m[1msavepack[22m | 正在保存文件：res://scripts/world/pickup.gdc[39m[0m
[  69% ] [90m[1msavepack[22m | 正在保存文件：res://scripts/world/room.gdc[39m[0m
[  72% ] [90m[1msavepack[22m | 正在保存文件：res://scripts/world/room_door.gdc[39m[0m
[  75% ] [90m[1msavepack[22m | 正在保存文件：res://scripts/world/room_manager.gdc[39m[0m
[  79% ] [90m[1msavepack[22m | 正在保存文件：res://scripts/world/target.gdc[39m[0m
[  82% ] [90m[1msavepack[22m | 正在保存文件：res://worlds/ruins/world.json[39m[0m
[  85% ] [90m[1msavepack[22m | 正在保存文件：res://worlds/default.json[39m[0m
[  89% ] [90m[1msavepack[22m | 正在保存文件：res://craftmine_initial_state.json[39m[0m
[  92% ] [90m[1msavepack[22m | 正在保存文件：res://manifest.json[39m[0m
[  95% ] [90m[1msavepack[22m | 正在保存文件：res://MATERIALIZED.json[39m[0m
[  95% ] [90m[1msavepack[22m | 正在保存文件：res://_craftmine_standalone/bootstrap.gd.remap[39m[0m
[  95% ] [90m[1msavepack[22m | 正在保存文件：res://craftmine_shared/base_adapter.gd.remap[39m[0m
[  95% ] [90m[1msavepack[22m | 正在保存文件：res://craftmine_shared/runtime_bridge.gd.remap[39m[0m
[  95% ] [90m[1msavepack[22m | 正在保存文件：res://craftmine_shared/state_guard.gd.remap[39m[0m
[  95% ] [90m[1msavepack[22m | 正在保存文件：res://scenes/main.tscn.remap[39m[0m
[  95% ] [90m[1msavepack[22m | 正在保存文件：res://scripts/player/human_input_source.gd.remap[39m[0m
[  95% ] [90m[1msavepack[22m | 正在保存文件：res://scripts/player/input_source.gd.remap[39m[0m
[  95% ] [90m[1msavepack[22m | 正在保存文件：res://scripts/player/managed_input_source.gd.remap[39m[0m
[  95% ] [90m[1msavepack[22m | 正在保存文件：res://scripts/player/scripted_input_source.gd.remap[39m[0m
[  95% ] [90m[1msavepack[22m | 正在保存文件：res://scripts/player/side_view_player.gd.remap[39m[0m
[  95% ] [90m[1msavepack[22m | 正在保存文件：res://scripts/probe/headless_verifier.gd.remap[39m[0m
[  95% ] [90m[1msavepack[22m | 正在保存文件：res://scripts/runtime/main.gd.remap[39m[0m
[  95% ] [90m[1msavepack[22m | 正在保存文件：res://scripts/runtime/save_store.gd.remap[39m[0m
[  95% ] [90m[1msavepack[22m | 正在保存文件：res://scripts/runtime/side_view_config.gd.remap[39m[0m
[  95% ] [90m[1msavepack[22m | 正在保存文件：res://scripts/runtime/side_view_runtime.gd.remap[39m[0m
[  95% ] [90m[1msavepack[22m | 正在保存文件：res://scripts/runtime/world_state.gd.remap[39m[0m
[  95% ] [90m[1msavepack[22m | 正在保存文件：res://scripts/world/checkpoint.gd.remap[39m[0m
[  95% ] [90m[1msavepack[22m | 正在保存文件：res://scripts/world/hazard.gd.remap[39m[0m
[  95% ] [90m[1msavepack[22m | 正在保存文件：res://scripts/world/pickup.gd.remap[39m[0m
[  95% ] [90m[1msavepack[22m | 正在保存文件：res://scripts/world/room.gd.remap[39m[0m
[  95% ] [90m[1msavepack[22m | 正在保存文件：res://scripts/world/room_door.gd.remap[39m[0m
[  95% ] [90m[1msavepack[22m | 正在保存文件：res://scripts/world/room_manager.gd.remap[39m[0m
[  95% ] [90m[1msavepack[22m | 正在保存文件：res://scripts/world/target.gd.remap[39m[0m
[  95% ] [90m[1msavepack[22m | 正在保存文件：res://.godot/global_script_class_cache.cfg[39m[0m
[  95% ] [90m[1msavepack[22m | 正在保存文件：res://.godot/uid_cache.bin[39m[0m
[  95% ] [90m[1msavepack[22m | 正在保存文件：res://project.binary[39m[0m
[92m[ DONE ][39m [1msavepack[22m
[0m
ERROR: Condition "_sock == (SOCKET)(~0)" is true. Returning: FAILED
   at: open (drivers/windows/net_socket_winsock.cpp:238)
ERROR: Condition "err != OK" is true. Returning: ERR_CANT_CREATE
   at: listen (core/io/tcp_server.cpp:56)
